
========================================================================

** ELF Header Information

    File Name: Objects\utos.axf

    Machine class: ELFCLASS32 (32-bit)
    Data encoding: ELFDATA2LSB (Little endian)
    Header version: EV_CURRENT (Current version)
    Operating System ABI: none
    ABI Version: 0
    File Type: ET_EXEC (Executable) (2)
    Machine: EM_ARM (ARM)

    Image Entry point: 0x080000ed
    Flags: EF_ARM_HASENTRY (0x05000002)

    ARM ELF revision: 5 (ABI version 2)

    Built with
    Component: ARM Compiler 5.05 update 2 (build 169) Tool: armasm [4d0f2f]
    Component: ARM Compiler 5.05 update 2 (build 169) Tool: armlink [4d0f33]

    Header size: 52 bytes (0x34)
    Program header entry size: 32 bytes (0x20)
    Section header entry size: 40 bytes (0x28)

    Program header entries: 1
    Section header entries: 16

    Program header offset: 578408 (0x0008d368)
    Section header offset: 578440 (0x0008d388)

    Section header string table index: 15

========================================================================

** Program header #0 (PT_LOAD) [PF_X + PF_W + PF_R + PF_ARM_ENTRY]
    Size : 32292 bytes (26436 bytes in file)
    Virtual address: 0x08000000 (Alignment 8)


========================================================================

** Section #1 'ER_IROM1' (SHT_PROGBITS) [SHF_ALLOC + SHF_EXECINSTR]
    Size   : 26060 bytes (alignment 4)
    Address: 0x08000000


** Section #2 'RW_IRAM1' (SHT_PROGBITS) [SHF_ALLOC + SHF_WRITE]
    Size   : 376 bytes (alignment 8)
    Address: 0x20000000


** Section #3 'RW_IRAM1' (SHT_NOBITS) [SHF_ALLOC + SHF_WRITE]
    Size   : 5484 bytes (alignment 8)
    Address: 0x200002ec


** Section #4 '.debug_abbrev' (SHT_PROGBITS)
    Size   : 1476 bytes


** Section #5 '.debug_frame' (SHT_PROGBITS)
    Size   : 6780 bytes


** Section #6 '.debug_info' (SHT_PROGBITS)
    Size   : 99708 bytes


** Section #7 '.debug_line' (SHT_PROGBITS)
    Size   : 39128 bytes


** Section #8 '.debug_loc' (SHT_PROGBITS)
    Size   : 12904 bytes


** Section #9 '.debug_macinfo' (SHT_PROGBITS)
    Size   : 289044 bytes


** Section #10 '.debug_pubnames' (SHT_PROGBITS)
    Size   : 9535 bytes


** Section #11 '.symtab' (SHT_SYMTAB)
    Size   : 20608 bytes (alignment 4)
    String table #12 '.strtab'
    Last local symbol no. 876

    Symbol table .symtab (1287 symbols, 876 local)

      #  Symbol Name                Value      Bind  Sec  Type  Vis  Size
    ========================================================================

      1  $d.realdata                0x08000000   Lc    1   --   De 
      2  $t                         0x080000ec   Lc    1   --   De 
      3  $d                         0x080000f8   Lc    1   --   De 
      4  $t                         0x08000100   Lc    1   --   De 
      5  $d                         0x0800013a   Lc    1   --   De 
      6  $t                         0x0800015c   Lc    1   --   De 
      7  $d                         0x080004e4   Lc    1   --   De 
      8  $t                         0x080004e8   Lc    1   --   De 
      9  $d                         0x0800065c   Lc    1   --   De 
     10  $t                         0x08000664   Lc    1   --   De 
     11  $d                         0x08000722   Lc    1   --   De 
     12  $t                         0x08000728   Lc    1   --   De 
     13  $d                         0x08000a54   Lc    1   --   De 
     14  $t                         0x08000a74   Lc    1   --   De 
     15  $d                         0x08000aa4   Lc    1   --   De 
     16  $t                         0x08000aa8   Lc    1   --   De 
     17  $d                         0x08000ad8   Lc    1   --   De 
     18  $t                         0x08000adc   Lc    1   --   De 
     19  $d                         0x08000afe   Lc    1   --   De 
     20  $t                         0x08000b04   Lc    1   --   De 
     21  $d                         0x08000c82   Lc    1   --   De 
     22  $t                         0x08000ce4   Lc    1   --   De 
     23  $d                         0x08000d0a   Lc    1   --   De 
     24  $t                         0x08000d10   Lc    1   --   De 
     25  $d                         0x08000d20   Lc    1   --   De 
     26  $t                         0x08000d24   Lc    1   --   De 
     27  $d                         0x08000d3c   Lc    1   --   De 
     28  $t                         0x08000d40   Lc    1   --   De 
     29  $d                         0x08000d5e   Lc    1   --   De 
     30  $t                         0x08000d64   Lc    1   --   De 
     31  $d                         0x08000dbe   Lc    1   --   De 
     32  $t                         0x08000dc4   Lc    1   --   De 
     33  $d                         0x08000e5e   Lc    1   --   De 
     34  $t                         0x08000e64   Lc    1   --   De 
     35  $d                         0x08000e8a   Lc    1   --   De 
     36  $t                         0x08000e90   Lc    1   --   De 
     37  $d                         0x08000f04   Lc    1   --   De 
     38  $t                         0x08000f08   Lc    1   --   De 
     39  $d                         0x08000f5e   Lc    1   --   De 
     40  $t                         0x08000fa4   Lc    1   --   De 
     41  $d                         0x08000fd0   Lc    1   --   De 
     42  $t                         0x08000fd4   Lc    1   --   De 
     43  $d                         0x08000ff2   Lc    1   --   De 
     44  $t                         0x08000ff8   Lc    1   --   De 
     45  $d                         0x0800104a   Lc    1   --   De 
     46  $t                         0x08001050   Lc    1   --   De 
     47  $d                         0x0800108a   Lc    1   --   De 
     48  $t                         0x08001090   Lc    1   --   De 
     49  $d                         0x080010f6   Lc    1   --   De 
     50  $t                         0x080010fc   Lc    1   --   De 
     51  $d                         0x08001154   Lc    1   --   De 
     52  $t                         0x08001158   Lc    1   --   De 
     53  $d                         0x080011fe   Lc    1   --   De 
     54  $t                         0x08001218   Lc    1   --   De 
     55  $d                         0x080012be   Lc    1   --   De 
     56  $t                         0x080012d4   Lc    1   --   De 
     57  $d                         0x08001548   Lc    1   --   De 
     58  $t                         0x0800156c   Lc    1   --   De 
     59  $d                         0x080015ae   Lc    1   --   De 
     60  $t                         0x080015bc   Lc    1   --   De 
     61  $d                         0x080015d8   Lc    1   --   De 
     62  $t                         0x080015dc   Lc    1   --   De 
     63  $d                         0x080015e2   Lc    1   --   De 
     64  $t                         0x080015e8   Lc    1   --   De 
     65  $d                         0x08001676   Lc    1   --   De 
     66  $t                         0x0800167c   Lc    1   --   De 
     67  $d                         0x08001682   Lc    1   --   De 
     68  $t                         0x08001688   Lc    1   --   De 
     69  $d                         0x080016d0   Lc    1   --   De 
     70  $t                         0x080016d4   Lc    1   --   De 
     71  $d                         0x08001704   Lc    1   --   De 
     72  $t                         0x08001708   Lc    1   --   De 
     73  $d                         0x08001716   Lc    1   --   De 
     74  $t                         0x0800171c   Lc    1   --   De 
     75  $d                         0x08001782   Lc    1   --   De 
     76  $t                         0x08001788   Lc    1   --   De 
     77  $d                         0x08001794   Lc    1   --   De 
     78  $t                         0x080017a0   Lc    1   --   De 
     79  $d                         0x08001910   Lc    1   --   De 
     80  $t                         0x08001918   Lc    1   --   De 
     81  $d                         0x08001932   Lc    1   --   De 
     82  $t                         0x0800193c   Lc    1   --   De 
     83  $d                         0x08001952   Lc    1   --   De 
     84  $t                         0x0800195c   Lc    1   --   De 
     85  $d                         0x0800198e   Lc    1   --   De 
     86  $t                         0x080019a0   Lc    1   --   De 
     87  $d                         0x080019ce   Lc    1   --   De 
     88  $t                         0x080019e0   Lc    1   --   De 
     89  $d                         0x08001a0a   Lc    1   --   De 
     90  $t                         0x08001a14   Lc    1   --   De 
     91  $d                         0x08001a3e   Lc    1   --   De 
     92  $t                         0x08001a44   Lc    1   --   De 
     93  $d                         0x08001a96   Lc    1   --   De 
     94  $t                         0x08001a9c   Lc    1   --   De 
     95  $d                         0x08001ad8   Lc    1   --   De 
     96  $t                         0x08001adc   Lc    1   --   De 
     97  $d                         0x08001b16   Lc    1   --   De 
     98  $t                         0x08001b1c   Lc    1   --   De 
     99  $d                         0x08001b9a   Lc    1   --   De 
    100  $t                         0x08001bb4   Lc    1   --   De 
    101  $d                         0x08001be2   Lc    1   --   De 
    102  $t                         0x08001be8   Lc    1   --   De 
    103  $d                         0x08001c16   Lc    1   --   De 
    104  $t                         0x08001c1c   Lc    1   --   De 
    105  $d                         0x08001c4a   Lc    1   --   De 
    106  $t                         0x08001c50   Lc    1   --   De 
    107  $d                         0x08001c5a   Lc    1   --   De 
    108  $t                         0x08001c60   Lc    1   --   De 
    109  $d                         0x08001c66   Lc    1   --   De 
    110  $t                         0x08001c6c   Lc    1   --   De 
    111  $d                         0x08001c72   Lc    1   --   De 
    112  $t                         0x08001c78   Lc    1   --   De 
    113  $d                         0x08001c7e   Lc    1   --   De 
    114  $t                         0x08001c84   Lc    1   --   De 
    115  $d                         0x08001ce6   Lc    1   --   De 
    116  $t                         0x08001cf4   Lc    1   --   De 
    117  $d                         0x08001d4a   Lc    1   --   De 
    118  $t                         0x08001d54   Lc    1   --   De 
    119  $d                         0x08001de0   Lc    1   --   De 
    120  $t                         0x08001dec   Lc    1   --   De 
    121  $d                         0x08001df6   Lc    1   --   De 
    122  $t                         0x08001e00   Lc    1   --   De 
    123  $d                         0x08001f22   Lc    1   --   De 
    124  $t                         0x08001f38   Lc    1   --   De 
    125  $d                         0x08001f7e   Lc    1   --   De 
    126  $t                         0x08001f88   Lc    1   --   De 
    127  $d                         0x08001faa   Lc    1   --   De 
    128  $t                         0x08001fb0   Lc    1   --   De 
    129  $d                         0x08001fe6   Lc    1   --   De 
    130  $t                         0x08001ff8   Lc    1   --   De 
    131  $d                         0x0800202e   Lc    1   --   De 
    132  $t                         0x08002038   Lc    1   --   De 
    133  $d                         0x080020d6   Lc    1   --   De 
    134  $t                         0x080020dc   Lc    1   --   De 
    135  $d                         0x080020f6   Lc    1   --   De 
    136  $t                         0x080020fc   Lc    1   --   De 
    137  $d                         0x080021bc   Lc    1   --   De 
    138  $t                         0x080021d0   Lc    1   --   De 
    139  $d                         0x080021d6   Lc    1   --   De 
    140  $t                         0x080021dc   Lc    1   --   De 
    141  $d                         0x0800233a   Lc    1   --   De 
    142  $t                         0x080023f0   Lc    1   --   De 
    143  $d                         0x08002408   Lc    1   --   De 
    144  $t                         0x08002410   Lc    1   --   De 
    145  $d                         0x080024b2   Lc    1   --   De 
    146  $t                         0x080024c0   Lc    1   --   De 
    147  $d                         0x080024de   Lc    1   --   De 
    148  $t                         0x080024e4   Lc    1   --   De 
    149  $d                         0x08002538   Lc    1   --   De 
    150  $t                         0x08002548   Lc    1   --   De 
    151  $d                         0x08002554   Lc    1   --   De 
    152  $t                         0x08002558   Lc    1   --   De 
    153  $d                         0x0800259c   Lc    1   --   De 
    154  $t                         0x080025a8   Lc    1   --   De 
    155  $d                         0x080025c2   Lc    1   --   De 
    156  $t                         0x080025cc   Lc    1   --   De 
    157  $d                         0x08002610   Lc    1   --   De 
    158  $t                         0x08002618   Lc    1   --   De 
    159  $d                         0x08002654   Lc    1   --   De 
    160  $t                         0x08002658   Lc    1   --   De 
    161  $d                         0x08002688   Lc    1   --   De 
    162  $t                         0x0800268c   Lc    1   --   De 
    163  $d                         0x080026a4   Lc    1   --   De 
    164  $t                         0x080026ac   Lc    1   --   De 
    165  $d                         0x080026c0   Lc    1   --   De 
    166  $t                         0x080026c8   Lc    1   --   De 
    167  $d                         0x08002704   Lc    1   --   De 
    168  $t                         0x08002708   Lc    1   --   De 
    169  $d                         0x08002738   Lc    1   --   De 
    170  $t                         0x0800273c   Lc    1   --   De 
    171  $d                         0x0800275c   Lc    1   --   De 
    172  $t                         0x08002760   Lc    1   --   De 
    173  $d                         0x0800283e   Lc    1   --   De 
    174  $t                         0x08002848   Lc    1   --   De 
    175  $d                         0x080028a6   Lc    1   --   De 
    176  $t                         0x080028c0   Lc    1   --   De 
    177  $d                         0x0800297e   Lc    1   --   De 
    178  $t                         0x0800298c   Lc    1   --   De 
    179  $d                         0x08002ae2   Lc    1   --   De 
    180  $t                         0x08002af8   Lc    1   --   De 
    181  $d                         0x08002b1a   Lc    1   --   De 
    182  $t                         0x08002b24   Lc    1   --   De 
    183  $d                         0x08002b44   Lc    1   --   De 
    184  $t                         0x08002b48   Lc    1   --   De 
    185  $d                         0x08002b6a   Lc    1   --   De 
    186  $t                         0x08002b74   Lc    1   --   De 
    187  $d                         0x08002c62   Lc    1   --   De 
    188  $t                         0x08002c74   Lc    1   --   De 
    189  $d                         0x08002cb0   Lc    1   --   De 
    190  $t                         0x08002cbc   Lc    1   --   De 
    191  $d                         0x08002cda   Lc    1   --   De 
    192  $t                         0x08002ce4   Lc    1   --   De 
    193  $d                         0x08002da4   Lc    1   --   De 
    194  $t                         0x08002db4   Lc    1   --   De 
    195  $d                         0x08002e14   Lc    1   --   De 
    196  $t                         0x08002e20   Lc    1   --   De 
    197  $d                         0x08002f0e   Lc    1   --   De 
    198  $t                         0x08002f24   Lc    1   --   De 
    199  $d                         0x08002f3a   Lc    1   --   De 
    200  $t                         0x08002f44   Lc    1   --   De 
    201  $d                         0x08002fb6   Lc    1   --   De 
    202  $t                         0x08002fe4   Lc    1   --   De 
    203  $d                         0x08003032   Lc    1   --   De 
    204  $t                         0x08003044   Lc    1   --   De 
    205  $d                         0x080030a8   Lc    1   --   De 
    206  $t                         0x080030b0   Lc    1   --   De 
    207  $d                         0x08003182   Lc    1   --   De 
    208  $t                         0x080031ac   Lc    1   --   De 
    209  $d                         0x0800329e   Lc    1   --   De 
    210  $t                         0x0800334c   Lc    1   --   De 
    211  $d                         0x080033e8   Lc    1   --   De 
    212  $t                         0x080033f0   Lc    1   --   De 
    213  $d                         0x08003526   Lc    1   --   De 
    214  $t                         0x0800352c   Lc    1   --   De 
    215  $d                         0x08003584   Lc    1   --   De 
    216  $t                         0x0800359c   Lc    1   --   De 
    217  $d                         0x0800377a   Lc    1   --   De 
    218  $t                         0x080037a0   Lc    1   --   De 
    219  $d                         0x080037ba   Lc    1   --   De 
    220  $t                         0x080037c0   Lc    1   --   De 
    221  $d                         0x080037d2   Lc    1   --   De 
    222  $t                         0x080037d8   Lc    1   --   De 
    223  $d                         0x080037f4   Lc    1   --   De 
    224  $t                         0x080037fc   Lc    1   --   De 
    225  $d                         0x0800383e   Lc    1   --   De 
    226  $t                         0x08003844   Lc    1   --   De 
    227  $d                         0x08003856   Lc    1   --   De 
    228  $t                         0x0800385c   Lc    1   --   De 
    229  $d                         0x080038f4   Lc    1   --   De 
    230  $t                         0x080038f8   Lc    1   --   De 
    231  $d                         0x0800394a   Lc    1   --   De 
    232  $t                         0x0800395c   Lc    1   --   De 
    233  $d                         0x0800396a   Lc    1   --   De 
    234  $t                         0x08003970   Lc    1   --   De 
    235  $d                         0x0800397e   Lc    1   --   De 
    236  $t                         0x08003984   Lc    1   --   De 
    237  $d                         0x08003998   Lc    1   --   De 
    238  $t                         0x080039a0   Lc    1   --   De 
    239  $d                         0x080039c0   Lc    1   --   De 
    240  $t                         0x080039c8   Lc    1   --   De 
    241  $d                         0x08003a04   Lc    1   --   De 
    242  $t                         0x08003a08   Lc    1   --   De 
    243  $d                         0x08003ae0   Lc    1   --   De 
    244  $t                         0x08003af0   Lc    1   --   De 
    245  $d                         0x08003afe   Lc    1   --   De 
    246  $t                         0x08003b08   Lc    1   --   De 
    247  $d                         0x08003b10   Lc    1   --   De 
    248  $t                         0x08003b14   Lc    1   --   De 
    249  $d                         0x08003b28   Lc    1   --   De 
    250  $t                         0x08003b30   Lc    1   --   De 
    251  $d                         0x08003b40   Lc    1   --   De 
    252  $t                         0x08003b44   Lc    1   --   De 
    253  $d                         0x08003b66   Lc    1   --   De 
    254  $t                         0x08003b70   Lc    1   --   De 
    255  $d                         0x08003baa   Lc    1   --   De 
    256  $t                         0x08003bb4   Lc    1   --   De 
    257  $d                         0x08003bd0   Lc    1   --   De 
    258  $t                         0x08003be0   Lc    1   --   De 
    259  $d                         0x08003bf8   Lc    1   --   De 
    260  $t                         0x08003c08   Lc    1   --   De 
    261  $d                         0x08003e04   Lc    1   --   De 
    262  $t                         0x08003f98   Lc    1   --   De 
    263  $d                         0x08003fb4   Lc    1   --   De 
    264  $t                         0x08003fc4   Lc    1   --   De 
    265  $d                         0x08003fe0   Lc    1   --   De 
    266  $t                         0x08003ff0   Lc    1   --   De 
    267  $d                         0x0800400c   Lc    1   --   De 
    268  $t                         0x0800401c   Lc    1   --   De 
    269  $d                         0x08004020   Lc    1   --   De 
    270  $t                         0x08004024   Lc    1   --   De 
    271  $d                         0x0800404a   Lc    1   --   De 
    272  $t                         0x08004064   Lc    1   --   De 
    273  $d                         0x08004470   Lc    1   --   De 
    274  $t                         0x0800449c   Lc    1   --   De 
    275  $d                         0x0800455a   Lc    1   --   De 
    276  $t                         0x08004588   Lc    1   --   De 
    277  $d                         0x080045f6   Lc    1   --   De 
    278  $t                         0x08004660   Lc    1   --   De 
    279  $d                         0x080046b0   Lc    1   --   De 
    280  $t                         0x080046dc   Lc    1   --   De 
    281  $d                         0x0800482c   Lc    1   --   De 
    282  $t                         0x0800486c   Lc    1   --   De 
    283  $d                         0x080048f2   Lc    1   --   De 
    284  $t                         0x08004924   Lc    1   --   De 
    285  $d                         0x080049a0   Lc    1   --   De 
    286  $t                         0x080049d8   Lc    1   --   De 
    287  $d                         0x08004a30   Lc    1   --   De 
    288  $t                         0x08004a4c   Lc    1   --   De 
    289  $d                         0x08004ab4   Lc    1   --   De 
    290  $t                         0x08004af4   Lc    1   --   De 
    291  $d                         0x08004bb8   Lc    1   --   De 
    292  $t                         0x08004bf4   Lc    1   --   De 
    293  $d                         0x08004c28   Lc    1   --   De 
    294  $t                         0x08004c3c   Lc    1   --   De 
    295  $d                         0x08004c76   Lc    1   --   De 
    296  $t                         0x08004c94   Lc    1   --   De 
    297  $d                         0x08004ca2   Lc    1   --   De 
    298  $t                         0x08004cac   Lc    1   --   De 
    299  $d                         0x08004d04   Lc    1   --   De 
    300  $t                         0x08004d0c   Lc    1   --   De 
    301  $d                         0x08004d7a   Lc    1   --   De 
    302  $t                         0x08004dc4   Lc    1   --   De 
    303  $d                         0x08004df8   Lc    1   --   De 
    304  $t                         0x08004e14   Lc    1   --   De 
    305  $d                         0x080051ec   Lc    1   --   De 
    306  $t                         0x0800533c   Lc    1   --   De 
    307  $d                         0x08005380   Lc    1   --   De 
    308  $t                         0x08005388   Lc    1   --   De 
    309  $d                         0x080053b2   Lc    1   --   De 
    310  $t                         0x080053b8   Lc    1   --   De 
    311  $d                         0x080053e2   Lc    1   --   De 
    312  $t                         0x080053e8   Lc    1   --   De 
    313  $d                         0x08005412   Lc    1   --   De 
    314  $t                         0x08005420   Lc    1   --   De 
    315  $d                         0x08005428   Lc    1   --   De 
    316  $t                         0x0800542c   Lc    1   --   De 
    317  $d                         0x080054ac   Lc    1   --   De 
    318  $t                         0x080054dc   Lc    1   --   De 
    319  $d                         0x08005536   Lc    1   --   De 
    320  $t                         0x08005568   Lc    1   --   De 
    321  $d                         0x080055e4   Lc    1   --   De 
    322  $t                         0x08005614   Lc    1   --   De 
    323  $d                         0x080056b2   Lc    1   --   De 
    324  $t                         0x080056cc   Lc    1   --   De 
    325  $d                         0x080058f8   Lc    1   --   De 
    326  $t                         0x08005b1c   Lc    1   --   De 
    327  $d                         0x08005b50   Lc    1   --   De 
    328  $t                         0x08005b58   Lc    1   --   De 
    329  $d                         0x08005bba   Lc    1   --   De 
    330  $t                         0x08005bc4   Lc    1   --   De 
    331  $d                         0x08005bee   Lc    1   --   De 
    332  $t                         0x08005c08   Lc    1   --   De 
    333  $d                         0x08005cc8   Lc    1   --   De 
    334  $t                         0x08005d10   Lc    1   --   De 
    335  $d                         0x08005d44   Lc    1   --   De 
    336  $t                         0x08005d58   Lc    1   --   De 
    337  $d                         0x08005d9e   Lc    1   --   De 
    338  $t                         0x08005dc0   Lc    1   --   De 
    339  $d                         0x08005ee6   Lc    1   --   De 
    340  $t                         0x08005f60   Lc    1   --   De 
    341  $d                         0x08005f96   Lc    1   --   De 
    342  $t                         0x08005f9c   Lc    1   --   De 
    343  $d                         0x08006018   Lc    1   --   De 
    344  $t                         0x08006024   Lc    1   --   De 
    345  $d                         0x08006082   Lc    1   --   De 
    346  $t                         0x080060a0   Lc    1   --   De 
    347  $d.realdata                0x080060ac   Lc    1   --   De 
    348  $d.realdata                0x20000000   Lc    2   --   De 
    349  system\\main.c             0x00000000   Lc  Abs  File  De 
    350  system\main.c              0x00000000   Lc  Abs  File  De 
    351  i.fputc                    0x0800533c   Lc    1  Sect  De 
    352  i.main                     0x080056dc   Lc    1  Sect  De 
    353  i.print_chipid             0x08005bc4   Lc    1  Sect  De 
    354  i.usb_vcom_handler         0x08006024   Lc    1  Sect  De 
    355  .bss                       0x200002ec   Lc    3  Sect  De   0x100
    356  .data                      0x20000000   Lc    2  Sect  De   0x78
    357  system\\int.c              0x00000000   Lc  Abs  File  De 
    358  system\int.c               0x00000000   Lc  Abs  File  De 
    359  i.__BusFault_Handler       0x08003bb4   Lc    1  Sect  De 
    360  i.__DebugMon_Handler       0x08003be0   Lc    1  Sect  De 
    361  i.__HardFault_Handler      0x08003c08   Lc    1  Sect  De 
    362  i.__MemManage_Handler      0x08003f98   Lc    1  Sect  De 
    363  i.__NMI_Handler            0x08003fc4   Lc    1  Sect  De 
    364  i.__UsageFault_Handler     0x08003ff0   Lc    1  Sect  De 
    365  i.__local_irq_disable      0x08004064   Lc    1  Sect  De 
    366  i.__local_irq_enable       0x08004068   Lc    1  Sect  De 
    367  .constdata                 0x080060ac   Lc    1  Sect  De   0x71
    368  __func__                   0x080060ac   Lc    1  Data  De   0xe
    369  __func__                   0x080060ba   Lc    1  Data  De   0x14
    370  __func__                   0x080060ce   Lc    1  Data  De   0x14
    371  __func__                   0x080060e2   Lc    1  Data  De   0x13
    372  __func__                   0x080060f5   Lc    1  Data  De   0x15
    373  __func__                   0x0800610a   Lc    1  Data  De   0x13
    374  system\\common.c           0x00000000   Lc  Abs  File  De 
    375  system\common.c            0x00000000   Lc  Abs  File  De 
    376  i.__assert                 0x08004024   Lc    1  Sect  De 
    377  driver\\gpio\\gpio.c       0x00000000   Lc  Abs  File  De 
    378  driver\gpio\gpio.c         0x00000000   Lc  Abs  File  De 
    379  i.gpio_init                0x0800542c   Lc    1  Sect  De 
    380  i.gpio_read                0x080054dc   Lc    1  Sect  De 
    381  i.gpio_write               0x08005568   Lc    1  Sect  De 
    382  driver\\log\\log.c         0x00000000   Lc  Abs  File  De 
    383  driver\log\log.c           0x00000000   Lc  Abs  File  De 
    384  .data                      0x20000078   Lc    2  Sect  De   0x4
    385  driver\\uart\\uart.c       0x00000000   Lc  Abs  File  De 
    386  driver\uart\uart.c         0x00000000   Lc  Abs  File  De 
    387  i.NVIC_Configuration       0x08001d56   Lc    1  Sect  De 
    388  NVIC_Configuration         0x08001d57   Lc    1  Code  De   0x26
    389  i.USART2_IRQHandler        0x080031ac   Lc    1  Sect  De 
    390  i.USART_Config             0x08003364   Lc    1  Sect  De 
    391  i.Usart_SendByte           0x0800385c   Lc    1  Sect  De 
    392  i.Usart_SendString         0x08003894   Lc    1  Sect  De 
    393  i.uart_init                0x08005f80   Lc    1  Sect  De 
    394  i.uart_puts                0x08005f88   Lc    1  Sect  De 
    395  .bss                       0x200003ec   Lc    3  Sect  De   0x100
    396  .data                      0x2000007c   Lc    2  Sect  De   0x10
    397  i                          0x20000084   Lc    2  Data  De   0x1
    398  magic_cmd                  0x20000085   Lc    2  Data  De   0x7
    399  driver\\watchdog\\watchdog.c
                                    0x00000000   Lc  Abs  File  De 
    400  driver\watchdog\watchdog.c 0x00000000   Lc  Abs  File  De 
    401  i.IWDG_Config              0x08001c1c   Lc    1  Sect  De 
    402  i.watchdog_reset           0x080060a0   Lc    1  Sect  De 
    403  driver\\shell\\shell.c     0x00000000   Lc  Abs  File  De 
    404  driver\shell\shell.c       0x00000000   Lc  Abs  File  De 
    405  i.cmd_boot                 0x08004588   Lc    1  Sect  De 
    406  cmd_boot                   0x08004589   Lc    1  Code  De   0x6e
    407  i.cmd_cksum                0x08004660   Lc    1  Sect  De 
    408  cmd_cksum                  0x08004661   Lc    1  Code  De   0x50
    409  i.cmd_dumpb                0x080046dc   Lc    1  Sect  De 
    410  cmd_dumpb                  0x080046dd   Lc    1  Code  De   0x150
    411  i.cmd_dumpw                0x0800486c   Lc    1  Sect  De 
    412  cmd_dumpw                  0x0800486d   Lc    1  Code  De   0x86
    413  i.cmd_exec                 0x08004924   Lc    1  Sect  De 
    414  cmd_exec                   0x08004925   Lc    1  Code  De   0x7c
    415  i.cmd_find                 0x080049d8   Lc    1  Sect  De 
    416  cmd_find                   0x080049d9   Lc    1  Code  De   0x58
    417  i.cmd_fmcpy                0x08004a4c   Lc    1  Sect  De 
    418  cmd_fmcpy                  0x08004a4d   Lc    1  Code  De   0x68
    419  i.cmd_fmset                0x08004af4   Lc    1  Sect  De 
    420  cmd_fmset                  0x08004af5   Lc    1  Code  De   0xc4
    421  i.cmd_help                 0x08004bf4   Lc    1  Sect  De 
    422  cmd_help                   0x08004bf5   Lc    1  Code  De   0x34
    423  i.cmd_read                 0x08004c3c   Lc    1  Sect  De 
    424  cmd_read                   0x08004c3d   Lc    1  Code  De   0x3a
    425  i.cmd_systest              0x08004c94   Lc    1  Sect  De 
    426  cmd_systest                0x08004c95   Lc    1  Code  De   0xe
    427  i.cmd_write                0x08004cac   Lc    1  Sect  De 
    428  cmd_write                  0x08004cad   Lc    1  Code  De   0x58
    429  i.cook                     0x08004d0c   Lc    1  Sect  De 
    430  i.get_cmd_index            0x08005388   Lc    1  Sect  De 
    431  get_cmd_index              0x08005389   Lc    1  Code  De   0x2a
    432  i.parse_cmd                0x08005b58   Lc    1  Sect  De 
    433  parse_cmd                  0x08005b59   Lc    1  Code  De   0x62
    434  i.shell                    0x08005c08   Lc    1  Sect  De 
    435  .bss                       0x200004ec   Lc    3  Sect  De   0x80
    436  .constdata                 0x0800611d   Lc    1  Sect  De   0x9
    437  __func__                   0x0800611d   Lc    1  Data  De   0x9
    438  .conststring               0x080062ac   Lc    1  Sect  De   0x2f2
    439  .data                      0x2000008c   Lc    2  Sect  De   0x98
    440  driver\\dma\\dma.c         0x00000000   Lc  Abs  File  De 
    441  driver\dma\dma.c           0x00000000   Lc  Abs  File  De 
    442  driver\\flash\\flash.c     0x00000000   Lc  Abs  File  De 
    443  driver\flash\flash.c       0x00000000   Lc  Abs  File  De 
    444  i.flash_write              0x08004e14   Lc    1  Sect  De 
    445  .bss                       0x2000056c   Lc    3  Sect  De   0x400
    446  page                       0x2000056c   Lc    3  Data  De   0x400
    447  .constdata                 0x08006126   Lc    1  Sect  De   0xc
    448  __func__                   0x08006126   Lc    1  Data  De   0xc
    449  driver\\timer\\timer.c     0x00000000   Lc  Abs  File  De 
    450  driver\timer\timer.c       0x00000000   Lc  Abs  File  De 
    451  i.ADVANCE_TIM_Mode_Config  0x080006d8   Lc    1  Sect  De 
    452  ADVANCE_TIM_Mode_Config    0x080006d9   Lc    1  Code  De   0x4a
    453  i.ADVANCE_TIM_NVIC_Config  0x08000728   Lc    1  Sect  De 
    454  ADVANCE_TIM_NVIC_Config    0x08000729   Lc    1  Code  De   0x2a
    455  i.TIM1_UP_IRQHandler       0x08003044   Lc    1  Sect  De 
    456  i.get_time                 0x08005420   Lc    1  Sect  De 
    457  i.mdelay                   0x08005b1c   Lc    1  Sect  De 
    458  i.timer_init               0x08005f60   Lc    1  Sect  De 
    459  .data                      0x20000128   Lc    2  Sect  De   0x8
    460  driver\\dht11\\dht11.c     0x00000000   Lc  Abs  File  De 
    461  driver\dht11\dht11.c       0x00000000   Lc  Abs  File  De 
    462  i.DHT11_GPIO_Config        0x08000ce4   Lc    1  Sect  De 
    463  DHT11_GPIO_Config          0x08000ce5   Lc    1  Code  De   0x26
    464  i.DHT11_Init               0x08000d10   Lc    1  Sect  De 
    465  i.DHT11_Mode_IPU           0x08000d24   Lc    1  Sect  De 
    466  DHT11_Mode_IPU             0x08000d25   Lc    1  Code  De   0x18
    467  i.DHT11_Mode_Out_PP        0x08000d40   Lc    1  Sect  De 
    468  DHT11_Mode_Out_PP          0x08000d41   Lc    1  Code  De   0x1e
    469  i.DHT11_ReadByte           0x08000d64   Lc    1  Sect  De 
    470  DHT11_ReadByte             0x08000d65   Lc    1  Code  De   0x5a
    471  i.DHT11_Read_TempAndHumidity
                                    0x08000dc4   Lc    1  Sect  De 
    472  i.dht11_main               0x08004d20   Lc    1  Sect  De 
    473  .data                      0x20000130   Lc    2  Sect  De   0x4
    474  init                       0x20000130   Lc    2  Data  De   0x4
    475  driver\\ds18b20\\ds18b20.c 0x00000000   Lc  Abs  File  De 
    476  driver\ds18b20\ds18b20.c   0x00000000   Lc  Abs  File  De 
    477  i.DS18B20_GPIO_Config      0x08000e64   Lc    1  Sect  De 
    478  DS18B20_GPIO_Config        0x08000e65   Lc    1  Code  De   0x26
    479  i.DS18B20_GetTemp          0x08000e90   Lc    1  Sect  De 
    480  i.DS18B20_Init             0x08000f08   Lc    1  Sect  De 
    481  i.DS18B20_MatchRom         0x08000fa4   Lc    1  Sect  De 
    482  DS18B20_MatchRom           0x08000fa5   Lc    1  Code  De   0x12
    483  i.DS18B20_Mode_IPU         0x08000fb8   Lc    1  Sect  De 
    484  DS18B20_Mode_IPU           0x08000fb9   Lc    1  Code  De   0x18
    485  i.DS18B20_Mode_Out_PP      0x08000fd4   Lc    1  Sect  De 
    486  DS18B20_Mode_Out_PP        0x08000fd5   Lc    1  Code  De   0x1e
    487  i.DS18B20_Presence         0x08000ff8   Lc    1  Sect  De 
    488  DS18B20_Presence           0x08000ff9   Lc    1  Code  De   0x52
    489  i.DS18B20_ReadBit          0x08001050   Lc    1  Sect  De 
    490  DS18B20_ReadBit            0x08001051   Lc    1  Code  De   0x3a
    491  i.DS18B20_ReadByte         0x08001090   Lc    1  Sect  De 
    492  DS18B20_ReadByte           0x08001091   Lc    1  Code  De   0x22
    493  i.DS18B20_ReadId           0x080010b2   Lc    1  Sect  De 
    494  i.DS18B20_Rst              0x080010d0   Lc    1  Sect  De 
    495  DS18B20_Rst                0x080010d1   Lc    1  Code  De   0x26
    496  i.DS18B20_WriteByte        0x080010fc   Lc    1  Sect  De 
    497  DS18B20_WriteByte          0x080010fd   Lc    1  Code  De   0x58
    498  i.ds18b20_main             0x08004dc4   Lc    1  Sect  De 
    499  .data                      0x20000134   Lc    2  Sect  De   0xc
    500  init                       0x2000013c   Lc    2  Data  De   0x4
    501  driver\\hcsr04\\hcsr04.c   0x00000000   Lc  Abs  File  De 
    502  driver\hcsr04\hcsr04.c     0x00000000   Lc  Abs  File  De 
    503  i.hcsr04                   0x08005614   Lc    1  Sect  De 
    504  i.hcsr04_main              0x080056cc   Lc    1  Sect  De 
    505  driver\\i2c_test\\bmp180.c 0x00000000   Lc  Abs  File  De 
    506  driver\i2c_test\bmp180.c   0x00000000   Lc  Abs  File  De 
    507  i.BMP180_ReadOneByte       0x08000752   Lc    1  Sect  De 
    508  i.BMP180_ReadTwoByte       0x0800078c   Lc    1  Sect  De 
    509  i.Convert_UncompensatedToTrue
                                    0x08000b04   Lc    1  Sect  De 
    510  i.Get_BMP180UP             0x0800195c   Lc    1  Sect  De 
    511  i.Get_BMP180UT             0x080019a0   Lc    1  Sect  De 
    512  i.IIC_PortInit             0x08001a14   Lc    1  Sect  De 
    513  i.IIC_ReadByte             0x08001a44   Lc    1  Sect  De 
    514  i.IIC_ReceiveACK           0x08001a9c   Lc    1  Sect  De 
    515  i.IIC_SendACK              0x08001adc   Lc    1  Sect  De 
    516  i.IIC_SendByte             0x08001b1c   Lc    1  Sect  De 
    517  i.IIC_Start                0x08001bb4   Lc    1  Sect  De 
    518  i.IIC_Stop                 0x08001be8   Lc    1  Sect  De 
    519  i.Read_CalibrationData     0x080021dc   Lc    1  Sect  De 
    520  i.Write_OneByteToBMP180    0x08003b70   Lc    1  Sect  De 
    521  i.bmp180_main              0x080044f0   Lc    1  Sect  De 
    522  .constdata                 0x08006132   Lc    1  Sect  De   0x43
    523  __func__                   0x08006132   Lc    1  Data  De   0xd
    524  __func__                   0x0800613f   Lc    1  Data  De   0x1c
    525  __func__                   0x0800615b   Lc    1  Data  De   0xe
    526  __func__                   0x08006169   Lc    1  Data  De   0xc
    527  .data                      0x20000140   Lc    2  Sect  De   0x28
    528  driver\\systick\\systick.c 0x00000000   Lc  Abs  File  De 
    529  driver\systick\systick.c   0x00000000   Lc  Abs  File  De 
    530  i.SysTick_Handler          0x08002f24   Lc    1  Sect  De 
    531  i.SysTick_Init             0x08002f44   Lc    1  Sect  De 
    532  i.get_systick              0x080053e8   Lc    1  Sect  De 
    533  i.udelay                   0x08005f9c   Lc    1  Sect  De 
    534  .constdata                 0x08006175   Lc    1  Sect  De   0xd
    535  __func__                   0x08006175   Lc    1  Data  De   0xd
    536  .data                      0x20000168   Lc    2  Sect  De   0xc
    537  TimingDelay                0x20000170   Lc    2  Data  De   0x4
    538  test\\systest.c            0x00000000   Lc  Abs  File  De 
    539  test\systest.c             0x00000000   Lc  Abs  File  De 
    540  i.get_cmd_index            0x080053b8   Lc    1  Sect  De 
    541  get_cmd_index              0x080053b9   Lc    1  Code  De   0x2a
    542  i.sub_cmd_help             0x08005d10   Lc    1  Sect  De 
    543  sub_cmd_help               0x08005d11   Lc    1  Code  De   0x34
    544  i.systest                  0x08005d58   Lc    1  Sect  De 
    545  .conststring               0x080065a0   Lc    1  Sect  De   0x9
    546  .data                      0x20000174   Lc    2  Sect  De   0xc
    547  test\\test_dma.c           0x00000000   Lc  Abs  File  De 
    548  test\test_dma.c            0x00000000   Lc  Abs  File  De 
    549  test\\test_flash.c         0x00000000   Lc  Abs  File  De 
    550  test\test_flash.c          0x00000000   Lc  Abs  File  De 
    551  test\\test_gpio.c          0x00000000   Lc  Abs  File  De 
    552  test\test_gpio.c           0x00000000   Lc  Abs  File  De 
    553  i.test_gpio_all            0x08005dc0   Lc    1  Sect  De 
    554  .constdata                 0x08006182   Lc    1  Sect  De   0xe
    555  __func__                   0x08006182   Lc    1  Data  De   0xe
    556  test\\test_log.c           0x00000000   Lc  Abs  File  De 
    557  test\test_log.c            0x00000000   Lc  Abs  File  De 
    558  test\\test_timer.c         0x00000000   Lc  Abs  File  De 
    559  test\test_timer.c          0x00000000   Lc  Abs  File  De 
    560  driver\\usb\\lib\\usb_core.c
                                    0x00000000   Lc  Abs  File  De 
    561  driver\usb\lib\usb_core.c  0x00000000   Lc  Abs  File  De 
    562  i.DataStageIn              0x08001158   Lc    1  Sect  De 
    563  DataStageIn                0x08001159   Lc    1  Code  De   0xa6
    564  i.DataStageOut             0x08001218   Lc    1  Sect  De 
    565  DataStageOut               0x08001219   Lc    1  Code  De   0xa6
    566  i.Data_Setup0              0x080012d4   Lc    1  Sect  De 
    567  Data_Setup0                0x080012d5   Lc    1  Code  De   0x274
    568  i.In0_Process              0x08001c84   Lc    1  Sect  De 
    569  i.NOP_Process              0x08001d54   Lc    1  Sect  De 
    570  i.NoData_Setup0            0x08001e00   Lc    1  Sect  De 
    571  NoData_Setup0              0x08001e01   Lc    1  Code  De   0x122
    572  i.Out0_Process             0x08001f38   Lc    1  Sect  De 
    573  i.Post0_Process            0x08001fb0   Lc    1  Sect  De 
    574  i.SetDeviceAddress         0x08002558   Lc    1  Sect  De 
    575  i.Setup0_Process           0x080028d4   Lc    1  Sect  De 
    576  i.Standard_ClearFeature    0x0800298c   Lc    1  Sect  De 
    577  i.Standard_GetConfiguration
                                    0x08002af8   Lc    1  Sect  De 
    578  i.Standard_GetDescriptorData
                                    0x08002b24   Lc    1  Sect  De 
    579  i.Standard_GetInterface    0x08002b48   Lc    1  Sect  De 
    580  i.Standard_GetStatus       0x08002b74   Lc    1  Sect  De 
    581  i.Standard_SetConfiguration
                                    0x08002c74   Lc    1  Sect  De 
    582  i.Standard_SetDeviceFeature
                                    0x08002cbc   Lc    1  Sect  De 
    583  i.Standard_SetEndPointFeature
                                    0x08002ce4   Lc    1  Sect  De 
    584  i.Standard_SetInterface    0x08002db4   Lc    1  Sect  De 
    585  .data                      0x20000180   Lc    2  Sect  De   0x3
    586  driver\\usb\\lib\\usb_init.c
                                    0x00000000   Lc  Abs  File  De 
    587  driver\usb\lib\usb_init.c  0x00000000   Lc  Abs  File  De 
    588  i.USB_Init                 0x08003560   Lc    1  Sect  De 
    589  .bss                       0x2000096c   Lc    3  Sect  De   0x1c
    590  .data                      0x20000184   Lc    2  Sect  De   0x14
    591  driver\\usb\\lib\\usb_int.c
                                    0x00000000   Lc  Abs  File  De 
    592  driver\usb\lib\usb_int.c   0x00000000   Lc  Abs  File  De 
    593  i.CTR_LP                   0x080007ec   Lc    1  Sect  De 
    594  .data                      0x20000198   Lc    2  Sect  De   0x4
    595  driver\\usb\\lib\\usb_mem.c
                                    0x00000000   Lc  Abs  File  De 
    596  driver\usb\lib\usb_mem.c   0x00000000   Lc  Abs  File  De 
    597  i.PMAToUserBufferCopy      0x08001f88   Lc    1  Sect  De 
    598  i.UserToPMABufferCopy      0x080038c0   Lc    1  Sect  De 
    599  driver\\usb\\lib\\usb_regs.c
                                    0x00000000   Lc  Abs  File  De 
    600  driver\usb\lib\usb_regs.c  0x00000000   Lc  Abs  File  De 
    601  i.ByteSwap                 0x080007e0   Lc    1  Sect  De 
    602  i.ClearDTOG_RX             0x08000a74   Lc    1  Sect  De 
    603  i.ClearDTOG_TX             0x08000aa8   Lc    1  Sect  De 
    604  i.Clear_Status_Out         0x08000adc   Lc    1  Sect  De 
    605  i.GetEPRxAddr              0x080018f8   Lc    1  Sect  De 
    606  i.GetEPRxCount             0x08001918   Lc    1  Sect  De 
    607  i.GetEPTxAddr              0x0800193c   Lc    1  Sect  De 
    608  i.SetBTABLE                0x08002548   Lc    1  Sect  De 
    609  i.SetEPRxAddr              0x080025a8   Lc    1  Sect  De 
    610  i.SetEPRxCount             0x080025cc   Lc    1  Sect  De 
    611  i.SetEPRxStatus            0x08002618   Lc    1  Sect  De 
    612  i.SetEPRxValid             0x08002658   Lc    1  Sect  De 
    613  i.SetEPTxAddr              0x0800268c   Lc    1  Sect  De 
    614  i.SetEPTxCount             0x080026ac   Lc    1  Sect  De 
    615  i.SetEPTxStatus            0x080026c8   Lc    1  Sect  De 
    616  i.SetEPTxValid             0x08002708   Lc    1  Sect  De 
    617  i.SetEPType                0x0800273c   Lc    1  Sect  De 
    618  driver\\usb\\lib\\usb_sil.c
                                    0x00000000   Lc  Abs  File  De 
    619  driver\usb\lib\usb_sil.c   0x00000000   Lc  Abs  File  De 
    620  i.USB_SIL_Init             0x080037d8   Lc    1  Sect  De 
    621  i.USB_SIL_Read             0x080037fc   Lc    1  Sect  De 
    622  driver\\usb\\src\\hw_config.c
                                    0x00000000   Lc  Abs  File  De 
    623  driver\usb\src\hw_config.c 0x00000000   Lc  Abs  File  De 
    624  i.Get_SerialNum            0x080019e0   Lc    1  Sect  De 
    625  i.IntToUnicode             0x08001cf4   Lc    1  Sect  De 
    626  IntToUnicode               0x08001cf5   Lc    1  Code  De   0x3e
    627  i.Leave_LowPowerMode       0x08001d34   Lc    1  Sect  De 
    628  i.Set_System               0x08002848   Lc    1  Sect  De 
    629  i.Set_USBClock             0x080028c0   Lc    1  Sect  De 
    630  i.USB_Cable_Config         0x0800354a   Lc    1  Sect  De 
    631  i.USB_Config               0x0800354c   Lc    1  Sect  De 
    632  i.USB_Interrupts_Config    0x0800359c   Lc    1  Sect  De 
    633  i.USB_RxRead               0x080037a8   Lc    1  Sect  De 
    634  i.USB_RxWrite              0x080037c0   Lc    1  Sect  De 
    635  i.USB_TxRead               0x0800382c   Lc    1  Sect  De 
    636  i.USB_TxWrite              0x08003844   Lc    1  Sect  De 
    637  .bss                       0x20000988   Lc    3  Sect  De   0xa30
    638  m_QueueUsbComRx            0x20000998   Lc    3  Data  De   0x10
    639  m_QueueUsbComTx            0x200009a8   Lc    3  Data  De   0x10
    640  m_UsbComRxBuf              0x200009b8   Lc    3  Data  De   0x500
    641  m_UsbComTxBuf              0x20000eb8   Lc    3  Data  De   0x500
    642  .data                      0x2000019c   Lc    2  Sect  De   0xc
    643  driver\\usb\\src\\usb_desc.c
                                    0x00000000   Lc  Abs  File  De 
    644  driver\usb\src\usb_desc.c  0x00000000   Lc  Abs  File  De 
    645  .constdata                 0x08006190   Lc    1  Sect  De   0x97
    646  .data                      0x200001a8   Lc    2  Sect  De   0x26
    647  driver\\usb\\src\\usb_endp.c
                                    0x00000000   Lc  Abs  File  De 
    648  driver\usb\src\usb_endp.c  0x00000000   Lc  Abs  File  De 
    649  i.EP1_IN_Callback          0x0800156c   Lc    1  Sect  De 
    650  i.EP3_OUT_Callback         0x080015bc   Lc    1  Sect  De 
    651  i.SOF_Callback             0x080024e4   Lc    1  Sect  De 
    652  .bss                       0x200013b8   Lc    3  Sect  De   0x80
    653  txBuffter                  0x200013b8   Lc    3  Data  De   0x40
    654  buffer                     0x200013f8   Lc    3  Data  De   0x40
    655  .data                      0x200001d0   Lc    2  Sect  De   0x8
    656  txFlg                      0x200001d0   Lc    2  Data  De   0x1
    657  FrameCount                 0x200001d4   Lc    2  Data  De   0x4
    658  driver\\usb\\src\\usb_istr.c
                                    0x00000000   Lc  Abs  File  De 
    659  driver\usb\src\usb_istr.c  0x00000000   Lc  Abs  File  De 
    660  i.USB_Istr                 0x080035d0   Lc    1  Sect  De 
    661  .data                      0x200001d8   Lc    2  Sect  De   0x44
    662  driver\\usb\\src\\usb_it.c 0x00000000   Lc  Abs  File  De 
    663  driver\usb\src\usb_it.c    0x00000000   Lc  Abs  File  De 
    664  i.USBWakeUp_IRQHandler     0x0800353e   Lc    1  Sect  De 
    665  i.USB_LP_CAN1_RX0_IRQHandler
                                    0x080037a0   Lc    1  Sect  De 
    666  driver\\usb\\src\\usb_prop.c
                                    0x00000000   Lc  Abs  File  De 
    667  driver\usb\src\usb_prop.c  0x00000000   Lc  Abs  File  De 
    668  i.Virtual_Com_Port_Data_Setup
                                    0x080038f8   Lc    1  Sect  De 
    669  i.Virtual_Com_Port_GetConfigDescriptor
                                    0x0800395c   Lc    1  Sect  De 
    670  i.Virtual_Com_Port_GetDeviceDescriptor
                                    0x08003970   Lc    1  Sect  De 
    671  i.Virtual_Com_Port_GetLineCoding
                                    0x08003984   Lc    1  Sect  De 
    672  i.Virtual_Com_Port_GetStringDescriptor
                                    0x080039a0   Lc    1  Sect  De 
    673  i.Virtual_Com_Port_Get_Interface_Setting
                                    0x080039c8   Lc    1  Sect  De 
    674  i.Virtual_Com_Port_NoData_Setup
                                    0x080039e0   Lc    1  Sect  De 
    675  i.Virtual_Com_Port_Reset   0x08003a08   Lc    1  Sect  De 
    676  i.Virtual_Com_Port_SetConfiguration
                                    0x08003af0   Lc    1  Sect  De 
    677  i.Virtual_Com_Port_SetDeviceAddress
                                    0x08003b08   Lc    1  Sect  De 
    678  i.Virtual_Com_Port_SetLineCoding
                                    0x08003b14   Lc    1  Sect  De 
    679  i.Virtual_Com_Port_Status_In
                                    0x08003b30   Lc    1  Sect  De 
    680  i.Virtual_Com_Port_Status_Out
                                    0x08003b44   Lc    1  Sect  De 
    681  i.Virtual_Com_Port_init    0x08003b48   Lc    1  Sect  De 
    682  .data                      0x2000021c   Lc    2  Sect  De   0x94
    683  driver\\usb\\src\\usb_pwr.c
                                    0x00000000   Lc  Abs  File  De 
    684  driver\usb\src\usb_pwr.c   0x00000000   Lc  Abs  File  De 
    685  i.PowerOn                  0x08001ff8   Lc    1  Sect  De 
    686  i.Resume                   0x080023f0   Lc    1  Sect  De 
    687  i.Resume_Init              0x080024c0   Lc    1  Sect  De 
    688  i.Suspend                  0x08002e20   Lc    1  Sect  De 
    689  .bss                       0x20001438   Lc    3  Sect  De   0x20
    690  .data                      0x200002b0   Lc    2  Sect  De   0xc
    691  driver\usb\queue.c         0x00000000   Lc  Abs  File  De 
    692  i.QUEUE_PacketCreate       0x08002038   Lc    1  Sect  De 
    693  i.QUEUE_PacketIn           0x08002046   Lc    1  Sect  De 
    694  i.QUEUE_PacketOut          0x08002082   Lc    1  Sect  De 
    695  C:\\Keil_v5\\ARM\\PACK\\Keil\\STM32F1xx_DFP\\1.1.0\\Device\\StdPeriph_Driver\\src\\misc.c
                                    0x00000000   Lc  Abs  File  De 
    696  C:\Keil_v5\ARM\PACK\Keil\STM32F1xx_DFP\1.1.0\Device\StdPeriph_Driver\src\misc.c
                                    0x00000000   Lc  Abs  File  De 
    697  i.NVIC_Init                0x08001d7c   Lc    1  Sect  De 
    698  i.NVIC_PriorityGroupConfig 0x08001dec   Lc    1  Sect  De 
    699  C:\\Keil_v5\\ARM\\PACK\\Keil\\STM32F1xx_DFP\\1.1.0\\Device\\StdPeriph_Driver\\src\\stm32f10x_dma.c
                                    0x00000000   Lc  Abs  File  De 
    700  C:\Keil_v5\ARM\PACK\Keil\STM32F1xx_DFP\1.1.0\Device\StdPeriph_Driver\src\stm32f10x_dma.c
                                    0x00000000   Lc  Abs  File  De 
    701  C:\\Keil_v5\\ARM\\PACK\\Keil\\STM32F1xx_DFP\\1.1.0\\Device\\StdPeriph_Driver\\src\\stm32f10x_exti.c
                                    0x00000000   Lc  Abs  File  De 
    702  C:\Keil_v5\ARM\PACK\Keil\STM32F1xx_DFP\1.1.0\Device\StdPeriph_Driver\src\stm32f10x_exti.c
                                    0x00000000   Lc  Abs  File  De 
    703  i.EXTI_ClearITPendingBit   0x080015dc   Lc    1  Sect  De 
    704  i.EXTI_Init                0x080015e8   Lc    1  Sect  De 
    705  C:\\Keil_v5\\ARM\\PACK\\Keil\\STM32F1xx_DFP\\1.1.0\\Device\\StdPeriph_Driver\\src\\stm32f10x_flash.c
                                    0x00000000   Lc  Abs  File  De 
    706  C:\Keil_v5\ARM\PACK\Keil\STM32F1xx_DFP\1.1.0\Device\StdPeriph_Driver\src\stm32f10x_flash.c
                                    0x00000000   Lc  Abs  File  De 
    707  i.FLASH_ClearFlag          0x0800167c   Lc    1  Sect  De 
    708  i.FLASH_ErasePage          0x08001688   Lc    1  Sect  De 
    709  i.FLASH_GetBank1Status     0x080016d4   Lc    1  Sect  De 
    710  i.FLASH_Lock               0x08001708   Lc    1  Sect  De 
    711  i.FLASH_ProgramWord        0x0800171c   Lc    1  Sect  De 
    712  i.FLASH_Unlock             0x08001788   Lc    1  Sect  De 
    713  i.FLASH_WaitForLastOperation
                                    0x080017a0   Lc    1  Sect  De 
    714  C:\\Keil_v5\\ARM\\PACK\\Keil\\STM32F1xx_DFP\\1.1.0\\Device\\StdPeriph_Driver\\src\\stm32f10x_gpio.c
                                    0x00000000   Lc  Abs  File  De 
    715  C:\Keil_v5\ARM\PACK\Keil\STM32F1xx_DFP\1.1.0\Device\StdPeriph_Driver\src\stm32f10x_gpio.c
                                    0x00000000   Lc  Abs  File  De 
    716  i.GPIO_Init                0x080017c6   Lc    1  Sect  De 
    717  i.GPIO_ReadInputDataBit    0x080018dc   Lc    1  Sect  De 
    718  i.GPIO_ResetBits           0x080018ee   Lc    1  Sect  De 
    719  i.GPIO_SetBits             0x080018f2   Lc    1  Sect  De 
    720  C:\\Keil_v5\\ARM\\PACK\\Keil\\STM32F1xx_DFP\\1.1.0\\Device\\StdPeriph_Driver\\src\\stm32f10x_iwdg.c
                                    0x00000000   Lc  Abs  File  De 
    721  C:\Keil_v5\ARM\PACK\Keil\STM32F1xx_DFP\1.1.0\Device\StdPeriph_Driver\src\stm32f10x_iwdg.c
                                    0x00000000   Lc  Abs  File  De 
    722  i.IWDG_Enable              0x08001c40   Lc    1  Sect  De 
    723  i.IWDG_ReloadCounter       0x08001c50   Lc    1  Sect  De 
    724  i.IWDG_SetPrescaler        0x08001c60   Lc    1  Sect  De 
    725  i.IWDG_SetReload           0x08001c6c   Lc    1  Sect  De 
    726  i.IWDG_WriteAccessCmd      0x08001c78   Lc    1  Sect  De 
    727  C:\\Keil_v5\\ARM\\PACK\\Keil\\STM32F1xx_DFP\\1.1.0\\Device\\StdPeriph_Driver\\src\\stm32f10x_rcc.c
                                    0x00000000   Lc  Abs  File  De 
    728  C:\Keil_v5\ARM\PACK\Keil\STM32F1xx_DFP\1.1.0\Device\StdPeriph_Driver\src\stm32f10x_rcc.c
                                    0x00000000   Lc  Abs  File  De 
    729  i.RCC_APB1PeriphClockCmd   0x080020bc   Lc    1  Sect  De 
    730  i.RCC_APB2PeriphClockCmd   0x080020dc   Lc    1  Sect  De 
    731  i.RCC_GetClocksFreq        0x080020fc   Lc    1  Sect  De 
    732  i.RCC_USBCLKConfig         0x080021d0   Lc    1  Sect  De 
    733  .data                      0x200002bc   Lc    2  Sect  De   0x14
    734  APBAHBPrescTable           0x200002bc   Lc    2  Data  De   0x10
    735  ADCPrescTable              0x200002cc   Lc    2  Data  De   0x4
    736  C:\\Keil_v5\\ARM\\PACK\\Keil\\STM32F1xx_DFP\\1.1.0\\Device\\StdPeriph_Driver\\src\\stm32f10x_tim.c
                                    0x00000000   Lc  Abs  File  De 
    737  C:\Keil_v5\ARM\PACK\Keil\STM32F1xx_DFP\1.1.0\Device\StdPeriph_Driver\src\stm32f10x_tim.c
                                    0x00000000   Lc  Abs  File  De 
    738  i.TIM_ClearFlag            0x080030b0   Lc    1  Sect  De 
    739  i.TIM_ClearITPendingBit    0x080030b6   Lc    1  Sect  De 
    740  i.TIM_Cmd                  0x080030bc   Lc    1  Sect  De 
    741  i.TIM_GetITStatus          0x080030d4   Lc    1  Sect  De 
    742  i.TIM_ITConfig             0x080030f6   Lc    1  Sect  De 
    743  i.TIM_TimeBaseInit         0x08003108   Lc    1  Sect  De 
    744  C:\\Keil_v5\\ARM\\PACK\\Keil\\STM32F1xx_DFP\\1.1.0\\Device\\StdPeriph_Driver\\src\\stm32f10x_usart.c
                                    0x00000000   Lc  Abs  File  De 
    745  C:\Keil_v5\ARM\PACK\Keil\STM32F1xx_DFP\1.1.0\Device\StdPeriph_Driver\src\stm32f10x_usart.c
                                    0x00000000   Lc  Abs  File  De 
    746  i.USART_Cmd                0x0800334c   Lc    1  Sect  De 
    747  i.USART_GetFlagStatus      0x080033f0   Lc    1  Sect  De 
    748  i.USART_ITConfig           0x0800340a   Lc    1  Sect  De 
    749  i.USART_Init               0x08003454   Lc    1  Sect  De 
    750  i.USART_ReceiveData        0x0800352c   Lc    1  Sect  De 
    751  i.USART_SendData           0x08003536   Lc    1  Sect  De 
    752  RTE\Device\STM32F103C8\startup_stm32f10x_md.s
                                    0x00000000   Lc  Abs  File  De 
    753  STACK                      0x20001458   Lc    3  Sect  De   0x400
    754  RESET                      0x08000000   Lc    1  Sect  De   0xec
    755  .text                      0x08000100   Lc    1  Sect  De   0x5c
    756  RTE\\Device\\STM32F103C8\\system_stm32f10x.c
                                    0x00000000   Lc  Abs  File  De 
    757  RTE\Device\STM32F103C8\system_stm32f10x.c
                                    0x00000000   Lc  Abs  File  De 
    758  i.SetSysClock              0x08002760   Lc    1  Sect  De 
    759  SetSysClock                0x08002761   Lc    1  Code  De   0x8
    760  i.SetSysClockTo72          0x08002768   Lc    1  Sect  De 
    761  SetSysClockTo72            0x08002769   Lc    1  Code  De   0xd6
    762  i.SystemInit               0x08002fe4   Lc    1  Sect  De 
    763  .data                      0x200002d0   Lc    2  Sect  De   0x14
    764  ../clib/microlib/init/entry.s
                                    0x00000000   Lc  Abs  File  De 
    765  .ARM.Collect$$$$00000000   0x080000ec   Lc    1  Sect  De 
    766  dc.s                       0x00000000   Lc  Abs  File  De 
    767  ../clib/microlib/division.c
                                    0x00000000   Lc  Abs  File  De 
    768  .text                      0x0800015c   Lc    1  Sect  De 
    769  ../clib/microlib/string/memcpy.c
                                    0x00000000   Lc  Abs  File  De 
    770  ../clib/microlib/string/memset.c
                                    0x00000000   Lc  Abs  File  De 
    771  .text                      0x080001be   Lc    1  Sect  De 
    772  ../clib/microlib/string/strlen.c
                                    0x00000000   Lc  Abs  File  De 
    773  .text                      0x080001e2   Lc    1  Sect  De 
    774  ../clib/microlib/string/strcmp.c
                                    0x00000000   Lc  Abs  File  De 
    775  .text                      0x080001f0   Lc    1  Sect  De 
    776  ../clib/microlib/string/memcpy.c
                                    0x00000000   Lc  Abs  File  De 
    777  ../clib/microlib/printf/printf.c
                                    0x00000000   Lc  Abs  File  De 
    778  ../clib/microlib/printf/printf.c
                                    0x00000000   Lc  Abs  File  De 
    779  ../clib/microlib/printf/printf.c
                                    0x00000000   Lc  Abs  File  De 
    780  ../clib/microlib/printf/printf.c
                                    0x00000000   Lc  Abs  File  De 
    781  ../clib/microlib/printf/printf.c
                                    0x00000000   Lc  Abs  File  De 
    782  ../clib/microlib/printf/printf.c
                                    0x00000000   Lc  Abs  File  De 
    783  ../clib/microlib/printf/printf.c
                                    0x00000000   Lc  Abs  File  De 
    784  ../clib/microlib/printf/printf.c
                                    0x00000000   Lc  Abs  File  De 
    785  ../clib/microlib/printf/printf.c
                                    0x00000000   Lc  Abs  File  De 
    786  ../clib/microlib/printf/printf.c
                                    0x00000000   Lc  Abs  File  De 
    787  i.__0printf$8              0x08003b94   Lc    1  Sect  De 
    788  i._printf_core             0x0800408c   Lc    1  Sect  De 
    789  _printf_core               0x0800408d   Lc    1  Code  De   0x3e4
    790  i._printf_post_padding     0x0800449c   Lc    1  Sect  De 
    791  _printf_post_padding       0x0800449d   Lc    1  Code  De   0x24
    792  i._printf_pre_padding      0x080044c0   Lc    1  Sect  De 
    793  _printf_pre_padding        0x080044c1   Lc    1  Code  De   0x2e
    794  ../clib/microlib/printf/printf.c
                                    0x00000000   Lc  Abs  File  De 
    795  ../clib/microlib/printf/stubs.s
                                    0x00000000   Lc  Abs  File  De 
    796  ../clib/scanf.c            0x00000000   Lc  Abs  File  De 
    797  .text                      0x0800020c   Lc    1  Sect  De 
    798  ../fplib/microlib/fpmul.c  0x00000000   Lc  Abs  File  De 
    799  .text                      0x0800027e   Lc    1  Sect  De 
    800  ../fplib/microlib/fpdiv.c  0x00000000   Lc  Abs  File  De 
    801  .text                      0x08000362   Lc    1  Sect  De 
    802  ../fplib/microlib/fpflt.c  0x00000000   Lc  Abs  File  De 
    803  .text                      0x08000440   Lc    1  Sect  De 
    804  ../fplib/microlib/fpfix.c  0x00000000   Lc  Abs  File  De 
    805  .text                      0x08000462   Lc    1  Sect  De 
    806  ../fplib/microlib/d2f.c    0x00000000   Lc  Abs  File  De 
    807  ../clib/microlib/init/entry.s
                                    0x00000000   Lc  Abs  File  De 
    808  .ARM.Collect$$$$00000001   0x080000ec   Lc    1  Sect  De   0x4
    809  .ARM.Collect$$$$00002712   0x080000fc   Lc    1  Sect  De   0x4
    810  __lit__00000000            0x080000fc   Lc    1  Data  De   0x4
    811  ../clib/microlib/init/entry.s
                                    0x00000000   Lc  Abs  File  De 
    812  .ARM.Collect$$$$00000004   0x080000f0   Lc    1  Sect  De   0x4
    813  ../clib/microlib/init/entry.s
                                    0x00000000   Lc  Abs  File  De 
    814  ../clib/microlib/init/entry.s
                                    0x00000000   Lc  Abs  File  De 
    815  .ARM.Collect$$$$00000008   0x080000f4   Lc    1  Sect  De 
    816  ../clib/microlib/init/entry.s
                                    0x00000000   Lc  Abs  File  De 
    817  ../clib/microlib/init/entry.s
                                    0x00000000   Lc  Abs  File  De 
    818  .ARM.Collect$$$$0000000A   0x080000f4   Lc    1  Sect  De 
    819  ../clib/microlib/init/entry.s
                                    0x00000000   Lc  Abs  File  De 
    820  .ARM.Collect$$$$0000000B   0x080000f4   Lc    1  Sect  De   0x8
    821  ../clib/microlib/init/entry.s
                                    0x00000000   Lc  Abs  File  De 
    822  ../clib/microlib/init/entry.s
                                    0x00000000   Lc  Abs  File  De 
    823  .ARM.Collect$$$$0000000D   0x080000fc   Lc    1  Sect  De 
    824  ../clib/microlib/init/entry.s
                                    0x00000000   Lc  Abs  File  De 
    825  ../clib/microlib/init/entry.s
                                    0x00000000   Lc  Abs  File  De 
    826  .ARM.Collect$$$$0000000F   0x080000fc   Lc    1  Sect  De 
    827  ../clib/microlib/init/entry.s
                                    0x00000000   Lc  Abs  File  De 
    828  ../clib/microlib/stdio/streams.c
                                    0x00000000   Lc  Abs  File  De 
    829  .data                      0x200002e4   Lc    2  Sect  De   0x4
    830  ../clib/microlib/division.c
                                    0x00000000   Lc  Abs  File  De 
    831  ../clib/microlib/longlong.c
                                    0x00000000   Lc  Abs  File  De 
    832  .text                      0x080004a0   Lc    1  Sect  De 
    833  ../clib/microlib/longlong.c
                                    0x00000000   Lc  Abs  File  De 
    834  .text                      0x080004be   Lc    1  Sect  De 
    835  ../clib/microlib/ctype/ctype.c
                                    0x00000000   Lc  Abs  File  De 
    836  .text                      0x080004e0   Lc    1  Sect  De 
    837  .constdata                 0x08006227   Lc    1  Sect  De   0x81
    838  .constdata                 0x080062a8   Lc    1  Sect  De   0x4
    839  table                      0x080062a8   Lc    1  Data  De   0x4
    840  ../clib/microlib/ctype/ctype.c
                                    0x00000000   Lc  Abs  File  De 
    841  ../clib/microlib/ctype/ctype.c
                                    0x00000000   Lc  Abs  File  De 
    842  ../clib/microlib/ctype/ctype.c
                                    0x00000000   Lc  Abs  File  De 
    843  ../clib/microlib/ctype/ctype.c
                                    0x00000000   Lc  Abs  File  De 
    844  ../clib/microlib/ctype/ctype.c
                                    0x00000000   Lc  Abs  File  De 
    845  ../clib/microlib/ctype/ctype.c
                                    0x00000000   Lc  Abs  File  De 
    846  ../clib/microlib/ctype/ctype.c
                                    0x00000000   Lc  Abs  File  De 
    847  ../clib/microlib/ctype/ctype.c
                                    0x00000000   Lc  Abs  File  De 
    848  ../clib/microlib/ctype/ctype.c
                                    0x00000000   Lc  Abs  File  De 
    849  ../clib/microlib/ctype/ctype.c
                                    0x00000000   Lc  Abs  File  De 
    850  ../clib/microlib/ctype/ctype.c
                                    0x00000000   Lc  Abs  File  De 
    851  ../clib/microlib/ctype/ctype.c
                                    0x00000000   Lc  Abs  File  De 
    852  ../clib/microlib/errno.c   0x00000000   Lc  Abs  File  De 
    853  i.__aeabi_errno_addr       0x0800401c   Lc    1  Sect  De 
    854  .data                      0x200002e8   Lc    2  Sect  De   0x4
    855  _errno                     0x200002e8   Lc    2  Data  De   0x4
    856  ../clib/scanf.c            0x00000000   Lc  Abs  File  De 
    857  .text                      0x080004e8   Lc    1  Sect  De 
    858  ../clib/microlib/stubs.s   0x00000000   Lc  Abs  File  De 
    859  .text                      0x08000586   Lc    1  Sect  De 
    860  ../fplib/microlib/fpepilogue.c
                                    0x00000000   Lc  Abs  File  De 
    861  ../fplib/microlib/fpepilogue.c
                                    0x00000000   Lc  Abs  File  De 
    862  .text                      0x08000586   Lc    1  Sect  De 
    863  ../fplib/microlib/fpadd.c  0x00000000   Lc  Abs  File  De 
    864  ../fplib/microlib/fpfix.c  0x00000000   Lc  Abs  File  De 
    865  cdrcmple.s                 0x00000000   Lc  Abs  File  De 
    866  init.s                     0x00000000   Lc  Abs  File  De 
    867  .text                      0x08000640   Lc    1  Sect  De   0x24
    868  ../clib/microlib/longlong.c
                                    0x00000000   Lc  Abs  File  De 
    869  ../clib/scanf.c            0x00000000   Lc  Abs  File  De 
    870  .text                      0x08000664   Lc    1  Sect  De 
    871  handlers.s                 0x00000000   Lc  Abs  File  De 
    872  i.__scatterload_copy       0x0800406c   Lc    1  Sect  De   0xe
    873  i.__scatterload_null       0x0800407a   Lc    1  Sect  De   0x2
    874  i.__scatterload_zeroinit   0x0800407c   Lc    1  Sect  De   0xe
    875  ../clib/../cmprslib/zerorunl2.c
                                    0x00000000   Lc  Abs  File  De 
    876  .text                      0x08000680   Lc    1  Sect  De 
    877  BuildAttributes$$THM_ISAv4$P$D$K$B$S$PE$A:L22UL41UL21$X:L11$S22US41US21$IEEE1$IW$USESV6$~STKCKD$USESV7$~SHL$OTIME$ROPI$EBA8$MICROLIB$REQ8$PRES8$EABIv2
                                    0x00000000   Gb  Abs   --   Hi 
    878  __ARM_use_no_argv          0x00000000   Gb  Abs   --   Hi 
    879  _printf_a                  0x00000000   Gb  Abs   --   Hi 
    880  _printf_c                  0x00000000   Gb  Abs   --   Hi 
    881  _printf_charcount          0x00000000   Gb  Abs   --   Hi 
    882  _printf_d                  0x00000000   Gb  Abs   --   Hi 
    883  _printf_e                  0x00000000   Gb  Abs   --   Hi 
    884  _printf_f                  0x00000000   Gb  Abs   --   Hi 
    885  _printf_flags              0x00000000   Gb  Abs   --   Hi 
    886  _printf_fp_dec             0x00000000   Gb  Abs   --   Hi 
    887  _printf_fp_hex             0x00000000   Gb  Abs   --   Hi 
    888  _printf_g                  0x00000000   Gb  Abs   --   Hi 
    889  _printf_i                  0x00000000   Gb  Abs   --   Hi 
    890  _printf_int_dec            0x00000000   Gb  Abs   --   Hi 
    891  _printf_l                  0x00000000   Gb  Abs   --   Hi 
    892  _printf_lc                 0x00000000   Gb  Abs   --   Hi 
    893  _printf_ll                 0x00000000   Gb  Abs   --   Hi 
    894  _printf_lld                0x00000000   Gb  Abs   --   Hi 
    895  _printf_lli                0x00000000   Gb  Abs   --   Hi 
    896  _printf_llo                0x00000000   Gb  Abs   --   Hi 
    897  _printf_llu                0x00000000   Gb  Abs   --   Hi 
    898  _printf_llx                0x00000000   Gb  Abs   --   Hi 
    899  _printf_longlong_dec       0x00000000   Gb  Abs   --   Hi 
    900  _printf_longlong_hex       0x00000000   Gb  Abs   --   Hi 
    901  _printf_longlong_oct       0x00000000   Gb  Abs   --   Hi 
    902  _printf_ls                 0x00000000   Gb  Abs   --   Hi 
    903  _printf_mbtowc             0x00000000   Gb  Abs   --   Hi 
    904  _printf_n                  0x00000000   Gb  Abs   --   Hi 
    905  _printf_o                  0x00000000   Gb  Abs   --   Hi 
    906  _printf_p                  0x00000000   Gb  Abs   --   Hi 
    907  _printf_percent            0x00000000   Gb  Abs   --   Hi 
    908  _printf_pre_padding        0x00000000   Gb  Abs   --   Hi 
    909  _printf_return_value       0x00000000   Gb  Abs   --   Hi 
    910  _printf_s                  0x00000000   Gb  Abs   --   Hi 
    911  _printf_sizespec           0x00000000   Gb  Abs   --   Hi 
    912  _printf_str                0x00000000   Gb  Abs   --   Hi 
    913  _printf_truncate_signed    0x00000000   Gb  Abs   --   Hi 
    914  _printf_truncate_unsigned  0x00000000   Gb  Abs   --   Hi 
    915  _printf_u                  0x00000000   Gb  Abs   --   Hi 
    916  _printf_wc                 0x00000000   Gb  Abs   --   Hi 
    917  _printf_wctomb             0x00000000   Gb  Abs   --   Hi 
    918  _printf_widthprec          0x00000000   Gb  Abs   --   Hi 
    919  _printf_x                  0x00000000   Gb  Abs   --   Hi 
    920  __Vectors_Size             0x000000ec   Gb  Abs   --   Hi 
    921  Image$$RW_IRAM1$$Length    0x000002ec   Gb  Abs   --   Hi 
    922  Image$$ER_IROM1$$Length    0x000065cc   Gb  Abs   --   Hi 
    923  Image$$ER_IROM1$$Base      0x08000000   Gb  Abs   --   Hi 
    924  Load$$ER_IROM1$$Base       0x08000000   Gb  Abs   --   Hi 
    925  __Vectors                  0x08000000   Gb    1  Data  Hi   0x4
    926  __Vectors_End              0x080000ec   Gb    1  Data  Hi 
    927  __main                     0x080000ed   Gb    1  Code  Hi 
    928  _main_stk                  0x080000ed   Gb    1  Code  Hi 
    929  _main_scatterload          0x080000f1   Gb    1  Code  Hi 
    930  __main_after_scatterload   0x080000f5   Gb    1  Code  Hi 
    931  _main_clock                0x080000f5   Gb    1  Code  Hi 
    932  _main_cpp_init             0x080000f5   Gb    1  Code  Hi 
    933  _main_init                 0x080000f5   Gb    1  Code  Hi 
    934  __rt_final_cpp             0x080000fd   Gb    1  Code  Hi 
    935  __rt_final_exit            0x080000fd   Gb    1  Code  Hi 
    936  Reset_Handler              0x08000101   Wk    1  Code  Hi   0x8
    937  NMI_Handler                0x08000109   Wk    1  Code  Hi   0x6
    938  HardFault_Handler          0x0800010f   Wk    1  Code  Hi   0xc
    939  MemManage_Handler          0x0800011b   Wk    1  Code  Hi   0x6
    940  BusFault_Handler           0x08000121   Wk    1  Code  Hi   0x6
    941  UsageFault_Handler         0x08000127   Wk    1  Code  Hi   0x6
    942  SVC_Handler                0x0800012d   Wk    1  Code  Hi   0x2
    943  DebugMon_Handler           0x0800012f   Wk    1  Code  Hi   0x6
    944  PendSV_Handler             0x08000135   Wk    1  Code  Hi   0x2
    945  ADC1_2_IRQHandler          0x08000139   Wk    1  Code  Hi 
    946  CAN1_RX1_IRQHandler        0x08000139   Wk    1  Code  Hi 
    947  CAN1_SCE_IRQHandler        0x08000139   Wk    1  Code  Hi 
    948  DMA1_Channel1_IRQHandler   0x08000139   Wk    1  Code  Hi 
    949  DMA1_Channel2_IRQHandler   0x08000139   Wk    1  Code  Hi 
    950  DMA1_Channel3_IRQHandler   0x08000139   Wk    1  Code  Hi 
    951  DMA1_Channel4_IRQHandler   0x08000139   Wk    1  Code  Hi 
    952  DMA1_Channel5_IRQHandler   0x08000139   Wk    1  Code  Hi 
    953  DMA1_Channel6_IRQHandler   0x08000139   Wk    1  Code  Hi 
    954  DMA1_Channel7_IRQHandler   0x08000139   Wk    1  Code  Hi 
    955  EXTI0_IRQHandler           0x08000139   Wk    1  Code  Hi 
    956  EXTI15_10_IRQHandler       0x08000139   Wk    1  Code  Hi 
    957  EXTI1_IRQHandler           0x08000139   Wk    1  Code  Hi 
    958  EXTI2_IRQHandler           0x08000139   Wk    1  Code  Hi 
    959  EXTI3_IRQHandler           0x08000139   Wk    1  Code  Hi 
    960  EXTI4_IRQHandler           0x08000139   Wk    1  Code  Hi 
    961  EXTI9_5_IRQHandler         0x08000139   Wk    1  Code  Hi 
    962  FLASH_IRQHandler           0x08000139   Wk    1  Code  Hi 
    963  I2C1_ER_IRQHandler         0x08000139   Wk    1  Code  Hi 
    964  I2C1_EV_IRQHandler         0x08000139   Wk    1  Code  Hi 
    965  I2C2_ER_IRQHandler         0x08000139   Wk    1  Code  Hi 
    966  I2C2_EV_IRQHandler         0x08000139   Wk    1  Code  Hi 
    967  PVD_IRQHandler             0x08000139   Wk    1  Code  Hi 
    968  RCC_IRQHandler             0x08000139   Wk    1  Code  Hi 
    969  RTCAlarm_IRQHandler        0x08000139   Wk    1  Code  Hi 
    970  RTC_IRQHandler             0x08000139   Wk    1  Code  Hi 
    971  SPI1_IRQHandler            0x08000139   Wk    1  Code  Hi 
    972  SPI2_IRQHandler            0x08000139   Wk    1  Code  Hi 
    973  TAMPER_IRQHandler          0x08000139   Wk    1  Code  Hi 
    974  TIM1_BRK_IRQHandler        0x08000139   Wk    1  Code  Hi 
    975  TIM1_CC_IRQHandler         0x08000139   Wk    1  Code  Hi 
    976  TIM1_TRG_COM_IRQHandler    0x08000139   Wk    1  Code  Hi 
    977  TIM2_IRQHandler            0x08000139   Wk    1  Code  Hi 
    978  TIM3_IRQHandler            0x08000139   Wk    1  Code  Hi 
    979  TIM4_IRQHandler            0x08000139   Wk    1  Code  Hi 
    980  USART1_IRQHandler          0x08000139   Wk    1  Code  Hi 
    981  USART3_IRQHandler          0x08000139   Wk    1  Code  Hi 
    982  USB_HP_CAN1_TX_IRQHandler  0x08000139   Wk    1  Code  Hi 
    983  WWDG_IRQHandler            0x08000139   Wk    1  Code  Hi 
    984  __aeabi_uldivmod           0x0800015d   Gb    1  Code  Hi   0x62
    985  __aeabi_memset             0x080001bf   Gb    1  Code  Hi   0xe
    986  __aeabi_memset4            0x080001bf   Gb    1  Code  Hi 
    987  __aeabi_memset8            0x080001bf   Gb    1  Code  Hi 
    988  __aeabi_memclr             0x080001cd   Gb    1  Code  Hi   0x4
    989  __aeabi_memclr4            0x080001cd   Gb    1  Code  Hi 
    990  __aeabi_memclr8            0x080001cd   Gb    1  Code  Hi 
    991  _memset$wrapper            0x080001d1   Gb    1  Code  Hi   0x12
    992  strlen                     0x080001e3   Gb    1  Code  Hi   0xe
    993  strcmp                     0x080001f1   Gb    1  Code  Hi   0x1c
    994  strtoul                    0x0800020d   Gb    1  Code  Hi   0x72
    995  __aeabi_dmul               0x0800027f   Gb    1  Code  Hi   0xe4
    996  __aeabi_ddiv               0x08000363   Gb    1  Code  Hi   0xde
    997  __aeabi_i2d                0x08000441   Gb    1  Code  Hi   0x22
    998  __aeabi_d2iz               0x08000463   Gb    1  Code  Hi   0x3e
    999  __aeabi_llsl               0x080004a1   Gb    1  Code  Hi   0x1e
    1000  _ll_shift_l                0x080004a1   Gb    1  Code  Hi 
    1001  __aeabi_llsr               0x080004bf   Gb    1  Code  Hi   0x20
    1002  _ll_ushift_r               0x080004bf   Gb    1  Code  Hi 
    1003  __rt_ctype_table           0x080004e1   Gb    1  Code  Hi   0x4
    1004  _strtoul                   0x080004e9   Gb    1  Code  Hi   0x9e
    1005  __I$use$fp                 0x08000587   Gb    1  Code  Hi 
    1006  _double_round              0x08000587   Gb    1  Code  Hi   0x1e
    1007  _double_epilogue           0x080005a5   Gb    1  Code  Hi   0x9c
    1008  __scatterload              0x08000641   Gb    1  Code  Hi   0x1c
    1009  __scatterload_rt2          0x08000641   Gb    1  Code  Hi 
    1010  _chval                     0x08000665   Gb    1  Code  Hi   0x1c
    1011  __decompress               0x08000681   Gb    1  Code  Hi 
    1012  __decompress1              0x08000681   Gb    1  Code  Hi   0x56
    1013  BMP180_ReadOneByte         0x08000753   Gb    1  Code  Hi   0x3a
    1014  BMP180_ReadTwoByte         0x0800078d   Gb    1  Code  Hi   0x54
    1015  ByteSwap                   0x080007e1   Gb    1  Code  Hi   0xc
    1016  CTR_LP                     0x080007ed   Gb    1  Code  Hi   0x268
    1017  ClearDTOG_RX               0x08000a75   Gb    1  Code  Hi   0x30
    1018  ClearDTOG_TX               0x08000aa9   Gb    1  Code  Hi   0x30
    1019  Clear_Status_Out           0x08000add   Gb    1  Code  Hi   0x22
    1020  Convert_UncompensatedToTrue
                                    0x08000b05   Gb    1  Code  Hi   0x17e
    1021  DHT11_Init                 0x08000d11   Gb    1  Code  Hi   0x10
    1022  DHT11_Read_TempAndHumidity 0x08000dc5   Gb    1  Code  Hi   0x9a
    1023  DS18B20_GetTemp            0x08000e91   Gb    1  Code  Hi   0x74
    1024  DS18B20_Init               0x08000f09   Gb    1  Code  Hi   0x56
    1025  DS18B20_ReadId             0x080010b3   Gb    1  Code  Hi   0x1e
    1026  EP1_IN_Callback            0x0800156d   Gb    1  Code  Hi   0x42
    1027  EP3_OUT_Callback           0x080015bd   Gb    1  Code  Hi   0x1c
    1028  EXTI_ClearITPendingBit     0x080015dd   Gb    1  Code  Hi   0x6
    1029  EXTI_Init                  0x080015e9   Gb    1  Code  Hi   0x8e
    1030  FLASH_ClearFlag            0x0800167d   Gb    1  Code  Hi   0x6
    1031  FLASH_ErasePage            0x08001689   Gb    1  Code  Hi   0x48
    1032  FLASH_GetBank1Status       0x080016d5   Gb    1  Code  Hi   0x30
    1033  FLASH_Lock                 0x08001709   Gb    1  Code  Hi   0xe
    1034  FLASH_ProgramWord          0x0800171d   Gb    1  Code  Hi   0x66
    1035  FLASH_Unlock               0x08001789   Gb    1  Code  Hi   0xc
    1036  FLASH_WaitForLastOperation 0x080017a1   Gb    1  Code  Hi   0x26
    1037  GPIO_Init                  0x080017c7   Gb    1  Code  Hi   0x116
    1038  GPIO_ReadInputDataBit      0x080018dd   Gb    1  Code  Hi   0x12
    1039  GPIO_ResetBits             0x080018ef   Gb    1  Code  Hi   0x4
    1040  GPIO_SetBits               0x080018f3   Gb    1  Code  Hi   0x4
    1041  GetEPRxAddr                0x080018f9   Gb    1  Code  Hi   0x18
    1042  GetEPRxCount               0x08001919   Gb    1  Code  Hi   0x1a
    1043  GetEPTxAddr                0x0800193d   Gb    1  Code  Hi   0x16
    1044  Get_BMP180UP               0x0800195d   Gb    1  Code  Hi   0x32
    1045  Get_BMP180UT               0x080019a1   Gb    1  Code  Hi   0x2e
    1046  Get_SerialNum              0x080019e1   Gb    1  Code  Hi   0x2a
    1047  IIC_PortInit               0x08001a15   Gb    1  Code  Hi   0x2a
    1048  IIC_ReadByte               0x08001a45   Gb    1  Code  Hi   0x52
    1049  IIC_ReceiveACK             0x08001a9d   Gb    1  Code  Hi   0x3c
    1050  IIC_SendACK                0x08001add   Gb    1  Code  Hi   0x3a
    1051  IIC_SendByte               0x08001b1d   Gb    1  Code  Hi   0x7e
    1052  IIC_Start                  0x08001bb5   Gb    1  Code  Hi   0x2e
    1053  IIC_Stop                   0x08001be9   Gb    1  Code  Hi   0x2e
    1054  IWDG_Config                0x08001c1d   Gb    1  Code  Hi   0x24
    1055  IWDG_Enable                0x08001c41   Gb    1  Code  Hi   0xa
    1056  IWDG_ReloadCounter         0x08001c51   Gb    1  Code  Hi   0xa
    1057  IWDG_SetPrescaler          0x08001c61   Gb    1  Code  Hi   0x6
    1058  IWDG_SetReload             0x08001c6d   Gb    1  Code  Hi   0x6
    1059  IWDG_WriteAccessCmd        0x08001c79   Gb    1  Code  Hi   0x6
    1060  In0_Process                0x08001c85   Gb    1  Code  Hi   0x62
    1061  Leave_LowPowerMode         0x08001d35   Gb    1  Code  Hi   0x16
    1062  NOP_Process                0x08001d55   Gb    1  Code  Hi   0x2
    1063  NVIC_Init                  0x08001d7d   Gb    1  Code  Hi   0x64
    1064  NVIC_PriorityGroupConfig   0x08001ded   Gb    1  Code  Hi   0xa
    1065  Out0_Process               0x08001f39   Gb    1  Code  Hi   0x46
    1066  PMAToUserBufferCopy        0x08001f89   Gb    1  Code  Hi   0x22
    1067  Post0_Process              0x08001fb1   Gb    1  Code  Hi   0x36
    1068  PowerOn                    0x08001ff9   Gb    1  Code  Hi   0x36
    1069  QUEUE_PacketCreate         0x08002039   Gb    1  Code  Hi   0xe
    1070  QUEUE_PacketIn             0x08002047   Gb    1  Code  Hi   0x3c
    1071  QUEUE_PacketOut            0x08002083   Gb    1  Code  Hi   0x3a
    1072  RCC_APB1PeriphClockCmd     0x080020bd   Gb    1  Code  Hi   0x1a
    1073  RCC_APB2PeriphClockCmd     0x080020dd   Gb    1  Code  Hi   0x1a
    1074  RCC_GetClocksFreq          0x080020fd   Gb    1  Code  Hi   0xc0
    1075  RCC_USBCLKConfig           0x080021d1   Gb    1  Code  Hi   0x6
    1076  Read_CalibrationData       0x080021dd   Gb    1  Code  Hi   0x15e
    1077  Resume                     0x080023f1   Gb    1  Code  Hi   0xc2
    1078  Resume_Init                0x080024c1   Gb    1  Code  Hi   0x1e
    1079  SOF_Callback               0x080024e5   Gb    1  Code  Hi   0x54
    1080  SetBTABLE                  0x08002549   Gb    1  Code  Hi   0xc
    1081  SetDeviceAddress           0x08002559   Gb    1  Code  Hi   0x44
    1082  SetEPRxAddr                0x080025a9   Gb    1  Code  Hi   0x1a
    1083  SetEPRxCount               0x080025cd   Gb    1  Code  Hi   0x44
    1084  SetEPRxStatus              0x08002619   Gb    1  Code  Hi   0x3c
    1085  SetEPRxValid               0x08002659   Gb    1  Code  Hi   0x30
    1086  SetEPTxAddr                0x0800268d   Gb    1  Code  Hi   0x18
    1087  SetEPTxCount               0x080026ad   Gb    1  Code  Hi   0x14
    1088  SetEPTxStatus              0x080026c9   Gb    1  Code  Hi   0x3c
    1089  SetEPTxValid               0x08002709   Gb    1  Code  Hi   0x30
    1090  SetEPType                  0x0800273d   Gb    1  Code  Hi   0x20
    1091  Set_System                 0x08002849   Gb    1  Code  Hi   0x5e
    1092  Set_USBClock               0x080028c1   Gb    1  Code  Hi   0x12
    1093  Setup0_Process             0x080028d5   Gb    1  Code  Hi   0xaa
    1094  Standard_ClearFeature      0x0800298d   Gb    1  Code  Hi   0x156
    1095  Standard_GetConfiguration  0x08002af9   Gb    1  Code  Hi   0x22
    1096  Standard_GetDescriptorData 0x08002b25   Gb    1  Code  Hi   0x20
    1097  Standard_GetInterface      0x08002b49   Gb    1  Code  Hi   0x22
    1098  Standard_GetStatus         0x08002b75   Gb    1  Code  Hi   0xee
    1099  Standard_SetConfiguration  0x08002c75   Gb    1  Code  Hi   0x3c
    1100  Standard_SetDeviceFeature  0x08002cbd   Gb    1  Code  Hi   0x1e
    1101  Standard_SetEndPointFeature
                                    0x08002ce5   Gb    1  Code  Hi   0xc0
    1102  Standard_SetInterface      0x08002db5   Gb    1  Code  Hi   0x60
    1103  Suspend                    0x08002e21   Gb    1  Code  Hi   0xee
    1104  SysTick_Handler            0x08002f25   Gb    1  Code  Hi   0x16
    1105  SysTick_Init               0x08002f45   Gb    1  Code  Hi   0x72
    1106  SystemInit                 0x08002fe5   Gb    1  Code  Hi   0x4e
    1107  TIM1_UP_IRQHandler         0x08003045   Gb    1  Code  Hi   0x64
    1108  TIM_ClearFlag              0x080030b1   Gb    1  Code  Hi   0x6
    1109  TIM_ClearITPendingBit      0x080030b7   Gb    1  Code  Hi   0x6
    1110  TIM_Cmd                    0x080030bd   Gb    1  Code  Hi   0x18
    1111  TIM_GetITStatus            0x080030d5   Gb    1  Code  Hi   0x22
    1112  TIM_ITConfig               0x080030f7   Gb    1  Code  Hi   0x12
    1113  TIM_TimeBaseInit           0x08003109   Gb    1  Code  Hi   0x7a
    1114  USART2_IRQHandler          0x080031ad   Gb    1  Code  Hi   0xf2
    1115  USART_Cmd                  0x0800334d   Gb    1  Code  Hi   0x18
    1116  USART_Config               0x08003365   Gb    1  Code  Hi   0x84
    1117  USART_GetFlagStatus        0x080033f1   Gb    1  Code  Hi   0x1a
    1118  USART_ITConfig             0x0800340b   Gb    1  Code  Hi   0x4a
    1119  USART_Init                 0x08003455   Gb    1  Code  Hi   0xd2
    1120  USART_ReceiveData          0x0800352d   Gb    1  Code  Hi   0xa
    1121  USART_SendData             0x08003537   Gb    1  Code  Hi   0x8
    1122  USBWakeUp_IRQHandler       0x0800353f   Gb    1  Code  Hi   0xc
    1123  USB_Cable_Config           0x0800354b   Gb    1  Code  Hi   0x2
    1124  USB_Config                 0x0800354d   Gb    1  Code  Hi   0x14
    1125  USB_Init                   0x08003561   Gb    1  Code  Hi   0x24
    1126  USB_Interrupts_Config      0x0800359d   Gb    1  Code  Hi   0x34
    1127  USB_Istr                   0x080035d1   Gb    1  Code  Hi   0x1aa
    1128  USB_LP_CAN1_RX0_IRQHandler 0x080037a1   Gb    1  Code  Hi   0x8
    1129  USB_RxRead                 0x080037a9   Gb    1  Code  Hi   0x12
    1130  USB_RxWrite                0x080037c1   Gb    1  Code  Hi   0x12
    1131  USB_SIL_Init               0x080037d9   Gb    1  Code  Hi   0x1c
    1132  USB_SIL_Read               0x080037fd   Gb    1  Code  Hi   0x2e
    1133  USB_TxRead                 0x0800382d   Gb    1  Code  Hi   0x12
    1134  USB_TxWrite                0x08003845   Gb    1  Code  Hi   0x12
    1135  Usart_SendByte             0x0800385d   Gb    1  Code  Hi   0x38
    1136  Usart_SendString           0x08003895   Gb    1  Code  Hi   0x2a
    1137  UserToPMABufferCopy        0x080038c1   Gb    1  Code  Hi   0x34
    1138  Virtual_Com_Port_Data_Setup
                                    0x080038f9   Gb    1  Code  Hi   0x52
    1139  Virtual_Com_Port_GetConfigDescriptor
                                    0x0800395d   Gb    1  Code  Hi   0xe
    1140  Virtual_Com_Port_GetDeviceDescriptor
                                    0x08003971   Gb    1  Code  Hi   0xe
    1141  Virtual_Com_Port_GetLineCoding
                                    0x08003985   Gb    1  Code  Hi   0x14
    1142  Virtual_Com_Port_GetStringDescriptor
                                    0x080039a1   Gb    1  Code  Hi   0x20
    1143  Virtual_Com_Port_Get_Interface_Setting
                                    0x080039c9   Gb    1  Code  Hi   0x16
    1144  Virtual_Com_Port_NoData_Setup
                                    0x080039e1   Gb    1  Code  Hi   0x24
    1145  Virtual_Com_Port_Reset     0x08003a09   Gb    1  Code  Hi   0xd8
    1146  Virtual_Com_Port_SetConfiguration
                                    0x08003af1   Gb    1  Code  Hi   0xe
    1147  Virtual_Com_Port_SetDeviceAddress
                                    0x08003b09   Gb    1  Code  Hi   0x8
    1148  Virtual_Com_Port_SetLineCoding
                                    0x08003b15   Gb    1  Code  Hi   0x14
    1149  Virtual_Com_Port_Status_In 0x08003b31   Gb    1  Code  Hi   0x10
    1150  Virtual_Com_Port_Status_Out
                                    0x08003b45   Gb    1  Code  Hi   0x2
    1151  Virtual_Com_Port_init      0x08003b49   Gb    1  Code  Hi   0x1e
    1152  Write_OneByteToBMP180      0x08003b71   Gb    1  Code  Hi   0x22
    1153  __0printf$8                0x08003b95   Gb    1  Code  Hi   0x16
    1154  __1printf$8                0x08003b95   Gb    1  Code  Hi 
    1155  __2printf                  0x08003b95   Gb    1  Code  Hi 
    1156  __BusFault_Handler         0x08003bb5   Gb    1  Code  Hi   0x1c
    1157  __DebugMon_Handler         0x08003be1   Gb    1  Code  Hi   0x18
    1158  __HardFault_Handler        0x08003c09   Gb    1  Code  Hi   0x1fc
    1159  __MemManage_Handler        0x08003f99   Gb    1  Code  Hi   0x1c
    1160  __NMI_Handler              0x08003fc5   Gb    1  Code  Hi   0x1c
    1161  __UsageFault_Handler       0x08003ff1   Gb    1  Code  Hi   0x1c
    1162  __aeabi_errno_addr         0x0800401d   Gb    1  Code  Hi   0x4
    1163  __rt_errno_addr            0x0800401d   Gb    1  Code  Hi 
    1164  __assert                   0x08004025   Gb    1  Code  Hi   0x26
    1165  __local_irq_disable        0x08004065   Gb    1  Code  Hi   0x4
    1166  __local_irq_enable         0x08004069   Gb    1  Code  Hi   0x4
    1167  __scatterload_copy         0x0800406d   Gb    1  Code  Hi   0xe
    1168  __scatterload_null         0x0800407b   Gb    1  Code  Hi   0x2
    1169  __scatterload_zeroinit     0x0800407d   Gb    1  Code  Hi   0xe
    1170  bmp180_main                0x080044f1   Gb    1  Code  Hi   0x6a
    1171  cook                       0x08004d0d   Gb    1  Code  Hi   0x12
    1172  dht11_main                 0x08004d21   Gb    1  Code  Hi   0x5a
    1173  ds18b20_main               0x08004dc5   Gb    1  Code  Hi   0x34
    1174  flash_write                0x08004e15   Gb    1  Code  Hi   0x3d8
    1175  fputc                      0x0800533d   Gb    1  Code  Hi   0x44
    1176  get_systick                0x080053e9   Gb    1  Code  Hi   0x2a
    1177  get_time                   0x08005421   Gb    1  Code  Hi   0x8
    1178  gpio_init                  0x0800542d   Gb    1  Code  Hi   0x80
    1179  gpio_read                  0x080054dd   Gb    1  Code  Hi   0x5a
    1180  gpio_write                 0x08005569   Gb    1  Code  Hi   0x7c
    1181  hcsr04                     0x08005615   Gb    1  Code  Hi   0x9e
    1182  hcsr04_main                0x080056cd   Gb    1  Code  Hi   0xe
    1183  main                       0x080056dd   Gb    1  Code  Hi   0x21c
    1184  mdelay                     0x08005b1d   Gb    1  Code  Hi   0x34
    1185  print_chipid               0x08005bc5   Gb    1  Code  Hi   0x2a
    1186  shell                      0x08005c09   Gb    1  Code  Hi   0xc0
    1187  systest                    0x08005d59   Gb    1  Code  Hi   0x46
    1188  test_gpio_all              0x08005dc1   Gb    1  Code  Hi   0x126
    1189  timer_init                 0x08005f61   Gb    1  Code  Hi   0x20
    1190  uart_init                  0x08005f81   Gb    1  Code  Hi   0x8
    1191  uart_puts                  0x08005f89   Gb    1  Code  Hi   0xe
    1192  udelay                     0x08005f9d   Gb    1  Code  Hi   0x7c
    1193  usb_vcom_handler           0x08006025   Gb    1  Code  Hi   0x5e
    1194  watchdog_reset             0x080060a1   Gb    1  Code  Hi   0xc
    1195  Virtual_Com_Port_DeviceDescriptor
                                    0x08006190   Gb    1  Data  Hi   0x12
    1196  Virtual_Com_Port_ConfigDescriptor
                                    0x080061a2   Gb    1  Data  Hi   0x43
    1197  Virtual_Com_Port_StringLangID
                                    0x080061e5   Gb    1  Data  Hi   0x4
    1198  Virtual_Com_Port_StringVendor
                                    0x080061e9   Gb    1  Data  Hi   0x18
    1199  Virtual_Com_Port_StringProduct
                                    0x08006201   Gb    1  Data  Hi   0x26
    1200  __ctype_table              0x08006227   Gb    1  Data  Hi   0x81
    1201  Region$$Table$$Base        0x080065ac   Gb    1   --   Hi 
    1202  Load$$RW_IRAM1$$Base       0x080065cc   Gb  Abs   --   Hi 
    1203  Region$$Table$$Limit       0x080065cc   Gb    1   --   Hi 
    1204  Image$$RW_IRAM1$$Base      0x20000000   Gb  Abs   --   Hi 
    1205  usb_recv_buf_index         0x20000000   Gb    2  Data  Hi   0x4
    1206  io_type                    0x20000004   Gb    2  Data  Hi   0x4
    1207  flash_base                 0x20000008   Gb    2  Data  Hi   0x4
    1208  flash_size                 0x2000000c   Gb    2  Data  Hi   0x4
    1209  ram_base                   0x20000010   Gb    2  Data  Hi   0x4
    1210  ram_size                   0x20000014   Gb    2  Data  Hi   0x4
    1211  flash_load_base            0x20000018   Gb    2  Data  Hi   0x4
    1212  flash_image_base           0x2000001c   Gb    2  Data  Hi   0x4
    1213  flash_image_size           0x20000020   Gb    2  Data  Hi   0x4
    1214  ram_load_base              0x20000024   Gb    2  Data  Hi   0x4
    1215  ram_image_base             0x20000028   Gb    2  Data  Hi   0x4
    1216  ram_image_size             0x2000002c   Gb    2  Data  Hi   0x4
    1217  bss_image_base             0x20000030   Gb    2  Data  Hi   0x4
    1218  bss_image_size             0x20000034   Gb    2  Data  Hi   0x4
    1219  sys_banner                 0x20000038   Gb    2  Data  Hi   0x39
    1220  g_flag                     0x20000074   Gb    2  Data  Hi   0x4
    1221  default_log_level          0x20000078   Gb    2  Data  Hi   0x4
    1222  uart_work_mode             0x2000007c   Gb    2  Data  Hi   0x4
    1223  uart_recv_buf_index        0x20000080   Gb    2  Data  Hi   0x4
    1224  shell_cmd                  0x2000008c   Gb    2  Data  Hi   0x4
    1225  argc                       0x20000090   Gb    2  Data  Hi   0x4
    1226  ci                         0x20000094   Gb    2  Data  Hi   0x90
    1227  time                       0x20000128   Gb    2  Data  Hi   0x8
    1228  ds18b20_id                 0x20000134   Gb    2  Data  Hi   0x8
    1229  AC1                        0x20000140   Gb    2  Data  Hi   0x2
    1230  AC2                        0x20000142   Gb    2  Data  Hi   0x2
    1231  AC3                        0x20000144   Gb    2  Data  Hi   0x2
    1232  AC4                        0x20000146   Gb    2  Data  Hi   0x2
    1233  AC5                        0x20000148   Gb    2  Data  Hi   0x2
    1234  AC6                        0x2000014a   Gb    2  Data  Hi   0x2
    1235  B1                         0x2000014c   Gb    2  Data  Hi   0x2
    1236  B2                         0x2000014e   Gb    2  Data  Hi   0x2
    1237  MB                         0x20000150   Gb    2  Data  Hi   0x2
    1238  MC                         0x20000152   Gb    2  Data  Hi   0x2
    1239  MD                         0x20000154   Gb    2  Data  Hi   0x2
    1240  BMP180_ID                  0x20000156   Gb    2  Data  Hi   0x1
    1241  True_Temp                  0x20000158   Gb    2  Data  Hi   0x4
    1242  True_Press                 0x2000015c   Gb    2  Data  Hi   0x4
    1243  True_Press_1               0x20000160   Gb    2  Data  Hi   0x4
    1244  True_Altitude              0x20000164   Gb    2  Data  Hi   0x4
    1245  systick                    0x20000168   Gb    2  Data  Hi   0x8
    1246  sub_ci                     0x20000174   Gb    2  Data  Hi   0xc
    1247  StatusInfo                 0x20000180   Gb    2  Data  Hi   0x2
    1248  Data_Mul_MaxPacketSize     0x20000182   Gb    2  Data  Hi   0x1
    1249  EPindex                    0x20000184   Gb    2  Data  Hi   0x1
    1250  pInformation               0x20000188   Gb    2  Data  Hi   0x4
    1251  pProperty                  0x2000018c   Gb    2  Data  Hi   0x4
    1252  SaveState                  0x20000190   Gb    2  Data  Hi   0x2
    1253  wInterrupt_Mask            0x20000192   Gb    2  Data  Hi   0x2
    1254  pUser_Standard_Requests    0x20000194   Gb    2  Data  Hi   0x4
    1255  SaveRState                 0x20000198   Gb    2  Data  Hi   0x2
    1256  SaveTState                 0x2000019a   Gb    2  Data  Hi   0x2
    1257  HSEStartUpStatus           0x2000019c   Gb    2  Data  Hi   0x1
    1258  EXTI_InitStructure         0x200001a0   Gb    2  Data  Hi   0x8
    1259  Virtual_Com_Port_StringSerial
                                    0x200001a8   Gb    2  Data  Hi   0x26
    1260  wIstr                      0x200001d8   Gb    2  Data  Hi   0x2
    1261  bIntPackSOF                0x200001da   Gb    2  Data  Hi   0x1
    1262  esof_counter               0x200001dc   Gb    2  Data  Hi   0x4
    1263  wCNTR                      0x200001e0   Gb    2  Data  Hi   0x4
    1264  pEpInt_IN                  0x200001e4   Gb    2  Data  Hi   0x1c
    1265  pEpInt_OUT                 0x20000200   Gb    2  Data  Hi   0x1c
    1266  Request                    0x2000021c   Gb    2  Data  Hi   0x1
    1267  linecoding                 0x20000220   Gb    2  Data  Hi   0x8
    1268  Device_Table               0x20000228   Gb    2  Data  Hi   0x2
    1269  Device_Property            0x2000022c   Gb    2  Data  Hi   0x30
    1270  User_Standard_Requests     0x2000025c   Gb    2  Data  Hi   0x24
    1271  Device_Descriptor          0x20000280   Gb    2  Data  Hi   0x8
    1272  Config_Descriptor          0x20000288   Gb    2  Data  Hi   0x8
    1273  String_Descriptor          0x20000290   Gb    2  Data  Hi   0x20
    1274  bDeviceState               0x200002b0   Gb    2  Data  Hi   0x4
    1275  fSuspendEnabled            0x200002b4   Gb    2  Data  Hi   0x1
    1276  ResumeS                    0x200002b5   Gb    2  Data  Hi   0x2
    1277  remotewakeupon             0x200002b8   Gb    2  Data  Hi   0x4
    1278  SystemCoreClock            0x200002d0   Gb    2  Data  Hi   0x4
    1279  AHBPrescTable              0x200002d4   Gb    2  Data  Hi   0x10
    1280  __stdout                   0x200002e4   Gb    2  Data  Hi   0x4
    1281  usb_recv_buf               0x200002ec   Gb    3  Data  Hi   0x100
    1282  uart_recv_buf              0x200003ec   Gb    3  Data  Hi   0x100
    1283  argv                       0x200004ec   Gb    3  Data  Hi   0x80
    1284  Device_Info                0x2000096c   Gb    3  Data  Hi   0x1c
    1285  USART_InitStructure        0x20000988   Gb    3  Data  Hi   0x10
    1286  EP                         0x20001438   Gb    3  Data  Hi   0x20
    1287  __initial_sp               0x20001858   Gb    3  Data  Hi 


** Section #12 '.strtab' (SHT_STRTAB)
    Size   : 15544 bytes


** Section #13 '.note' (SHT_NOTE)
    Size   : 28 bytes (alignment 4)


** Section #14 '.comment' (SHT_PROGBITS)
    Size   : 57008 bytes


** Section #15 '.shstrtab' (SHT_STRTAB)
    Size   : 156 bytes


