Component: ARM Compiler 5.05 update 2 (build 169) Tool: armlink [4d0f33]

==============================================================================

Section Cross References

    main.o(i.enter_subsystem) refers to main.o(i.get_sysconfig) for get_sysconfig
    main.o(i.enter_subsystem) refers to printf8.o(i.__0printf$8) for __2printf
    main.o(i.enter_subsystem) refers to shell.o(i.shell) for shell
    main.o(i.enter_subsystem) refers to log.o(.data) for default_log_level
    main.o(i.fputc) refers to uart.o(i.Usart_SendByte) for Usart_SendByte
    main.o(i.fputc) refers to hw_config.o(i.USB_TxWrite) for USB_TxWrite
    main.o(i.fputc) refers to main.o(.data) for io_type
    main.o(i.get_sysconfig) refers to gpio.o(i.gpio_init) for gpio_init
    main.o(i.get_sysconfig) refers to gpio.o(i.gpio_read) for gpio_read
    main.o(i.get_sysconfig) refers to main.o(.data) for init
    main.o(i.main) refers to int.o(i.__local_irq_enable) for __local_irq_enable
    main.o(i.main) refers to uart.o(i.uart_init) for uart_init
    main.o(i.main) refers to main.o(i.enter_subsystem) for enter_subsystem
    main.o(i.main) refers to timer.o(i.timer_init) for timer_init
    main.o(i.main) refers to systick.o(i.SysTick_Init) for SysTick_Init
    main.o(i.main) refers to hw_config.o(i.USB_Config) for USB_Config
    main.o(i.main) refers to printf8.o(i.__0printf$8) for __2printf
    main.o(i.main) refers to main.o(i.print_chipid) for print_chipid
    main.o(i.main) refers to shell.o(i.shell) for shell
    main.o(i.main) refers to hw_config.o(i.USB_RxRead) for USB_RxRead
    main.o(i.main) refers to main.o(i.usb_vcom_handler) for usb_vcom_handler
    main.o(i.main) refers to dht11.o(i.dht11_main) for dht11_main
    main.o(i.main) refers to hcsr04.o(i.hcsr04_main) for hcsr04_main
    main.o(i.main) refers to ds18b20.o(i.ds18b20_main) for ds18b20_main
    main.o(i.main) refers to bmp180.o(i.bmp180_main) for bmp180_main
    main.o(i.main) refers to main.o(.data) for io_type
    main.o(i.main) refers to log.o(.data) for default_log_level
    main.o(i.main) refers to shell.o(.data) for shell_cmd
    main.o(i.print_chipid) refers to printf8.o(i.__0printf$8) for __2printf
    main.o(i.print_chipid) refers to log.o(.data) for default_log_level
    main.o(i.usb_vcom_handler) refers to printf8.o(i.__0printf$8) for __2printf
    main.o(i.usb_vcom_handler) refers to shell.o(i.shell) for shell
    main.o(i.usb_vcom_handler) refers to main.o(.data) for usb_recv_buf_index
    main.o(i.usb_vcom_handler) refers to main.o(.bss) for usb_recv_buf
    int.o(i.__BusFault_Handler) refers to printf8.o(i.__0printf$8) for __2printf
    int.o(i.__BusFault_Handler) refers to watchdog.o(i.watchdog_reset) for watchdog_reset
    int.o(i.__BusFault_Handler) refers to log.o(.data) for default_log_level
    int.o(i.__BusFault_Handler) refers to int.o(.constdata) for __func__
    int.o(i.__DebugMon_Handler) refers to printf8.o(i.__0printf$8) for __2printf
    int.o(i.__DebugMon_Handler) refers to log.o(.data) for default_log_level
    int.o(i.__DebugMon_Handler) refers to int.o(.constdata) for __func__
    int.o(i.__HardFault_Handler) refers to int.o(i.__local_irq_disable) for __local_irq_disable
    int.o(i.__HardFault_Handler) refers to printf8.o(i.__0printf$8) for __2printf
    int.o(i.__HardFault_Handler) refers to watchdog.o(i.watchdog_reset) for watchdog_reset
    int.o(i.__HardFault_Handler) refers to log.o(.data) for default_log_level
    int.o(i.__HardFault_Handler) refers to int.o(.constdata) for __func__
    int.o(i.__MemManage_Handler) refers to printf8.o(i.__0printf$8) for __2printf
    int.o(i.__MemManage_Handler) refers to watchdog.o(i.watchdog_reset) for watchdog_reset
    int.o(i.__MemManage_Handler) refers to log.o(.data) for default_log_level
    int.o(i.__MemManage_Handler) refers to int.o(.constdata) for __func__
    int.o(i.__NMI_Handler) refers to printf8.o(i.__0printf$8) for __2printf
    int.o(i.__NMI_Handler) refers to watchdog.o(i.watchdog_reset) for watchdog_reset
    int.o(i.__NMI_Handler) refers to log.o(.data) for default_log_level
    int.o(i.__NMI_Handler) refers to int.o(.constdata) for __func__
    int.o(i.__UsageFault_Handler) refers to printf8.o(i.__0printf$8) for __2printf
    int.o(i.__UsageFault_Handler) refers to watchdog.o(i.watchdog_reset) for watchdog_reset
    int.o(i.__UsageFault_Handler) refers to log.o(.data) for default_log_level
    int.o(i.__UsageFault_Handler) refers to int.o(.constdata) for __func__
    common.o(i.__assert) refers to printf8.o(i.__0printf$8) for __2printf
    common.o(i.__assert) refers to log.o(.data) for default_log_level
    gpio.o(i.gpio_init) refers to printf8.o(i.__0printf$8) for __2printf
    gpio.o(i.gpio_init) refers to stm32f10x_rcc.o(i.RCC_APB2PeriphClockCmd) for RCC_APB2PeriphClockCmd
    gpio.o(i.gpio_init) refers to stm32f10x_gpio.o(i.GPIO_Init) for GPIO_Init
    gpio.o(i.gpio_init) refers to log.o(.data) for default_log_level
[...]
    i.hcsr04                                 0x08006290   Section        0  hcsr04.o(i.hcsr04)
    i.hcsr04_main                            0x08006348   Section        0  hcsr04.o(i.hcsr04_main)
    i.main                                   0x08006358   Section        0  main.o(i.main)
    i.mdelay                                 0x0800679c   Section        0  timer.o(i.mdelay)
    i.nrf24l01_ble_broadcast                 0x080067d8   Section        0  nrf24l01.o(i.nrf24l01_ble_broadcast)
    i.parse_cmd                              0x08006a08   Section        0  shell.o(i.parse_cmd)
    parse_cmd                                0x08006a09   Thumb Code    98  shell.o(i.parse_cmd)
    i.print_chipid                           0x08006a74   Section        0  main.o(i.print_chipid)
    i.shell                                  0x08006ab8   Section        0  shell.o(i.shell)
    i.sub_cmd_help                           0x08006bc0   Section        0  systest.o(i.sub_cmd_help)
    sub_cmd_help                             0x08006bc1   Thumb Code    52  systest.o(i.sub_cmd_help)
    i.swapbits                               0x08006c08   Section        0  nrf24l01.o(i.swapbits)
    i.systest                                0x08006c60   Section        0  systest.o(i.systest)
    i.test_gpio_all                          0x08006cc8   Section        0  test_gpio.o(i.test_gpio_all)
    i.timer_init                             0x08006e68   Section        0  timer.o(i.timer_init)
    i.uart_init                              0x08006e88   Section        0  uart.o(i.uart_init)
    i.uart_puts                              0x08006e90   Section        0  uart.o(i.uart_puts)
    i.udelay                                 0x08006ea4   Section        0  systick.o(i.udelay)
    i.usb_vcom_handler                       0x08006f2c   Section        0  main.o(i.usb_vcom_handler)
    i.watchdog_reset                         0x08006fa8   Section        0  watchdog.o(i.watchdog_reset)
    .constdata                               0x08006fb4   Section      113  int.o(.constdata)
    __func__                                 0x08006fb4   Data          14  int.o(.constdata)
    __func__                                 0x08006fc2   Data          20  int.o(.constdata)
    __func__                                 0x08006fd6   Data          20  int.o(.constdata)
    __func__                                 0x08006fea   Data          19  int.o(.constdata)
    __func__                                 0x08006ffd   Data          21  int.o(.constdata)
    __func__                                 0x08007012   Data          19  int.o(.constdata)
    .constdata                               0x08007025   Section        9  shell.o(.constdata)
    __func__                                 0x08007025   Data           9  shell.o(.constdata)
    .constdata                               0x0800702e   Section       12  flash.o(.constdata)
    __func__                                 0x0800702e   Data          12  flash.o(.constdata)
    .constdata                               0x0800703a   Section       67  bmp180.o(.constdata)
    __func__                                 0x0800703a   Data          13  bmp180.o(.constdata)
    __func__                                 0x08007047   Data          28  bmp180.o(.constdata)
    __func__                                 0x08007063   Data          14  bmp180.o(.constdata)
    __func__                                 0x08007071   Data          12  bmp180.o(.constdata)
    .constdata                               0x0800707d   Section       13  systick.o(.constdata)
    __func__                                 0x0800707d   Data          13  systick.o(.constdata)
    .constdata                               0x0800708a   Section       24  gt911.o(.constdata)
    __func__                                 0x0800708a   Data          13  gt911.o(.constdata)
    __func__                                 0x08007097   Data          11  gt911.o(.constdata)
    .constdata                               0x080070a2   Section        6  nrf24l01.o(.constdata)
    chRf                                     0x080070a2   Data           3  nrf24l01.o(.constdata)
    chLe                                     0x080070a5   Data           3  nrf24l01.o(.constdata)
    .constdata                               0x080070a8   Section       14  test_gpio.o(.constdata)
    __func__                                 0x080070a8   Data          14  test_gpio.o(.constdata)
    .constdata                               0x080070b6   Section      151  usb_desc.o(.constdata)
    .constdata                               0x0800714d   Section      129  ctype_o.o(.constdata)
    .constdata                               0x080071d0   Section        4  ctype_o.o(.constdata)
    table                                    0x080071d0   Data           4  ctype_o.o(.constdata)
    .conststring                             0x080071d4   Section      862  shell.o(.conststring)
    .conststring                             0x08007534   Section        1  systest.o(.conststring)
    .data                                    0x20000000   Section      124  main.o(.data)
    init                                     0x20000078   Data           4  main.o(.data)
    .data                                    0x2000007c   Section        4  log.o(.data)
    .data                                    0x20000080   Section       16  uart.o(.data)
    i                                        0x20000088   Data           1  uart.o(.data)
    magic_cmd                                0x20000089   Data           7  uart.o(.data)
    .data                                    0x20000090   Section     1136  shell.o(.data)
    .data                                    0x20000500   Section        8  timer.o(.data)
    .data                                    0x20000508   Section        4  dht11.o(.data)
    init                                     0x20000508   Data           4  dht11.o(.data)
    .data                                    0x2000050c   Section       12  ds18b20.o(.data)
    init                                     0x20000514   Data           4  ds18b20.o(.data)
    .data                                    0x20000518   Section       40  bmp180.o(.data)
    .data                                    0x20000540   Section       12  systick.o(.data)
    TimingDelay                              0x20000548   Data           4  systick.o(.data)
    .data                                    0x2000054c   Section       11  nrf24l01.o(.data)
    ch                                       0x20000556   Data           1  nrf24l01.o(.data)
    .data                                    0x20000558   Section       12  systest.o(.data)
    .data                                    0x20000564   Section        3  usb_core.o(.data)
    .data                                    0x20000568   Section       20  usb_init.o(.data)
    .data                                    0x2000057c   Section        4  usb_int.o(.data)
    .data                                    0x20000580   Section       12  hw_config.o(.data)
    .data                                    0x2000058c   Section       38  usb_desc.o(.data)
    .data                                    0x200005b4   Section        8  usb_endp.o(.data)
    txFlg                                    0x200005b4   Data           1  usb_endp.o(.data)
    FrameCount                               0x200005b8   Data           4  usb_endp.o(.data)
    .data                                    0x200005bc   Section       68  usb_istr.o(.data)
    .data                                    0x20000600   Section      148  usb_prop.o(.data)
    .data                                    0x20000694   Section       12  usb_pwr.o(.data)
    .data                                    0x200006a0   Section       20  stm32f10x_rcc.o(.data)
    APBAHBPrescTable                         0x200006a0   Data          16  stm32f10x_rcc.o(.data)
    ADCPrescTable                            0x200006b0   Data           4  stm32f10x_rcc.o(.data)
    .data                                    0x200006b4   Section       20  system_stm32f10x.o(.data)
    .data                                    0x200006c8   Section        4  stdout.o(.data)
    .data                                    0x200006cc   Section        4  errno.o(.data)
    _errno                                   0x200006cc   Data           4  errno.o(.data)
    .bss                                     0x200006d0   Section      256  main.o(.bss)
    .bss                                     0x200007d0   Section      256  uart.o(.bss)
    .bss                                     0x200008d0   Section      128  shell.o(.bss)
    .bss                                     0x20000950   Section     1024  flash.o(.bss)
    page                                     0x20000950   Data        1024  flash.o(.bss)
    .bss                                     0x20000d50   Section       18  spi.o(.bss)
    .bss                                     0x20000d62   Section       32  nrf24l01.o(.bss)
    buf                                      0x20000d62   Data          32  nrf24l01.o(.bss)
    .bss                                     0x20000d84   Section       28  usb_init.o(.bss)
    .bss                                     0x20000da0   Section     2608  hw_config.o(.bss)
    m_QueueUsbComRx                          0x20000db0   Data          16  hw_config.o(.bss)
    m_QueueUsbComTx                          0x20000dc0   Data          16  hw_config.o(.bss)
    m_UsbComRxBuf                            0x20000dd0   Data        1280  hw_config.o(.bss)
    m_UsbComTxBuf                            0x200012d0   Data        1280  hw_config.o(.bss)
    .bss                                     0x200017d0   Section      128  usb_endp.o(.bss)
    txBuffter                                0x200017d0   Data          64  usb_endp.o(.bss)
    buffer                                   0x20001810   Data          64  usb_endp.o(.bss)
    .bss                                     0x20001850   Section       32  usb_pwr.o(.bss)
    STACK                                    0x20001870   Section     1024  startup_stm32f10x_md.o(STACK)

    Global Symbols

    Symbol Name                              Value     Ov Type        Size  Object(Section)

    BuildAttributes$$THM_ISAv4$P$D$K$B$S$PE$A:L22UL41UL21$X:L11$S22US41US21$IEEE1$IW$USESV6$~STKCKD$USESV7$~SHL$OTIME$ROPI$EBA8$MICROLIB$REQ8$PRES8$EABIv2 0x00000000   Number         0  anon$$obj.o ABSOLUTE
    __ARM_use_no_argv                        0x00000000   Number         0  main.o ABSOLUTE
    _printf_a                                0x00000000   Number         0  stubs.o ABSOLUTE
    _printf_c                                0x00000000   Number         0  stubs.o ABSOLUTE
    _printf_charcount                        0x00000000   Number         0  stubs.o ABSOLUTE
    _printf_d                                0x00000000   Number         0  stubs.o ABSOLUTE
    _printf_e                                0x00000000   Number         0  stubs.o ABSOLUTE
    _printf_f                                0x00000000   Number         0  stubs.o ABSOLUTE
    _printf_flags                            0x00000000   Number         0  stubs.o ABSOLUTE
    _printf_fp_dec                           0x00000000   Number         0  stubs.o ABSOLUTE
    _printf_fp_hex                           0x00000000   Number         0  stubs.o ABSOLUTE
    _printf_g                                0x00000000   Number         0  stubs.o ABSOLUTE
    _printf_i                                0x00000000   Number         0  stubs.o ABSOLUTE
    _printf_int_dec                          0x00000000   Number         0  stubs.o ABSOLUTE
    _printf_l                                0x00000000   Number         0  stubs.o ABSOLUTE
    _printf_lc                               0x00000000   Number         0  stubs.o ABSOLUTE
    _printf_ll                               0x00000000   Number         0  stubs.o ABSOLUTE
    _printf_lld                              0x00000000   Number         0  stubs.o ABSOLUTE
    _printf_lli                              0x00000000   Number         0  stubs.o ABSOLUTE
    _printf_llo                              0x00000000   Number         0  stubs.o ABSOLUTE
    _printf_llu                              0x00000000   Number         0  stubs.o ABSOLUTE
    _printf_llx                              0x00000000   Number         0  stubs.o ABSOLUTE
    _printf_longlong_dec                     0x00000000   Number         0  stubs.o ABSOLUTE
    _printf_longlong_hex                     0x00000000   Number         0  stubs.o ABSOLUTE
    _printf_longlong_oct                     0x00000000   Number         0  stubs.o ABSOLUTE
    _printf_ls                               0x00000000   Number         0  stubs.o ABSOLUTE
    _printf_mbtowc                           0x00000000   Number         0  stubs.o ABSOLUTE
    _printf_n                                0x00000000   Number         0  stubs.o ABSOLUTE
    _printf_o                                0x00000000   Number         0  stubs.o ABSOLUTE
    _printf_p                                0x00000000   Number         0  stubs.o ABSOLUTE
    _printf_percent                          0x00000000   Number         0  stubs.o ABSOLUTE
    _printf_pre_padding                      0x00000000   Number         0  stubs.o ABSOLUTE
    _printf_return_value                     0x00000000   Number         0  stubs.o ABSOLUTE
    _printf_s                                0x00000000   Number         0  stubs.o ABSOLUTE
    _printf_sizespec                         0x00000000   Number         0  stubs.o ABSOLUTE
    _printf_str                              0x00000000   Number         0  stubs.o ABSOLUTE
    _printf_truncate_signed                  0x00000000   Number         0  stubs.o ABSOLUTE
    _printf_truncate_unsigned                0x00000000   Number         0  stubs.o ABSOLUTE
    _printf_u                                0x00000000   Number         0  stubs.o ABSOLUTE
    _printf_wc                               0x00000000   Number         0  stubs.o ABSOLUTE
    _printf_wctomb                           0x00000000   Number         0  stubs.o ABSOLUTE
    _printf_widthprec                        0x00000000   Number         0  stubs.o ABSOLUTE
    _printf_x                                0x00000000   Number         0  stubs.o ABSOLUTE
    __cpp_initialize__aeabi_                  - Undefined Weak Reference
    __cxa_finalize                            - Undefined Weak Reference
    _clock_init                               - Undefined Weak Reference
    _microlib_exit                            - Undefined Weak Reference
    __Vectors_Size                           0x000000ec   Number         0  startup_stm32f10x_md.o ABSOLUTE
    Image$$RW_IRAM1$$Length                  0x000006d0   Number         0  anon$$obj.o ABSOLUTE
    Image$$ER_IROM1$$Length                  0x00007558   Number         0  anon$$obj.o ABSOLUTE
    Image$$ER_IROM1$$Base                    0x08000000   Number         0  anon$$obj.o ABSOLUTE
    Load$$ER_IROM1$$Base                     0x08000000   Number         0  anon$$obj.o ABSOLUTE
    __Vectors                                0x08000000   Data           4  startup_stm32f10x_md.o(RESET)
    __Vectors_End                            0x080000ec   Data           0  startup_stm32f10x_md.o(RESET)
    __main                                   0x080000ed   Thumb Code     0  entry.o(.ARM.Collect$$$$00000000)
    _main_stk                                0x080000ed   Thumb Code     0  entry2.o(.ARM.Collect$$$$00000001)
    _main_scatterload                        0x080000f1   Thumb Code     0  entry5.o(.ARM.Collect$$$$00000004)
    __main_after_scatterload                 0x080000f5   Thumb Code     0  entry5.o(.ARM.Collect$$$$00000004)
    _main_clock                              0x080000f5   Thumb Code     0  entry7b.o(.ARM.Collect$$$$00000008)
    _main_cpp_init                           0x080000f5   Thumb Code     0  entry8b.o(.ARM.Collect$$$$0000000A)
    _main_init                               0x080000f5   Thumb Code     0  entry9a.o(.ARM.Collect$$$$0000000B)
    __rt_final_cpp                           0x080000fd   Thumb Code     0  entry10a.o(.ARM.Collect$$$$0000000D)
    __rt_final_exit                          0x080000fd   Thumb Code     0  entry11a.o(.ARM.Collect$$$$0000000F)
    Reset_Handler                            0x08000101   Thumb Code     8  startup_stm32f10x_md.o(.text)
    NMI_Handler                              0x08000109   Thumb Code     6  startup_stm32f10x_md.o(.text)
    HardFault_Handler                        0x0800010f   Thumb Code    12  startup_stm32f10x_md.o(.text)
    MemManage_Handler                        0x0800011b   Thumb Code     6  startup_stm32f10x_md.o(.text)
    BusFault_Handler                         0x08000121   Thumb Code     6  startup_stm32f10x_md.o(.text)
    UsageFault_Handler                       0x08000127   Thumb Code     6  startup_stm32f10x_md.o(.text)
    SVC_Handler                              0x0800012d   Thumb Code     2  startup_stm32f10x_md.o(.text)
    DebugMon_Handler                         0x0800012f   Thumb Code     6  startup_stm32f10x_md.o(.text)
    PendSV_Handler                           0x08000135   Thumb Code     2  startup_stm32f10x_md.o(.text)
    ADC1_2_IRQHandler                        0x08000139   Thumb Code     0  startup_stm32f10x_md.o(.text)
    CAN1_RX1_IRQHandler                      0x08000139   Thumb Code     0  startup_stm32f10x_md.o(.text)
    CAN1_SCE_IRQHandler                      0x08000139   Thumb Code     0  startup_stm32f10x_md.o(.text)
    DMA1_Channel1_IRQHandler                 0x08000139   Thumb Code     0  startup_stm32f10x_md.o(.text)
    DMA1_Channel2_IRQHandler                 0x08000139   Thumb Code     0  startup_stm32f10x_md.o(.text)
    DMA1_Channel3_IRQHandler                 0x08000139   Thumb Code     0  startup_stm32f10x_md.o(.text)
    DMA1_Channel4_IRQHandler                 0x08000139   Thumb Code     0  startup_stm32f10x_md.o(.text)
    DMA1_Channel5_IRQHandler                 0x08000139   Thumb Code     0  startup_stm32f10x_md.o(.text)
    DMA1_Channel6_IRQHandler                 0x08000139   Thumb Code     0  startup_stm32f10x_md.o(.text)
    DMA1_Channel7_IRQHandler                 0x08000139   Thumb Code     0  startup_stm32f10x_md.o(.text)
    EXTI0_IRQHandler                         0x08000139   Thumb Code     0  startup_stm32f10x_md.o(.text)
    EXTI15_10_IRQHandler                     0x08000139   Thumb Code     0  startup_stm32f10x_md.o(.text)
    EXTI1_IRQHandler                         0x08000139   Thumb Code     0  startup_stm32f10x_md.o(.text)
    EXTI2_IRQHandler                         0x08000139   Thumb Code     0  startup_stm32f10x_md.o(.text)
    EXTI3_IRQHandler                         0x08000139   Thumb Code     0  startup_stm32f10x_md.o(.text)
    EXTI4_IRQHandler                         0x08000139   Thumb Code     0  startup_stm32f10x_md.o(.text)
    EXTI9_5_IRQHandler                       0x08000139   Thumb Code     0  startup_stm32f10x_md.o(.text)
    FLASH_IRQHandler                         0x08000139   Thumb Code     0  startup_stm32f10x_md.o(.text)
    I2C1_ER_IRQHandler                       0x08000139   Thumb Code     0  startup_stm32f10x_md.o(.text)
    I2C1_EV_IRQHandler                       0x08000139   Thumb Code     0  startup_stm32f10x_md.o(.text)
    I2C2_ER_IRQHandler                       0x08000139   Thumb Code     0  startup_stm32f10x_md.o(.text)
    I2C2_EV_IRQHandler                       0x08000139   Thumb Code     0  startup_stm32f10x_md.o(.text)
    PVD_IRQHandler                           0x08000139   Thumb Code     0  startup_stm32f10x_md.o(.text)
    RCC_IRQHandler                           0x08000139   Thumb Code     0  startup_stm32f10x_md.o(.text)
    RTCAlarm_IRQHandler                      0x08000139   Thumb Code     0  startup_stm32f10x_md.o(.text)
    RTC_IRQHandler                           0x08000139   Thumb Code     0  startup_stm32f10x_md.o(.text)
    SPI1_IRQHandler                          0x08000139   Thumb Code     0  startup_stm32f10x_md.o(.text)
    SPI2_IRQHandler                          0x08000139   Thumb Code     0  startup_stm32f10x_md.o(.text)
    TAMPER_IRQHandler                        0x08000139   Thumb Code     0  startup_stm32f10x_md.o(.text)
    TIM1_BRK_IRQHandler                      0x08000139   Thumb Code     0  startup_stm32f10x_md.o(.text)
    TIM1_CC_IRQHandler                       0x08000139   Thumb Code     0  startup_stm32f10x_md.o(.text)
    TIM1_TRG_COM_IRQHandler                  0x08000139   Thumb Code     0  startup_stm32f10x_md.o(.text)
    TIM2_IRQHandler                          0x08000139   Thumb Code     0  startup_stm32f10x_md.o(.text)
    TIM3_IRQHandler                          0x08000139   Thumb Code     0  startup_stm32f10x_md.o(.text)
    TIM4_IRQHandler                          0x08000139   Thumb Code     0  startup_stm32f10x_md.o(.text)
    USART1_IRQHandler                        0x08000139   Thumb Code     0  startup_stm32f10x_md.o(.text)
    USART3_IRQHandler                        0x08000139   Thumb Code     0  startup_stm32f10x_md.o(.text)
    USB_HP_CAN1_TX_IRQHandler                0x08000139   Thumb Code     0  startup_stm32f10x_md.o(.text)
    WWDG_IRQHandler                          0x08000139   Thumb Code     0  startup_stm32f10x_md.o(.text)
    __aeabi_uldivmod                         0x0800015d   Thumb Code    98  uldiv.o(.text)
    __aeabi_memset                           0x080001bf   Thumb Code    14  memseta.o(.text)
    __aeabi_memset4                          0x080001bf   Thumb Code     0  memseta.o(.text)
    __aeabi_memset8                          0x080001bf   Thumb Code     0  memseta.o(.text)
    __aeabi_memclr                           0x080001cd   Thumb Code     4  memseta.o(.text)
    __aeabi_memclr4                          0x080001cd   Thumb Code     0  memseta.o(.text)
    __aeabi_memclr8                          0x080001cd   Thumb Code     0  memseta.o(.text)
    _memset$wrapper                          0x080001d1   Thumb Code    18  memseta.o(.text)
    strlen                                   0x080001e3   Thumb Code    14  strlen.o(.text)
    strcmp                                   0x080001f1   Thumb Code    28  strcmp.o(.text)
    strtoul                                  0x0800020d   Thumb Code   114  strtoul.o(.text)
    __aeabi_dmul                             0x0800027f   Thumb Code   228  dmul.o(.text)
    __aeabi_ddiv                             0x08000363   Thumb Code   222  ddiv.o(.text)
    __aeabi_i2d                              0x08000441   Thumb Code    34  dflti.o(.text)
    __aeabi_d2iz                             0x08000463   Thumb Code    62  dfixi.o(.text)
    __aeabi_llsl                             0x080004a1   Thumb Code    30  llshl.o(.text)
    _ll_shift_l                              0x080004a1   Thumb Code     0  llshl.o(.text)
    __aeabi_llsr                             0x080004bf   Thumb Code    32  llushr.o(.text)
    _ll_ushift_r                             0x080004bf   Thumb Code     0  llushr.o(.text)
    __rt_ctype_table                         0x080004e1   Thumb Code     4  ctype_o.o(.text)
    _strtoul                                 0x080004e9   Thumb Code   158  _strtoul.o(.text)
    __I$use$fp                               0x08000587   Thumb Code     0  iusefp.o(.text)
    _double_round                            0x08000587   Thumb Code    30  depilogue.o(.text)
    _double_epilogue                         0x080005a5   Thumb Code   156  depilogue.o(.text)
    __scatterload                            0x08000641   Thumb Code    28  init.o(.text)
    __scatterload_rt2                        0x08000641   Thumb Code     0  init.o(.text)
    _chval                                   0x08000665   Thumb Code    28  _chval.o(.text)
    __decompress                             0x08000681   Thumb Code     0  __dclz77c.o(.text)
    __decompress2                            0x08000681   Thumb Code    94  __dclz77c.o(.text)
    BMP180_ReadOneByte                       0x0800075b   Thumb Code    58  bmp180.o(i.BMP180_ReadOneByte)
    BMP180_ReadTwoByte                       0x08000795   Thumb Code    84  bmp180.o(i.BMP180_ReadTwoByte)
    ByteSwap                                 0x080007e9   Thumb Code    12  usb_regs.o(i.ByteSwap)
    CTR_LP                                   0x080007f5   Thumb Code   616  usb_int.o(i.CTR_LP)
    ClearDTOG_RX                             0x08000a7d   Thumb Code    48  usb_regs.o(i.ClearDTOG_RX)
    ClearDTOG_TX                             0x08000ab1   Thumb Code    48  usb_regs.o(i.ClearDTOG_TX)
    Clear_Status_Out                         0x08000ae5   Thumb Code    34  usb_regs.o(i.Clear_Status_Out)
    Convert_UncompensatedToTrue              0x08000b0d   Thumb Code   382  bmp180.o(i.Convert_UncompensatedToTrue)
    DHT11_Init                               0x08000d19   Thumb Code    16  dht11.o(i.DHT11_Init)
    DHT11_Read_TempAndHumidity               0x08000dcd   Thumb Code   154  dht11.o(i.DHT11_Read_TempAndHumidity)
    DS18B20_GetTemp                          0x08000e99   Thumb Code   116  ds18b20.o(i.DS18B20_GetTemp)
    DS18B20_Init                             0x08000f11   Thumb Code    86  ds18b20.o(i.DS18B20_Init)
    DS18B20_ReadId                           0x080010bb   Thumb Code    30  ds18b20.o(i.DS18B20_ReadId)
    EP1_IN_Callback                          0x08001575   Thumb Code    66  usb_endp.o(i.EP1_IN_Callback)
    EP3_OUT_Callback                         0x080015c5   Thumb Code    28  usb_endp.o(i.EP3_OUT_Callback)
    EXTI_ClearITPendingBit                   0x080015e5   Thumb Code     6  stm32f10x_exti.o(i.EXTI_ClearITPendingBit)
    EXTI_Init                                0x080015f1   Thumb Code   142  stm32f10x_exti.o(i.EXTI_Init)
    FLASH_ClearFlag                          0x08001685   Thumb Code     6  stm32f10x_flash.o(i.FLASH_ClearFlag)
    FLASH_ErasePage                          0x08001691   Thumb Code    72  stm32f10x_flash.o(i.FLASH_ErasePage)
    FLASH_GetBank1Status                     0x080016dd   Thumb Code    48  stm32f10x_flash.o(i.FLASH_GetBank1Status)
    FLASH_Lock                               0x08001711   Thumb Code    14  stm32f10x_flash.o(i.FLASH_Lock)
    FLASH_ProgramWord                        0x08001725   Thumb Code   102  stm32f10x_flash.o(i.FLASH_ProgramWord)
    FLASH_Unlock                             0x08001791   Thumb Code    12  stm32f10x_flash.o(i.FLASH_Unlock)
    FLASH_WaitForLastOperation               0x080017a9   Thumb Code    38  stm32f10x_flash.o(i.FLASH_WaitForLastOperation)
    GPIO_Init                                0x080017cf   Thumb Code   278  stm32f10x_gpio.o(i.GPIO_Init)
    GPIO_ReadInputDataBit                    0x080018e5   Thumb Code    18  stm32f10x_gpio.o(i.GPIO_ReadInputDataBit)
    GPIO_ResetBits                           0x080018f7   Thumb Code     4  stm32f10x_gpio.o(i.GPIO_ResetBits)
    GPIO_SetBits                             0x080018fb   Thumb Code     4  stm32f10x_gpio.o(i.GPIO_SetBits)
    GetEPRxAddr                              0x08001901   Thumb Code    24  usb_regs.o(i.GetEPRxAddr)
    GetEPRxCount                             0x08001921   Thumb Code    26  usb_regs.o(i.GetEPRxCount)
    GetEPTxAddr                              0x08001945   Thumb Code    22  usb_regs.o(i.GetEPTxAddr)
    Get_BMP180UP                             0x08001965   Thumb Code    50  bmp180.o(i.Get_BMP180UP)
    Get_BMP180UT                             0x080019a9   Thumb Code    46  bmp180.o(i.Get_BMP180UT)
    Get_SerialNum                            0x080019e9   Thumb Code    42  hw_config.o(i.Get_SerialNum)
    IIC_PortInit                             0x08001a1d   Thumb Code    42  bmp180.o(i.IIC_PortInit)
    IIC_ReadByte                             0x08001a7d   Thumb Code    82  bmp180.o(i.IIC_ReadByte)
    IIC_ReceiveACK                           0x08001b31   Thumb Code    60  bmp180.o(i.IIC_ReceiveACK)
    IIC_SDAIntput                            0x08001bb5   Thumb Code    38  gt911.o(i.IIC_SDAIntput)
    IIC_SDAOutput                            0x08001be1   Thumb Code    38  gt911.o(i.IIC_SDAOutput)
    IIC_SendACK                              0x08001c0d   Thumb Code    58  bmp180.o(i.IIC_SendACK)
    IIC_SendByte                             0x08001c99   Thumb Code   126  bmp180.o(i.IIC_SendByte)
    IIC_Start                                0x08001dcd   Thumb Code    46  bmp180.o(i.IIC_Start)
    IIC_Stop                                 0x08001e39   Thumb Code    46  bmp180.o(i.IIC_Stop)
    IWDG_Config                              0x08001ea5   Thumb Code    36  watchdog.o(i.IWDG_Config)
    IWDG_Enable                              0x08001ec9   Thumb Code    10  stm32f10x_iwdg.o(i.IWDG_Enable)
    IWDG_ReloadCounter                       0x08001ed9   Thumb Code    10  stm32f10x_iwdg.o(i.IWDG_ReloadCounter)
    IWDG_SetPrescaler                        0x08001ee9   Thumb Code     6  stm32f10x_iwdg.o(i.IWDG_SetPrescaler)
    IWDG_SetReload                           0x08001ef5   Thumb Code     6  stm32f10x_iwdg.o(i.IWDG_SetReload)
    IWDG_WriteAccessCmd                      0x08001f01   Thumb Code     6  stm32f10x_iwdg.o(i.IWDG_WriteAccessCmd)
    In0_Process                              0x08001f0d   Thumb Code    98  usb_core.o(i.In0_Process)
    Leave_LowPowerMode                       0x08001fbd   Thumb Code    22  hw_config.o(i.Leave_LowPowerMode)
    NOP_Process                              0x08001fdd   Thumb Code     2  usb_core.o(i.NOP_Process)
    NRF24L01_Check                           0x08001fe1   Thumb Code    72  nrf24l01.o(i.NRF24L01_Check)
    NRF24L01_Init                            0x08002031   Thumb Code   164  nrf24l01.o(i.NRF24L01_Init)
    NRF24L01_Read_Buf                        0x080020e5   Thumb Code    56  nrf24l01.o(i.NRF24L01_Read_Buf)
    NRF24L01_Read_Reg                        0x08002121   Thumb Code    36  nrf24l01.o(i.NRF24L01_Read_Reg)
    NRF24L01_TxPacket                        0x0800214d   Thumb Code    94  nrf24l01.o(i.NRF24L01_TxPacket)
    NRF24L01_Write_Buf                       0x080021b5   Thumb Code    56  nrf24l01.o(i.NRF24L01_Write_Buf)
    NRF24L01_Write_Reg                       0x080021f1   Thumb Code    38  nrf24l01.o(i.NRF24L01_Write_Reg)
    NVIC_Init                                0x08002249   Thumb Code   100  misc.o(i.NVIC_Init)
    NVIC_PriorityGroupConfig                 0x080022b9   Thumb Code    10  misc.o(i.NVIC_PriorityGroupConfig)
    Out0_Process                             0x08002405   Thumb Code    70  usb_core.o(i.Out0_Process)
    PMAToUserBufferCopy                      0x08002455   Thumb Code    34  usb_mem.o(i.PMAToUserBufferCopy)
    Post0_Process                            0x0800247d   Thumb Code    54  usb_core.o(i.Post0_Process)
    PowerOn                                  0x080024c5   Thumb Code    54  usb_pwr.o(i.PowerOn)
    QUEUE_PacketCreate                       0x08002505   Thumb Code    14  queue.o(i.QUEUE_PacketCreate)
    QUEUE_PacketIn                           0x08002513   Thumb Code    60  queue.o(i.QUEUE_PacketIn)
    QUEUE_PacketOut                          0x0800254f   Thumb Code    58  queue.o(i.QUEUE_PacketOut)
    RCC_APB1PeriphClockCmd                   0x08002589   Thumb Code    26  stm32f10x_rcc.o(i.RCC_APB1PeriphClockCmd)
    RCC_APB2PeriphClockCmd                   0x080025a9   Thumb Code    26  stm32f10x_rcc.o(i.RCC_APB2PeriphClockCmd)
    RCC_GetClocksFreq                        0x080025c9   Thumb Code   192  stm32f10x_rcc.o(i.RCC_GetClocksFreq)
    RCC_USBCLKConfig                         0x0800269d   Thumb Code     6  stm32f10x_rcc.o(i.RCC_USBCLKConfig)
    Read_CalibrationData                     0x080026a9   Thumb Code   350  bmp180.o(i.Read_CalibrationData)
    Resume                                   0x080028bd   Thumb Code   194  usb_pwr.o(i.Resume)
    Resume_Init                              0x0800298d   Thumb Code    30  usb_pwr.o(i.Resume_Init)
    SOF_Callback                             0x080029b1   Thumb Code    84  usb_endp.o(i.SOF_Callback)
    SPI1_Init                                0x08002a15   Thumb Code   108  spi.o(i.SPI1_Init)
    SPI1_ReadWriteByte                       0x08002a8d   Thumb Code    78  spi.o(i.SPI1_ReadWriteByte)
    SPI1_SetSpeed                            0x08002ae1   Thumb Code    34  spi.o(i.SPI1_SetSpeed)
    SPI_Cmd                                  0x08002b09   Thumb Code    24  stm32f10x_spi.o(i.SPI_Cmd)
    SPI_I2S_GetFlagStatus                    0x08002b21   Thumb Code    18  stm32f10x_spi.o(i.SPI_I2S_GetFlagStatus)
    SPI_I2S_ReceiveData                      0x08002b33   Thumb Code     6  stm32f10x_spi.o(i.SPI_I2S_ReceiveData)
    SPI_I2S_SendData                         0x08002b39   Thumb Code     4  stm32f10x_spi.o(i.SPI_I2S_SendData)
    SPI_Init                                 0x08002b3d   Thumb Code    60  stm32f10x_spi.o(i.SPI_Init)
    SetBTABLE                                0x08002b79   Thumb Code    12  usb_regs.o(i.SetBTABLE)
    SetDeviceAddress                         0x08002b89   Thumb Code    68  usb_core.o(i.SetDeviceAddress)
    SetEPRxAddr                              0x08002bd9   Thumb Code    26  usb_regs.o(i.SetEPRxAddr)
    SetEPRxCount                             0x08002bfd   Thumb Code    68  usb_regs.o(i.SetEPRxCount)
    SetEPRxStatus                            0x08002c49   Thumb Code    60  usb_regs.o(i.SetEPRxStatus)
    SetEPRxValid                             0x08002c89   Thumb Code    48  usb_regs.o(i.SetEPRxValid)
    SetEPTxAddr                              0x08002cbd   Thumb Code    24  usb_regs.o(i.SetEPTxAddr)
    SetEPTxCount                             0x08002cdd   Thumb Code    20  usb_regs.o(i.SetEPTxCount)
    SetEPTxStatus                            0x08002cf9   Thumb Code    60  usb_regs.o(i.SetEPTxStatus)
    SetEPTxValid                             0x08002d39   Thumb Code    48  usb_regs.o(i.SetEPTxValid)
    SetEPType                                0x08002d6d   Thumb Code    32  usb_regs.o(i.SetEPType)
    Set_System                               0x08002e79   Thumb Code    94  hw_config.o(i.Set_System)
    Set_USBClock                             0x08002ef1   Thumb Code    18  hw_config.o(i.Set_USBClock)
    Setup0_Process                           0x08002f05   Thumb Code   170  usb_core.o(i.Setup0_Process)
    Standard_ClearFeature                    0x08002fbd   Thumb Code   342  usb_core.o(i.Standard_ClearFeature)
    Standard_GetConfiguration                0x08003129   Thumb Code    34  usb_core.o(i.Standard_GetConfiguration)
    Standard_GetDescriptorData               0x08003155   Thumb Code    32  usb_core.o(i.Standard_GetDescriptorData)
    Standard_GetInterface                    0x08003179   Thumb Code    34  usb_core.o(i.Standard_GetInterface)
    Standard_GetStatus                       0x080031a5   Thumb Code   238  usb_core.o(i.Standard_GetStatus)
    Standard_SetConfiguration                0x080032a5   Thumb Code    60  usb_core.o(i.Standard_SetConfiguration)
    Standard_SetDeviceFeature                0x080032ed   Thumb Code    30  usb_core.o(i.Standard_SetDeviceFeature)
    Standard_SetEndPointFeature              0x08003315   Thumb Code   192  usb_core.o(i.Standard_SetEndPointFeature)
    Standard_SetInterface                    0x080033e5   Thumb Code    96  usb_core.o(i.Standard_SetInterface)
    Suspend                                  0x08003451   Thumb Code   238  usb_pwr.o(i.Suspend)
    SysTick_Handler                          0x08003555   Thumb Code    22  systick.o(i.SysTick_Handler)
    SysTick_Init                             0x08003575   Thumb Code   114  systick.o(i.SysTick_Init)
    SystemInit                               0x08003615   Thumb Code    78  system_stm32f10x.o(i.SystemInit)
    TIM1_UP_IRQHandler                       0x08003675   Thumb Code   100  timer.o(i.TIM1_UP_IRQHandler)
    TIM_ClearFlag                            0x080036e1   Thumb Code     6  stm32f10x_tim.o(i.TIM_ClearFlag)
    TIM_ClearITPendingBit                    0x080036e7   Thumb Code     6  stm32f10x_tim.o(i.TIM_ClearITPendingBit)
    TIM_Cmd                                  0x080036ed   Thumb Code    24  stm32f10x_tim.o(i.TIM_Cmd)
    TIM_GetITStatus                          0x08003705   Thumb Code    34  stm32f10x_tim.o(i.TIM_GetITStatus)
    TIM_ITConfig                             0x08003727   Thumb Code    18  stm32f10x_tim.o(i.TIM_ITConfig)
    TIM_TimeBaseInit                         0x08003739   Thumb Code   122  stm32f10x_tim.o(i.TIM_TimeBaseInit)
    USART2_IRQHandler                        0x080037dd   Thumb Code   242  uart.o(i.USART2_IRQHandler)
    USART_Cmd                                0x0800397d   Thumb Code    24  stm32f10x_usart.o(i.USART_Cmd)
    USART_Config                             0x08003995   Thumb Code   132  uart.o(i.USART_Config)
    USART_GetFlagStatus                      0x08003a21   Thumb Code    26  stm32f10x_usart.o(i.USART_GetFlagStatus)
    USART_ITConfig                           0x08003a3b   Thumb Code    74  stm32f10x_usart.o(i.USART_ITConfig)
    USART_Init                               0x08003a85   Thumb Code   210  stm32f10x_usart.o(i.USART_Init)
    USART_ReceiveData                        0x08003b5d   Thumb Code    10  stm32f10x_usart.o(i.USART_ReceiveData)
    USART_SendData                           0x08003b67   Thumb Code     8  stm32f10x_usart.o(i.USART_SendData)
    USBWakeUp_IRQHandler                     0x08003b6f   Thumb Code    12  usb_it.o(i.USBWakeUp_IRQHandler)
    USB_Cable_Config                         0x08003b7b   Thumb Code     2  hw_config.o(i.USB_Cable_Config)
    USB_Config                               0x08003b7d   Thumb Code    20  hw_config.o(i.USB_Config)
    USB_Init                                 0x08003b91   Thumb Code    36  usb_init.o(i.USB_Init)
    USB_Interrupts_Config                    0x08003bcd   Thumb Code    52  hw_config.o(i.USB_Interrupts_Config)
    USB_Istr                                 0x08003c01   Thumb Code   426  usb_istr.o(i.USB_Istr)
    USB_LP_CAN1_RX0_IRQHandler               0x08003dd1   Thumb Code     8  usb_it.o(i.USB_LP_CAN1_RX0_IRQHandler)
    USB_RxRead                               0x08003dd9   Thumb Code    18  hw_config.o(i.USB_RxRead)
    USB_RxWrite                              0x08003df1   Thumb Code    18  hw_config.o(i.USB_RxWrite)
    USB_SIL_Init                             0x08003e09   Thumb Code    28  usb_sil.o(i.USB_SIL_Init)
    USB_SIL_Read                             0x08003e2d   Thumb Code    46  usb_sil.o(i.USB_SIL_Read)
    USB_TxRead                               0x08003e5d   Thumb Code    18  hw_config.o(i.USB_TxRead)
    USB_TxWrite                              0x08003e75   Thumb Code    18  hw_config.o(i.USB_TxWrite)
    Usart_SendByte                           0x08003e8d   Thumb Code    56  uart.o(i.Usart_SendByte)
    Usart_SendString                         0x08003ec5   Thumb Code    42  uart.o(i.Usart_SendString)
    UserToPMABufferCopy                      0x08003ef1   Thumb Code    52  usb_mem.o(i.UserToPMABufferCopy)
    Virtual_Com_Port_Data_Setup              0x08003f29   Thumb Code    82  usb_prop.o(i.Virtual_Com_Port_Data_Setup)
    Virtual_Com_Port_GetConfigDescriptor     0x08003f8d   Thumb Code    14  usb_prop.o(i.Virtual_Com_Port_GetConfigDescriptor)
    Virtual_Com_Port_GetDeviceDescriptor     0x08003fa1   Thumb Code    14  usb_prop.o(i.Virtual_Com_Port_GetDeviceDescriptor)
    Virtual_Com_Port_GetLineCoding           0x08003fb5   Thumb Code    20  usb_prop.o(i.Virtual_Com_Port_GetLineCoding)
    Virtual_Com_Port_GetStringDescriptor     0x08003fd1   Thumb Code    32  usb_prop.o(i.Virtual_Com_Port_GetStringDescriptor)
    Virtual_Com_Port_Get_Interface_Setting   0x08003ff9   Thumb Code    22  usb_prop.o(i.Virtual_Com_Port_Get_Interface_Setting)
    Virtual_Com_Port_NoData_Setup            0x08004011   Thumb Code    36  usb_prop.o(i.Virtual_Com_Port_NoData_Setup)
    Virtual_Com_Port_Reset                   0x08004039   Thumb Code   216  usb_prop.o(i.Virtual_Com_Port_Reset)
    Virtual_Com_Port_SetConfiguration        0x08004121   Thumb Code    14  usb_prop.o(i.Virtual_Com_Port_SetConfiguration)
    Virtual_Com_Port_SetDeviceAddress        0x08004139   Thumb Code     8  usb_prop.o(i.Virtual_Com_Port_SetDeviceAddress)
    Virtual_Com_Port_SetLineCoding           0x08004145   Thumb Code    20  usb_prop.o(i.Virtual_Com_Port_SetLineCoding)
    Virtual_Com_Port_Status_In               0x08004161   Thumb Code    16  usb_prop.o(i.Virtual_Com_Port_Status_In)
    Virtual_Com_Port_Status_Out              0x08004175   Thumb Code     2  usb_prop.o(i.Virtual_Com_Port_Status_Out)
    Virtual_Com_Port_init                    0x08004179   Thumb Code    30  usb_prop.o(i.Virtual_Com_Port_init)
    Write_OneByteToBMP180                    0x080041a1   Thumb Code    34  bmp180.o(i.Write_OneByteToBMP180)
    __0printf$8                              0x080041c5   Thumb Code    22  printf8.o(i.__0printf$8)
    __1printf$8                              0x080041c5   Thumb Code     0  printf8.o(i.__0printf$8)
    __2printf                                0x080041c5   Thumb Code     0  printf8.o(i.__0printf$8)
    __BusFault_Handler                       0x080041e5   Thumb Code    28  int.o(i.__BusFault_Handler)
    __DebugMon_Handler                       0x08004211   Thumb Code    24  int.o(i.__DebugMon_Handler)
    __HardFault_Handler                      0x08004239   Thumb Code   508  int.o(i.__HardFault_Handler)
    __MemManage_Handler                      0x080045c9   Thumb Code    28  int.o(i.__MemManage_Handler)
    __NMI_Handler                            0x080045f5   Thumb Code    28  int.o(i.__NMI_Handler)
    __UsageFault_Handler                     0x08004621   Thumb Code    28  int.o(i.__UsageFault_Handler)
    __aeabi_errno_addr                       0x0800464d   Thumb Code     4  errno.o(i.__aeabi_errno_addr)
    __rt_errno_addr                          0x0800464d   Thumb Code     0  errno.o(i.__aeabi_errno_addr)
    __assert                                 0x08004655   Thumb Code    38  common.o(i.__assert)
    __local_irq_disable                      0x08004695   Thumb Code     4  int.o(i.__local_irq_disable)
    __local_irq_enable                       0x08004699   Thumb Code     4  int.o(i.__local_irq_enable)
    __scatterload_copy                       0x0800469d   Thumb Code    14  handlers.o(i.__scatterload_copy)
    __scatterload_null                       0x080046ab   Thumb Code     2  handlers.o(i.__scatterload_null)
    __scatterload_zeroinit                   0x080046ad   Thumb Code    14  handlers.o(i.__scatterload_zeroinit)
    bmp180_main                              0x08004b21   Thumb Code   106  bmp180.o(i.bmp180_main)
    btLeCrc                                  0x08004bb9   Thumb Code   118  nrf24l01.o(i.btLeCrc)
    btLePacketEncode                         0x08004c2f   Thumb Code    90  nrf24l01.o(i.btLePacketEncode)
    btLeWhiten                               0x08004c89   Thumb Code    52  nrf24l01.o(i.btLeWhiten)
    cook                                     0x0800569d   Thumb Code    18  shell.o(i.cook)
    dht11_main                               0x080056b1   Thumb Code    90  dht11.o(i.dht11_main)
    ds18b20_main                             0x08005755   Thumb Code    52  ds18b20.o(i.ds18b20_main)
    enter_subsystem                          0x080057a5   Thumb Code    86  main.o(i.enter_subsystem)
    flash_write                              0x08005845   Thumb Code   984  flash.o(i.flash_write)
    fputc                                    0x08005d6d   Thumb Code    68  main.o(i.fputc)
    get_sysconfig                            0x08005e19   Thumb Code    70  main.o(i.get_sysconfig)
    get_systick                              0x08005e65   Thumb Code    42  systick.o(i.get_systick)
    get_time                                 0x08005e9d   Thumb Code     8  timer.o(i.get_time)
    gi_get                                   0x08005ea9   Thumb Code    54  shell.o(i.gi_get)
    gpio_init                                0x08005ee5   Thumb Code   128  gpio.o(i.gpio_init)
    gpio_read                                0x08005f95   Thumb Code    90  gpio.o(i.gpio_read)
    gpio_write                               0x08006021   Thumb Code   124  gpio.o(i.gpio_write)
    gt911_main                               0x080060cd   Thumb Code   222  gt911.o(i.gt911_main)
    gt911_read_reg                           0x080061ed   Thumb Code   132  gt911.o(i.gt911_read_reg)
    hcsr04                                   0x08006291   Thumb Code   158  hcsr04.o(i.hcsr04)
    hcsr04_main                              0x08006349   Thumb Code    14  hcsr04.o(i.hcsr04_main)
    main                                     0x08006359   Thumb Code   544  main.o(i.main)
    mdelay                                   0x0800679d   Thumb Code    52  timer.o(i.mdelay)
    nrf24l01_ble_broadcast                   0x080067d9   Thumb Code   540  nrf24l01.o(i.nrf24l01_ble_broadcast)
    print_chipid                             0x08006a75   Thumb Code    42  main.o(i.print_chipid)
    shell                                    0x08006ab9   Thumb Code   192  shell.o(i.shell)
    swapbits                                 0x08006c09   Thumb Code    86  nrf24l01.o(i.swapbits)
    systest                                  0x08006c61   Thumb Code    70  systest.o(i.systest)
    test_gpio_all                            0x08006cc9   Thumb Code   294  test_gpio.o(i.test_gpio_all)
    timer_init                               0x08006e69   Thumb Code    32  timer.o(i.timer_init)
    uart_init                                0x08006e89   Thumb Code     8  uart.o(i.uart_init)
    uart_puts                                0x08006e91   Thumb Code    14  uart.o(i.uart_puts)
    udelay                                   0x08006ea5   Thumb Code   124  systick.o(i.udelay)
    usb_vcom_handler                         0x08006f2d   Thumb Code    94  main.o(i.usb_vcom_handler)
    watchdog_reset                           0x08006fa9   Thumb Code    12  watchdog.o(i.watchdog_reset)
    Virtual_Com_Port_DeviceDescriptor        0x080070b6   Data          18  usb_desc.o(.constdata)
    Virtual_Com_Port_ConfigDescriptor        0x080070c8   Data          67  usb_desc.o(.constdata)
    Virtual_Com_Port_StringLangID            0x0800710b   Data           4  usb_desc.o(.constdata)
    Virtual_Com_Port_StringVendor            0x0800710f   Data          24  usb_desc.o(.constdata)
    Virtual_Com_Port_StringProduct           0x08007127   Data          38  usb_desc.o(.constdata)
    __ctype_table                            0x0800714d   Data         129  ctype_o.o(.constdata)
    Region$$Table$$Base                      0x08007538   Number         0  anon$$obj.o(Region$$Table)
    Load$$RW_IRAM1$$Base                     0x08007558   Number         0  anon$$obj.o ABSOLUTE
    Region$$Table$$Limit                     0x08007558   Number         0  anon$$obj.o(Region$$Table)
    Image$$RW_IRAM1$$Base                    0x20000000   Number         0  anon$$obj.o ABSOLUTE
    usb_recv_buf_index                       0x20000000   Data           4  main.o(.data)
    io_type                                  0x20000004   Data           4  main.o(.data)
    flash_base                               0x20000008   Data           4  main.o(.data)
    flash_size                               0x2000000c   Data           4  main.o(.data)
    ram_base                                 0x20000010   Data           4  main.o(.data)
    ram_size                                 0x20000014   Data           4  main.o(.data)
    flash_load_base                          0x20000018   Data           4  main.o(.data)
    flash_image_base                         0x2000001c   Data           4  main.o(.data)
    flash_image_size                         0x20000020   Data           4  main.o(.data)
    ram_load_base                            0x20000024   Data           4  main.o(.data)
    ram_image_base                           0x20000028   Data           4  main.o(.data)
    ram_image_size                           0x2000002c   Data           4  main.o(.data)
    bss_image_base                           0x20000030   Data           4  main.o(.data)
    bss_image_size                           0x20000034   Data           4  main.o(.data)
    sys_banner                               0x20000038   Data          57  main.o(.data)
    g_flag                                   0x20000074   Data           4  main.o(.data)
    default_log_level                        0x2000007c   Data           4  log.o(.data)
    uart_work_mode                           0x20000080   Data           4  uart.o(.data)
    uart_recv_buf_index                      0x20000084   Data           4  uart.o(.data)
    shell_cmd                                0x20000090   Data           4  shell.o(.data)
    argc                                     0x20000094   Data           4  shell.o(.data)
    ci                                       0x20000098   Data         168  shell.o(.data)
    gi                                       0x20000140   Data         960  shell.o(.data)
    time                                     0x20000500   Data           8  timer.o(.data)
    ds18b20_id                               0x2000050c   Data           8  ds18b20.o(.data)
    AC1                                      0x20000518   Data           2  bmp180.o(.data)
    AC2                                      0x2000051a   Data           2  bmp180.o(.data)
    AC3                                      0x2000051c   Data           2  bmp180.o(.data)
    AC4                                      0x2000051e   Data           2  bmp180.o(.data)
    AC5                                      0x20000520   Data           2  bmp180.o(.data)
    AC6                                      0x20000522   Data           2  bmp180.o(.data)
    B1                                       0x20000524   Data           2  bmp180.o(.data)
    B2                                       0x20000526   Data           2  bmp180.o(.data)
    MB                                       0x20000528   Data           2  bmp180.o(.data)
    MC                                       0x2000052a   Data           2  bmp180.o(.data)
    MD                                       0x2000052c   Data           2  bmp180.o(.data)
    BMP180_ID                                0x2000052e   Data           1  bmp180.o(.data)
    True_Temp                                0x20000530   Data           4  bmp180.o(.data)
    True_Press                               0x20000534   Data           4  bmp180.o(.data)
    True_Press_1                             0x20000538   Data           4  bmp180.o(.data)
    True_Altitude                            0x2000053c   Data           4  bmp180.o(.data)
    systick                                  0x20000540   Data           8  systick.o(.data)
    TX_ADDRESS                               0x2000054c   Data           5  nrf24l01.o(.data)
    RX_ADDRESS                               0x20000551   Data           5  nrf24l01.o(.data)
    sub_ci                                   0x20000558   Data          12  systest.o(.data)
    StatusInfo                               0x20000564   Data           2  usb_core.o(.data)
    Data_Mul_MaxPacketSize                   0x20000566   Data           1  usb_core.o(.data)
    EPindex                                  0x20000568   Data           1  usb_init.o(.data)
    pInformation                             0x2000056c   Data           4  usb_init.o(.data)
    pProperty                                0x20000570   Data           4  usb_init.o(.data)
    SaveState                                0x20000574   Data           2  usb_init.o(.data)
    wInterrupt_Mask                          0x20000576   Data           2  usb_init.o(.data)
    pUser_Standard_Requests                  0x20000578   Data           4  usb_init.o(.data)
    SaveRState                               0x2000057c   Data           2  usb_int.o(.data)
    SaveTState                               0x2000057e   Data           2  usb_int.o(.data)
    HSEStartUpStatus                         0x20000580   Data           1  hw_config.o(.data)
    EXTI_InitStructure                       0x20000584   Data           8  hw_config.o(.data)
    Virtual_Com_Port_StringSerial            0x2000058c   Data          38  usb_desc.o(.data)
    wIstr                                    0x200005bc   Data           2  usb_istr.o(.data)
    bIntPackSOF                              0x200005be   Data           1  usb_istr.o(.data)
    esof_counter                             0x200005c0   Data           4  usb_istr.o(.data)
    wCNTR                                    0x200005c4   Data           4  usb_istr.o(.data)
    pEpInt_IN                                0x200005c8   Data          28  usb_istr.o(.data)
    pEpInt_OUT                               0x200005e4   Data          28  usb_istr.o(.data)
    Request                                  0x20000600   Data           1  usb_prop.o(.data)
    linecoding                               0x20000604   Data           8  usb_prop.o(.data)
    Device_Table                             0x2000060c   Data           2  usb_prop.o(.data)
    Device_Property                          0x20000610   Data          48  usb_prop.o(.data)
    User_Standard_Requests                   0x20000640   Data          36  usb_prop.o(.data)
    Device_Descriptor                        0x20000664   Data           8  usb_prop.o(.data)
    Config_Descriptor                        0x2000066c   Data           8  usb_prop.o(.data)
    String_Descriptor                        0x20000674   Data          32  usb_prop.o(.data)
    bDeviceState                             0x20000694   Data           4  usb_pwr.o(.data)
    fSuspendEnabled                          0x20000698   Data           1  usb_pwr.o(.data)
    ResumeS                                  0x20000699   Data           2  usb_pwr.o(.data)
    remotewakeupon                           0x2000069c   Data           4  usb_pwr.o(.data)
    SystemCoreClock                          0x200006b4   Data           4  system_stm32f10x.o(.data)
    AHBPrescTable                            0x200006b8   Data          16  system_stm32f10x.o(.data)
    __stdout                                 0x200006c8   Data           4  stdout.o(.data)
    usb_recv_buf                             0x200006d0   Data         256  main.o(.bss)
    uart_recv_buf                            0x200007d0   Data         256  uart.o(.bss)
    argv                                     0x200008d0   Data         128  shell.o(.bss)
    SPI_InitStructure                        0x20000d50   Data          18  spi.o(.bss)
    Device_Info                              0x20000d84   Data          28  usb_init.o(.bss)
    USART_InitStructure                      0x20000da0   Data          16  hw_config.o(.bss)
    EP                                       0x20001850   Data          32  usb_pwr.o(.bss)
    __initial_sp                             0x20001c70   Data           0  startup_stm32f10x_md.o(STACK)



==============================================================================

Memory Map of the image

  Image Entry point : 0x080000ed

  Load Region LR_IROM1 (Base: 0x08000000, Size: 0x00007c28, Max: 0x00010000, ABSOLUTE, COMPRESSED[0x00007864])

    Execution Region ER_IROM1 (Base: 0x08000000, Size: 0x00007558, Max: 0x00010000, ABSOLUTE)

    Base Addr    Size         Type   Attr      Idx    E Section Name        Object

    0x08000000   0x000000ec   Data   RO         4348    RESET               startup_stm32f10x_md.o
    0x080000ec   0x00000000   Code   RO         4555  * .ARM.Collect$$$$00000000  mc_w.l(entry.o)
    0x080000ec   0x00000004   Code   RO         4843    .ARM.Collect$$$$00000001  mc_w.l(entry2.o)
    0x080000f0   0x00000004   Code   RO         4846    .ARM.Collect$$$$00000004  mc_w.l(entry5.o)
    0x080000f4   0x00000000   Code   RO         4848    .ARM.Collect$$$$00000008  mc_w.l(entry7b.o)
    0x080000f4   0x00000000   Code   RO         4850    .ARM.Collect$$$$0000000A  mc_w.l(entry8b.o)
    0x080000f4   0x00000008   Code   RO         4851    .ARM.Collect$$$$0000000B  mc_w.l(entry9a.o)
    0x080000fc   0x00000000   Code   RO         4853    .ARM.Collect$$$$0000000D  mc_w.l(entry10a.o)
    0x080000fc   0x00000000   Code   RO         4855    .ARM.Collect$$$$0000000F  mc_w.l(entry11a.o)
    0x080000fc   0x00000004   Code   RO         4844    .ARM.Collect$$$$00002712  mc_w.l(entry2.o)
    0x08000100   0x0000005c   Code   RO         4349    .text               startup_stm32f10x_md.o
    0x0800015c   0x00000062   Code   RO         4558    .text               mc_w.l(uldiv.o)
    0x080001be   0x00000024   Code   RO         4562    .text               mc_w.l(memseta.o)
    0x080001e2   0x0000000e   Code   RO         4564    .text               mc_w.l(strlen.o)
    0x080001f0   0x0000001c   Code   RO         4566    .text               mc_w.l(strcmp.o)
    0x0800020c   0x00000072   Code   RO         4831    .text               mc_w.l(strtoul.o)
    0x0800027e   0x000000e4   Code   RO         4833    .text               mf_w.l(dmul.o)
    0x08000362   0x000000de   Code   RO         4835    .text               mf_w.l(ddiv.o)
    0x08000440   0x00000022   Code   RO         4837    .text               mf_w.l(dflti.o)
    0x08000462   0x0000003e   Code   RO         4839    .text               mf_w.l(dfixi.o)
    0x080004a0   0x0000001e   Code   RO         4860    .text               mc_w.l(llshl.o)
    0x080004be   0x00000020   Code   RO         4862    .text               mc_w.l(llushr.o)
    0x080004de   0x00000002   PAD
    0x080004e0   0x00000008   Code   RO         4864    .text               mc_w.l(ctype_o.o)
    0x080004e8   0x0000009e   Code   RO         4899    .text               mc_w.l(_strtoul.o)
    0x08000586   0x00000000   Code   RO         4901    .text               mc_w.l(iusefp.o)
    0x08000586   0x000000ba   Code   RO         4904    .text               mf_w.l(depilogue.o)
    0x08000640   0x00000024   Code   RO         4912    .text               mc_w.l(init.o)
    0x08000664   0x0000001c   Code   RO         4916    .text               mc_w.l(_chval.o)
    0x08000680   0x0000005e   Code   RO         4926    .text               mc_w.l(__dclz77c.o)
    0x080006de   0x00000002   PAD
    0x080006e0   0x00000050   Code   RO          670    i.ADVANCE_TIM_Mode_Config  timer.o
    0x08000730   0x0000002a   Code   RO          671    i.ADVANCE_TIM_NVIC_Config  timer.o
    0x0800075a   0x0000003a   Code   RO          922    i.BMP180_ReadOneByte  bmp180.o
    0x08000794   0x00000054   Code   RO          923    i.BMP180_ReadTwoByte  bmp180.o
    0x080007e8   0x0000000c   Code   RO         1826    i.ByteSwap          usb_regs.o
    0x080007f4   0x00000288   Code   RO         1755    i.CTR_LP            usb_int.o
    0x08000a7c   0x00000034   Code   RO         1827    i.ClearDTOG_RX      usb_regs.o
    0x08000ab0   0x00000034   Code   RO         1828    i.ClearDTOG_TX      usb_regs.o
    0x08000ae4   0x00000028   Code   RO         1833    i.Clear_Status_Out  usb_regs.o
    0x08000b0c   0x000001e0   Code   RO          924    i.Convert_UncompensatedToTrue  bmp180.o
    0x08000cec   0x0000002c   Code   RO          725    i.DHT11_GPIO_Config  dht11.o
    0x08000d18   0x00000014   Code   RO          726    i.DHT11_Init        dht11.o
    0x08000d2c   0x0000001c   Code   RO          727    i.DHT11_Mode_IPU    dht11.o
    0x08000d48   0x00000024   Code   RO          728    i.DHT11_Mode_Out_PP  dht11.o
    0x08000d6c   0x00000060   Code   RO          729    i.DHT11_ReadByte    dht11.o
    0x08000dcc   0x000000a0   Code   RO          730    i.DHT11_Read_TempAndHumidity  dht11.o
    0x08000e6c   0x0000002c   Code   RO          782    i.DS18B20_GPIO_Config  ds18b20.o
    0x08000e98   0x00000078   Code   RO          783    i.DS18B20_GetTemp   ds18b20.o
    0x08000f10   0x0000009c   Code   RO          786    i.DS18B20_Init      ds18b20.o
    0x08000fac   0x00000012   Code   RO          787    i.DS18B20_MatchRom  ds18b20.o
    0x08000fbe   0x00000002   PAD
    0x08000fc0   0x0000001c   Code   RO          788    i.DS18B20_Mode_IPU  ds18b20.o
    0x08000fdc   0x00000024   Code   RO          789    i.DS18B20_Mode_Out_PP  ds18b20.o
    0x08001000   0x00000058   Code   RO          790    i.DS18B20_Presence  ds18b20.o
    0x08001058   0x00000040   Code   RO          791    i.DS18B20_ReadBit   ds18b20.o
    0x08001098   0x00000022   Code   RO          792    i.DS18B20_ReadByte  ds18b20.o
    0x080010ba   0x0000001e   Code   RO          793    i.DS18B20_ReadId    ds18b20.o
    0x080010d8   0x0000002c   Code   RO          794    i.DS18B20_Rst       ds18b20.o
    0x08001104   0x0000005c   Code   RO          796    i.DS18B20_WriteByte  ds18b20.o
    0x08001160   0x000000c0   Code   RO         1558    i.DataStageIn       usb_core.o
    0x08001220   0x000000bc   Code   RO         1559    i.DataStageOut      usb_core.o
    0x080012dc   0x00000298   Code   RO         1560    i.Data_Setup0       usb_core.o
    0x08001574   0x00000050   Code   RO         2418    i.EP1_IN_Callback   usb_endp.o
    0x080015c4   0x00000020   Code   RO         2419    i.EP3_OUT_Callback  usb_endp.o
    0x080015e4   0x0000000c   Code   RO         2912    i.EXTI_ClearITPendingBit  stm32f10x_exti.o
    0x080015f0   0x00000094   Code   RO         2917    i.EXTI_Init         stm32f10x_exti.o
    0x08001684   0x0000000c   Code   RO         2977    i.FLASH_ClearFlag   stm32f10x_flash.o
    0x08001690   0x0000004c   Code   RO         2982    i.FLASH_ErasePage   stm32f10x_flash.o
    0x080016dc   0x00000034   Code   RO         2983    i.FLASH_GetBank1Status  stm32f10x_flash.o
    0x08001710   0x00000014   Code   RO         2992    i.FLASH_Lock        stm32f10x_flash.o
    0x08001724   0x0000006c   Code   RO         2997    i.FLASH_ProgramWord  stm32f10x_flash.o
    0x08001790   0x00000018   Code   RO         3000    i.FLASH_Unlock      stm32f10x_flash.o
    0x080017a8   0x00000026   Code   RO         3004    i.FLASH_WaitForLastOperation  stm32f10x_flash.o
    0x080017ce   0x00000116   Code   RO         3169    i.GPIO_Init         stm32f10x_gpio.o
    0x080018e4   0x00000012   Code   RO         3173    i.GPIO_ReadInputDataBit  stm32f10x_gpio.o
    0x080018f6   0x00000004   Code   RO         3176    i.GPIO_ResetBits    stm32f10x_gpio.o
    0x080018fa   0x00000004   Code   RO         3177    i.GPIO_SetBits      stm32f10x_gpio.o
    0x080018fe   0x00000002   PAD
    0x08001900   0x00000020   Code   RO         1845    i.GetEPRxAddr       usb_regs.o
    0x08001920   0x00000024   Code   RO         1846    i.GetEPRxCount      usb_regs.o
    0x08001944   0x00000020   Code   RO         1848    i.GetEPTxAddr       usb_regs.o
    0x08001964   0x00000044   Code   RO          925    i.Get_BMP180UP      bmp180.o
    0x080019a8   0x00000040   Code   RO          926    i.Get_BMP180UT      bmp180.o
    0x080019e8   0x00000034   Code   RO         2235    i.Get_SerialNum     hw_config.o
    0x08001a1c   0x00000030   Code   RO          928    i.IIC_PortInit      bmp180.o
    0x08001a4c   0x00000030   Code   RO         1124    i.IIC_PortInit      gt911.o
    0x08001a7c   0x00000058   Code   RO          929    i.IIC_ReadByte      bmp180.o
    0x08001ad4   0x0000005c   Code   RO         1125    i.IIC_ReadByte      gt911.o
    0x08001b30   0x00000040   Code   RO          930    i.IIC_ReceiveACK    bmp180.o
    0x08001b70   0x00000044   Code   RO         1126    i.IIC_ReceiveACK    gt911.o
    0x08001bb4   0x0000002c   Code   RO         1127    i.IIC_SDAIntput     gt911.o
    0x08001be0   0x0000002c   Code   RO         1128    i.IIC_SDAOutput     gt911.o
    0x08001c0c   0x00000040   Code   RO          931    i.IIC_SendACK       bmp180.o
    0x08001c4c   0x0000004c   Code   RO         1129    i.IIC_SendACK       gt911.o
    0x08001c98   0x00000098   Code   RO          932    i.IIC_SendByte      bmp180.o
    0x08001d30   0x0000009c   Code   RO         1130    i.IIC_SendByte      gt911.o
    0x08001dcc   0x00000034   Code   RO          934    i.IIC_Start         bmp180.o
    0x08001e00   0x00000038   Code   RO         1132    i.IIC_Start         gt911.o
    0x08001e38   0x00000034   Code   RO          935    i.IIC_Stop          bmp180.o
    0x08001e6c   0x00000038   Code   RO         1133    i.IIC_Stop          gt911.o
    0x08001ea4   0x00000024   Code   RO          427    i.IWDG_Config       watchdog.o
    0x08001ec8   0x00000010   Code   RO         3289    i.IWDG_Enable       stm32f10x_iwdg.o
    0x08001ed8   0x00000010   Code   RO         3291    i.IWDG_ReloadCounter  stm32f10x_iwdg.o
    0x08001ee8   0x0000000c   Code   RO         3292    i.IWDG_SetPrescaler  stm32f10x_iwdg.o
    0x08001ef4   0x0000000c   Code   RO         3293    i.IWDG_SetReload    stm32f10x_iwdg.o
    0x08001f00   0x0000000c   Code   RO         3294    i.IWDG_WriteAccessCmd  stm32f10x_iwdg.o
    0x08001f0c   0x00000070   Code   RO         1561    i.In0_Process       usb_core.o
    0x08001f7c   0x0000003e   Code   RO         2236    i.IntToUnicode      hw_config.o
    0x08001fba   0x00000002   PAD
    0x08001fbc   0x00000020   Code   RO         2237    i.Leave_LowPowerMode  hw_config.o
    0x08001fdc   0x00000002   Code   RO         1562    i.NOP_Process       usb_core.o
    0x08001fde   0x00000002   PAD
    0x08001fe0   0x00000050   Code   RO         1259    i.NRF24L01_Check    nrf24l01.o
    0x08002030   0x000000b4   Code   RO         1260    i.NRF24L01_Init     nrf24l01.o
    0x080020e4   0x0000003c   Code   RO         1262    i.NRF24L01_Read_Buf  nrf24l01.o
    0x08002120   0x0000002c   Code   RO         1263    i.NRF24L01_Read_Reg  nrf24l01.o
    0x0800214c   0x00000068   Code   RO         1266    i.NRF24L01_TxPacket  nrf24l01.o
    0x080021b4   0x0000003c   Code   RO         1267    i.NRF24L01_Write_Buf  nrf24l01.o
    0x080021f0   0x00000030   Code   RO         1268    i.NRF24L01_Write_Reg  nrf24l01.o
    0x08002220   0x00000026   Code   RO          342    i.NVIC_Configuration  uart.o
    0x08002246   0x00000002   PAD
    0x08002248   0x00000070   Code   RO         2779    i.NVIC_Init         misc.o
    0x080022b8   0x00000014   Code   RO         2780    i.NVIC_PriorityGroupConfig  misc.o
    0x080022cc   0x00000138   Code   RO         1563    i.NoData_Setup0     usb_core.o
    0x08002404   0x00000050   Code   RO         1564    i.Out0_Process      usb_core.o
    0x08002454   0x00000028   Code   RO         1796    i.PMAToUserBufferCopy  usb_mem.o
    0x0800247c   0x00000048   Code   RO         1565    i.Post0_Process     usb_core.o
    0x080024c4   0x00000040   Code   RO         2644    i.PowerOn           usb_pwr.o
    0x08002504   0x0000000e   Code   RO         2696    i.QUEUE_PacketCreate  queue.o
    0x08002512   0x0000003c   Code   RO         2698    i.QUEUE_PacketIn    queue.o
    0x0800254e   0x0000003a   Code   RO         2700    i.QUEUE_PacketOut   queue.o
    0x08002588   0x00000020   Code   RO         3345    i.RCC_APB1PeriphClockCmd  stm32f10x_rcc.o
    0x080025a8   0x00000020   Code   RO         3347    i.RCC_APB2PeriphClockCmd  stm32f10x_rcc.o
    0x080025c8   0x000000d4   Code   RO         3355    i.RCC_GetClocksFreq  stm32f10x_rcc.o
    0x0800269c   0x0000000c   Code   RO         3373    i.RCC_USBCLKConfig  stm32f10x_rcc.o
    0x080026a8   0x00000214   Code   RO          936    i.Read_CalibrationData  bmp180.o
    0x080028bc   0x000000d0   Code   RO         2645    i.Resume            usb_pwr.o
    0x0800298c   0x00000024   Code   RO         2646    i.Resume_Init       usb_pwr.o
    0x080029b0   0x00000064   Code   RO         2420    i.SOF_Callback      usb_endp.o
    0x08002a14   0x00000078   Code   RO         1217    i.SPI1_Init         spi.o
    0x08002a8c   0x00000054   Code   RO         1218    i.SPI1_ReadWriteByte  spi.o
    0x08002ae0   0x00000028   Code   RO         1219    i.SPI1_SetSpeed     spi.o
    0x08002b08   0x00000018   Code   RO         4407    i.SPI_Cmd           stm32f10x_spi.o
    0x08002b20   0x00000012   Code   RO         4415    i.SPI_I2S_GetFlagStatus  stm32f10x_spi.o
    0x08002b32   0x00000006   Code   RO         4418    i.SPI_I2S_ReceiveData  stm32f10x_spi.o
    0x08002b38   0x00000004   Code   RO         4419    i.SPI_I2S_SendData  stm32f10x_spi.o
    0x08002b3c   0x0000003c   Code   RO         4420    i.SPI_Init          stm32f10x_spi.o
    0x08002b78   0x00000010   Code   RO         1856    i.SetBTABLE         usb_regs.o
    0x08002b88   0x00000050   Code   RO         1566    i.SetDeviceAddress  usb_core.o
    0x08002bd8   0x00000024   Code   RO         1870    i.SetEPRxAddr       usb_regs.o
    0x08002bfc   0x0000004c   Code   RO         1871    i.SetEPRxCount      usb_regs.o
    0x08002c48   0x00000040   Code   RO         1872    i.SetEPRxStatus     usb_regs.o
    0x08002c88   0x00000034   Code   RO         1873    i.SetEPRxValid      usb_regs.o
    0x08002cbc   0x00000020   Code   RO         1874    i.SetEPTxAddr       usb_regs.o
    0x08002cdc   0x0000001c   Code   RO         1875    i.SetEPTxCount      usb_regs.o
    0x08002cf8   0x00000040   Code   RO         1876    i.SetEPTxStatus     usb_regs.o
    0x08002d38   0x00000034   Code   RO         1877    i.SetEPTxValid      usb_regs.o
    0x08002d6c   0x00000024   Code   RO         1878    i.SetEPType         usb_regs.o
    0x08002d90   0x00000008   Code   RO         4356    i.SetSysClock       system_stm32f10x.o
    0x08002d98   0x000000e0   Code   RO         4357    i.SetSysClockTo72   system_stm32f10x.o
    0x08002e78   0x00000078   Code   RO         2238    i.Set_System        hw_config.o
    0x08002ef0   0x00000012   Code   RO         2239    i.Set_USBClock      hw_config.o
    0x08002f02   0x00000002   PAD
    0x08002f04   0x000000b8   Code   RO         1567    i.Setup0_Process    usb_core.o
    0x08002fbc   0x0000016c   Code   RO         1568    i.Standard_ClearFeature  usb_core.o
    0x08003128   0x0000002c   Code   RO         1569    i.Standard_GetConfiguration  usb_core.o
    0x08003154   0x00000024   Code   RO         1570    i.Standard_GetDescriptorData  usb_core.o
    0x08003178   0x0000002c   Code   RO         1571    i.Standard_GetInterface  usb_core.o
    0x080031a4   0x00000100   Code   RO         1572    i.Standard_GetStatus  usb_core.o
    0x080032a4   0x00000048   Code   RO         1573    i.Standard_SetConfiguration  usb_core.o
    0x080032ec   0x00000028   Code   RO         1574    i.Standard_SetDeviceFeature  usb_core.o
    0x08003314   0x000000d0   Code   RO         1575    i.Standard_SetEndPointFeature  usb_core.o
    0x080033e4   0x0000006c   Code   RO         1576    i.Standard_SetInterface  usb_core.o
    0x08003450   0x00000104   Code   RO         2647    i.Suspend           usb_pwr.o
    0x08003554   0x00000020   Code   RO         1064    i.SysTick_Handler   systick.o
    0x08003574   0x000000a0   Code   RO         1065    i.SysTick_Init      systick.o
    0x08003614   0x00000060   Code   RO         4359    i.SystemInit        system_stm32f10x.o
    0x08003674   0x0000006c   Code   RO          672    i.TIM1_UP_IRQHandler  timer.o
    0x080036e0   0x00000006   Code   RO         3565    i.TIM_ClearFlag     stm32f10x_tim.o
    0x080036e6   0x00000006   Code   RO         3566    i.TIM_ClearITPendingBit  stm32f10x_tim.o
    0x080036ec   0x00000018   Code   RO         3571    i.TIM_Cmd           stm32f10x_tim.o
    0x08003704   0x00000022   Code   RO         3592    i.TIM_GetITStatus   stm32f10x_tim.o
    0x08003726   0x00000012   Code   RO         3596    i.TIM_ITConfig      stm32f10x_tim.o
    0x08003738   0x000000a4   Code   RO         3642    i.TIM_TimeBaseInit  stm32f10x_tim.o
    0x080037dc   0x000001a0   Code   RO          343    i.USART2_IRQHandler  uart.o
    0x0800397c   0x00000018   Code   RO         4119    i.USART_Cmd         stm32f10x_usart.o
    0x08003994   0x0000008c   Code   RO          344    i.USART_Config      uart.o
    0x08003a20   0x0000001a   Code   RO         4122    i.USART_GetFlagStatus  stm32f10x_usart.o
    0x08003a3a   0x0000004a   Code   RO         4125    i.USART_ITConfig    stm32f10x_usart.o
    0x08003a84   0x000000d8   Code   RO         4126    i.USART_Init        stm32f10x_usart.o
    0x08003b5c   0x0000000a   Code   RO         4133    i.USART_ReceiveData  stm32f10x_usart.o
    0x08003b66   0x00000008   Code   RO         4136    i.USART_SendData    stm32f10x_usart.o
    0x08003b6e   0x0000000c   Code   RO         2494    i.USBWakeUp_IRQHandler  usb_it.o
    0x08003b7a   0x00000002   Code   RO         2240    i.USB_Cable_Config  hw_config.o
    0x08003b7c   0x00000014   Code   RO         2241    i.USB_Config        hw_config.o
    0x08003b90   0x0000003c   Code   RO         1719    i.USB_Init          usb_init.o
    0x08003bcc   0x00000034   Code   RO         2242    i.USB_Interrupts_Config  hw_config.o
    0x08003c00   0x000001d0   Code   RO         2464    i.USB_Istr          usb_istr.o
    0x08003dd0   0x00000008   Code   RO         2495    i.USB_LP_CAN1_RX0_IRQHandler  usb_it.o
    0x08003dd8   0x00000018   Code   RO         2243    i.USB_RxRead        hw_config.o
    0x08003df0   0x00000018   Code   RO         2244    i.USB_RxWrite       hw_config.o
    0x08003e08   0x00000024   Code   RO         2198    i.USB_SIL_Init      usb_sil.o
    0x08003e2c   0x0000002e   Code   RO         2199    i.USB_SIL_Read      usb_sil.o
    0x08003e5a   0x00000002   PAD
    0x08003e5c   0x00000018   Code   RO         2245    i.USB_TxRead        hw_config.o
    0x08003e74   0x00000018   Code   RO         2246    i.USB_TxWrite       hw_config.o
    0x08003e8c   0x00000038   Code   RO          345    i.Usart_SendByte    uart.o
    0x08003ec4   0x0000002a   Code   RO          347    i.Usart_SendString  uart.o
    0x08003eee   0x00000002   PAD
    0x08003ef0   0x00000038   Code   RO         1797    i.UserToPMABufferCopy  usb_mem.o
    0x08003f28   0x00000064   Code   RO         2530    i.Virtual_Com_Port_Data_Setup  usb_prop.o
    0x08003f8c   0x00000014   Code   RO         2531    i.Virtual_Com_Port_GetConfigDescriptor  usb_prop.o
    0x08003fa0   0x00000014   Code   RO         2532    i.Virtual_Com_Port_GetDeviceDescriptor  usb_prop.o
    0x08003fb4   0x0000001c   Code   RO         2533    i.Virtual_Com_Port_GetLineCoding  usb_prop.o
    0x08003fd0   0x00000028   Code   RO         2534    i.Virtual_Com_Port_GetStringDescriptor  usb_prop.o
    0x08003ff8   0x00000016   Code   RO         2535    i.Virtual_Com_Port_Get_Interface_Setting  usb_prop.o
    0x0800400e   0x00000002   PAD
    0x08004010   0x00000028   Code   RO         2536    i.Virtual_Com_Port_NoData_Setup  usb_prop.o
    0x08004038   0x000000e8   Code   RO         2537    i.Virtual_Com_Port_Reset  usb_prop.o
    0x08004120   0x00000018   Code   RO         2538    i.Virtual_Com_Port_SetConfiguration  usb_prop.o
    0x08004138   0x0000000c   Code   RO         2539    i.Virtual_Com_Port_SetDeviceAddress  usb_prop.o
    0x08004144   0x0000001c   Code   RO         2540    i.Virtual_Com_Port_SetLineCoding  usb_prop.o
    0x08004160   0x00000014   Code   RO         2541    i.Virtual_Com_Port_Status_In  usb_prop.o
    0x08004174   0x00000002   Code   RO         2542    i.Virtual_Com_Port_Status_Out  usb_prop.o
    0x08004176   0x00000002   PAD
    0x08004178   0x00000028   Code   RO         2543    i.Virtual_Com_Port_init  usb_prop.o
    0x080041a0   0x00000022   Code   RO          937    i.Write_OneByteToBMP180  bmp180.o
    0x080041c2   0x00000002   PAD
    0x080041c4   0x00000020   Code   RO         4777    i.__0printf$8       mc_w.l(printf8.o)
    0x080041e4   0x0000002c   Code   RO          178    i.__BusFault_Handler  int.o
    0x08004210   0x00000028   Code   RO          179    i.__DebugMon_Handler  int.o
    0x08004238   0x00000390   Code   RO          180    i.__HardFault_Handler  int.o
    0x080045c8   0x0000002c   Code   RO          181    i.__MemManage_Handler  int.o
    0x080045f4   0x0000002c   Code   RO          182    i.__NMI_Handler     int.o
    0x08004620   0x0000002c   Code   RO          183    i.__UsageFault_Handler  int.o
    0x0800464c   0x00000008   Code   RO         4892    i.__aeabi_errno_addr  mc_w.l(errno.o)
    0x08004654   0x00000040   Code   RO          248    i.__assert          common.o
    0x08004694   0x00000004   Code   RO          184    i.__local_irq_disable  int.o
    0x08004698   0x00000004   Code   RO          185    i.__local_irq_enable  int.o
    0x0800469c   0x0000000e   Code   RO         4920    i.__scatterload_copy  mc_w.l(handlers.o)
    0x080046aa   0x00000002   Code   RO         4921    i.__scatterload_null  mc_w.l(handlers.o)
    0x080046ac   0x0000000e   Code   RO         4922    i.__scatterload_zeroinit  mc_w.l(handlers.o)
    0x080046ba   0x00000002   PAD
    0x080046bc   0x00000410   Code   RO         4784    i._printf_core      mc_w.l(printf8.o)
    0x08004acc   0x00000024   Code   RO         4785    i._printf_post_padding  mc_w.l(printf8.o)
    0x08004af0   0x0000002e   Code   RO         4786    i._printf_pre_padding  mc_w.l(printf8.o)
    0x08004b1e   0x00000002   PAD
    0x08004b20   0x00000098   Code   RO          940    i.bmp180_main       bmp180.o
    0x08004bb8   0x00000076   Code   RO         1269    i.btLeCrc           nrf24l01.o
    0x08004c2e   0x0000005a   Code   RO         1270    i.btLePacketEncode  nrf24l01.o
    0x08004c88   0x00000034   Code   RO         1271    i.btLeWhiten        nrf24l01.o
    0x08004cbc   0x00000010   Code   RO         1272    i.btLeWhitenStart   nrf24l01.o
    0x08004ccc   0x000000fc   Code   RO          463    i.cmd_boot          shell.o
    0x08004dc8   0x0000007c   Code   RO          464    i.cmd_cksum         shell.o
    0x08004e44   0x00000190   Code   RO          465    i.cmd_dumpb         shell.o
    0x08004fd4   0x000000b8   Code   RO          466    i.cmd_dumpw         shell.o
    0x0800508c   0x000000b4   Code   RO          467    i.cmd_exec          shell.o
    0x08005140   0x00000074   Code   RO          468    i.cmd_find          shell.o
    0x080051b4   0x000000a8   Code   RO          469    i.cmd_fmcpy         shell.o
    0x0800525c   0x00000100   Code   RO          470    i.cmd_fmset         shell.o
    0x0800535c   0x00000190   Code   RO          471    i.cmd_gpio          shell.o
    0x080054ec   0x00000048   Code   RO          472    i.cmd_help          shell.o
    0x08005534   0x00000098   Code   RO          473    i.cmd_nrf24         shell.o
    0x080055cc   0x00000058   Code   RO          474    i.cmd_read          shell.o
    0x08005624   0x00000018   Code   RO          475    i.cmd_systest       shell.o
    0x0800563c   0x00000060   Code   RO          476    i.cmd_write         shell.o
    0x0800569c   0x00000012   Code   RO          477    i.cook              shell.o
    0x080056ae   0x00000002   PAD
    0x080056b0   0x000000a4   Code   RO          731    i.dht11_main        dht11.o
    0x08005754   0x00000050   Code   RO          797    i.ds18b20_main      ds18b20.o
    0x080057a4   0x000000a0   Code   RO            4    i.enter_subsystem   main.o
    0x08005844   0x00000528   Code   RO          638    i.flash_write       flash.o
    0x08005d6c   0x0000004c   Code   RO            5    i.fputc             main.o
    0x08005db8   0x00000030   Code   RO          478    i.get_cmd_index     shell.o
    0x08005de8   0x00000030   Code   RO         1378    i.get_cmd_index     systest.o
    0x08005e18   0x0000004c   Code   RO            6    i.get_sysconfig     main.o
    0x08005e64   0x00000038   Code   RO         1067    i.get_systick       systick.o
    0x08005e9c   0x0000000c   Code   RO          673    i.get_time          timer.o
    0x08005ea8   0x0000003c   Code   RO          479    i.gi_get            shell.o
    0x08005ee4   0x000000b0   Code   RO          276    i.gpio_init         gpio.o
    0x08005f94   0x0000008c   Code   RO          277    i.gpio_read         gpio.o
    0x08006020   0x000000ac   Code   RO          278    i.gpio_write        gpio.o
    0x080060cc   0x00000120   Code   RO         1134    i.gt911_main        gt911.o
    0x080061ec   0x000000a4   Code   RO         1135    i.gt911_read_reg    gt911.o
    0x08006290   0x000000b8   Code   RO          892    i.hcsr04            hcsr04.o
    0x08006348   0x0000000e   Code   RO          893    i.hcsr04_main       hcsr04.o
    0x08006356   0x00000002   PAD
    0x08006358   0x00000444   Code   RO            7    i.main              main.o
    0x0800679c   0x0000003c   Code   RO          674    i.mdelay            timer.o
    0x080067d8   0x00000230   Code   RO         1273    i.nrf24l01_ble_broadcast  nrf24l01.o
    0x08006a08   0x0000006c   Code   RO          480    i.parse_cmd         shell.o
    0x08006a74   0x00000044   Code   RO            8    i.print_chipid      main.o
    0x08006ab8   0x00000108   Code   RO          481    i.shell             shell.o
    0x08006bc0   0x00000048   Code   RO         1379    i.sub_cmd_help      systest.o
    0x08006c08   0x00000056   Code   RO         1274    i.swapbits          nrf24l01.o
    0x08006c5e   0x00000002   PAD
    0x08006c60   0x00000068   Code   RO         1380    i.systest           systest.o
    0x08006cc8   0x000001a0   Code   RO         1483    i.test_gpio_all     test_gpio.o
    0x08006e68   0x00000020   Code   RO          675    i.timer_init        timer.o
    0x08006e88   0x00000008   Code   RO          348    i.uart_init         uart.o
    0x08006e90   0x00000014   Code   RO          350    i.uart_puts         uart.o
    0x08006ea4   0x00000088   Code   RO         1068    i.udelay            systick.o
    0x08006f2c   0x0000007c   Code   RO            9    i.usb_vcom_handler  main.o
    0x08006fa8   0x0000000c   Code   RO          429    i.watchdog_reset    watchdog.o
    0x08006fb4   0x00000071   Data   RO          186    .constdata          int.o
    0x08007025   0x00000009   Data   RO          483    .constdata          shell.o
    0x0800702e   0x0000000c   Data   RO          640    .constdata          flash.o
    0x0800703a   0x00000043   Data   RO          942    .constdata          bmp180.o
    0x0800707d   0x0000000d   Data   RO         1069    .constdata          systick.o
    0x0800708a   0x00000018   Data   RO         1137    .constdata          gt911.o
    0x080070a2   0x00000006   Data   RO         1276    .constdata          nrf24l01.o
    0x080070a8   0x0000000e   Data   RO         1484    .constdata          test_gpio.o
    0x080070b6   0x00000097   Data   RO         2378    .constdata          usb_desc.o
    0x0800714d   0x00000081   Data   RO         4865    .constdata          mc_w.l(ctype_o.o)
    0x080071ce   0x00000002   PAD
    0x080071d0   0x00000004   Data   RO         4866    .constdata          mc_w.l(ctype_o.o)
    0x080071d4   0x0000035e   Data   RO          484    .conststring        shell.o
    0x08007532   0x00000002   PAD
    0x08007534   0x00000001   Data   RO         1381    .conststring        systest.o
    0x08007535   0x00000003   PAD
    0x08007538   0x00000020   Data   RO         4918    Region$$Table       anon$$obj.o


    Execution Region RW_IRAM1 (Base: 0x20000000, Size: 0x00001c70, Max: 0x00005000, ABSOLUTE, COMPRESSED[0x0000030c])

    Base Addr    Size         Type   Attr      Idx    E Section Name        Object

    0x20000000   0x0000007c   Data   RW           11    .data               main.o
    0x2000007c   0x00000004   Data   RW          313    .data               log.o
    0x20000080   0x00000010   Data   RW          352    .data               uart.o
    0x20000090   0x00000470   Data   RW          485    .data               shell.o
    0x20000500   0x00000008   Data   RW          676    .data               timer.o
    0x20000508   0x00000004   Data   RW          732    .data               dht11.o
    0x2000050c   0x0000000c   Data   RW          798    .data               ds18b20.o
    0x20000518   0x00000028   Data   RW          943    .data               bmp180.o
    0x20000540   0x0000000c   Data   RW         1070    .data               systick.o
    0x2000054c   0x0000000b   Data   RW         1277    .data               nrf24l01.o
    0x20000557   0x00000001   PAD
    0x20000558   0x0000000c   Data   RW         1382    .data               systest.o
    0x20000564   0x00000003   Data   RW         1577    .data               usb_core.o
    0x20000567   0x00000001   PAD
    0x20000568   0x00000014   Data   RW         1721    .data               usb_init.o
    0x2000057c   0x00000004   Data   RW         1756    .data               usb_int.o
    0x20000580   0x0000000c   Data   RW         2248    .data               hw_config.o
    0x2000058c   0x00000026   Data   RW         2379    .data               usb_desc.o
    0x200005b2   0x00000002   PAD
    0x200005b4   0x00000008   Data   RW         2422    .data               usb_endp.o
    0x200005bc   0x00000044   Data   RW         2465    .data               usb_istr.o
    0x20000600   0x00000094   Data   RW         2544    .data               usb_prop.o
    0x20000694   0x0000000c   Data   RW         2649    .data               usb_pwr.o
    0x200006a0   0x00000014   Data   RW         3375    .data               stm32f10x_rcc.o
    0x200006b4   0x00000014   Data   RW         4360    .data               system_stm32f10x.o
    0x200006c8   0x00000004   Data   RW         4857    .data               mc_w.l(stdout.o)
    0x200006cc   0x00000004   Data   RW         4895    .data               mc_w.l(errno.o)
    0x200006d0   0x00000100   Zero   RW           10    .bss                main.o
    0x200007d0   0x00000100   Zero   RW          351    .bss                uart.o
    0x200008d0   0x00000080   Zero   RW          482    .bss                shell.o
    0x20000950   0x00000400   Zero   RW          639    .bss                flash.o
    0x20000d50   0x00000012   Zero   RW         1220    .bss                spi.o
    0x20000d62   0x00000020   Zero   RW         1275    .bss                nrf24l01.o
    0x20000d82   0x00000002   PAD
    0x20000d84   0x0000001c   Zero   RW         1720    .bss                usb_init.o
    0x20000da0   0x00000a30   Zero   RW         2247    .bss                hw_config.o
    0x200017d0   0x00000080   Zero   RW         2421    .bss                usb_endp.o
    0x20001850   0x00000020   Zero   RW         2648    .bss                usb_pwr.o
    0x20001870   0x00000400   Zero   RW         4346    STACK               startup_stm32f10x_md.o


==============================================================================

Image component sizes


      Code (inc. data)   RO Data    RW Data    ZI Data      Debug   Object Name

      1992        422         67         40          0      10799   bmp180.o
        64         26          0          0          0        639   common.o
       548        106          0          4          0       4411   dht11.o
       834        140          0         12          0       7290   ds18b20.o
      1320        336         12          0       1024       2574   flash.o
       488        146          0          0          0       1961   gpio.o
      1092        170         24          0          0       6362   gt911.o
       198         26          0          0          0       1187   hcsr04.o
       454         70          0         12       2608      11762   hw_config.o
      1136        484        113          0          0       4592   int.o
         0          0          0          4          0        244   log.o
      1596        692          0        124        256     274785   main.o
       132         22          0          0          0       1691   misc.o
      1498         80          6         11         32       9157   nrf24l01.o
       132          0          0          0          0       2808   queue.o
      3010        850        871       1136        128      41323   shell.o
       244         24          0          0         18       1869   spi.o
        92         34        236          0       1024        852   startup_stm32f10x_md.o
       160         12          0          0          0       1649   stm32f10x_exti.o
       330         38          0          0          0       5644   stm32f10x_flash.o
       304          0          0          0          0       3852   stm32f10x_gpio.o
        68         30          0          0          0       2642   stm32f10x_iwdg.o
       288         38          0         20          0       5157   stm32f10x_rcc.o
       112          0          0          0          0       4062   stm32f10x_spi.o
       252         42          0          0          0       4370   stm32f10x_tim.o
       358          6          0          0          0       5641   stm32f10x_usart.o
       328         28          0         20          0       2345   system_stm32f10x.o
       224         60          1         12          0       2251   systest.o
       384         82         13         12          0      27809   systick.o
       416        122         14          0          0        884   test_gpio.o
       334         26          0          8          0       3413   timer.o
       720        188          0         16        256       4618   uart.o
      3058        288          0          3          0      17051   usb_core.o
         0          0        151         38          0       3839   usb_desc.o
       212         34          0          8        128       2292   usb_endp.o
        60         24          0         20         28       4010   usb_init.o
       648         32          0          4          0       1672   usb_int.o
       464         38          0         68          0       1615   usb_istr.o
        20          0          0          0          0        948   usb_it.o
        96         10          0          0          0       1676   usb_mem.o
       628        102          0        148          0      11501   usb_prop.o
       568         60          0         12         32       3788   usb_pwr.o
       712        100          0          0          0       9295   usb_regs.o
        82          8          0          0          0       1362   usb_sil.o
        48          0          0          0          0       1007   watchdog.o

    ----------------------------------------------------------------------
     25732       4996       1545       1736       5536     518699   Object Totals
         0          0         32          0          0          0   (incl. Generated)
        28          0          5          4          2          0   (incl. Padding)

    ----------------------------------------------------------------------

      Code (inc. data)   RO Data    RW Data    ZI Data      Debug   Library Member Name

        94          0          0          0          0          0   __dclz77c.o
        28          0          0          0          0         68   _chval.o
       158          0          0          0          0         92   _strtoul.o
         8          4        133          0          0         68   ctype_o.o
         0          0          0          0          0          0   entry.o
         0          0          0          0          0          0   entry10a.o
         0          0          0          0          0          0   entry11a.o
         8          4          0          0          0          0   entry2.o
         4          0          0          0          0          0   entry5.o
         0          0          0          0          0          0   entry7b.o
         0          0          0          0          0          0   entry8b.o
         8          4          0          0          0          0   entry9a.o
         8          4          0          4          0         68   errno.o
        30          0          0          0          0          0   handlers.o
        36          8          0          0          0         68   init.o
         0          0          0          0          0          0   iusefp.o
        30          0          0          0          0         68   llshl.o
        32          0          0          0          0         68   llushr.o
        36          0          0          0          0        108   memseta.o
      1154         54          0          0          0        352   printf8.o
         0          0          0          4          0          0   stdout.o
        28          0          0          0          0         76   strcmp.o
        14          0          0          0          0         68   strlen.o
       114          0          0          0          0         92   strtoul.o
        98          0          0          0          0         92   uldiv.o
       222          0          0          0          0        100   ddiv.o
       186          0          0          0          0        176   depilogue.o
        62          0          0          0          0         80   dfixi.o
        34          0          0          0          0         76   dflti.o
       228          0          0          0          0         96   dmul.o

    ----------------------------------------------------------------------
      2628         78        135          8          0       1816   Library Totals
         8          0          2          0          0          0   (incl. Padding)

    ----------------------------------------------------------------------

      Code (inc. data)   RO Data    RW Data    ZI Data      Debug   Library Name

      1888         78        133          8          0       1288   mc_w.l
       732          0          0          0          0        528   mf_w.l

    ----------------------------------------------------------------------
      2628         78        135          8          0       1816   Library Totals

    ----------------------------------------------------------------------

==============================================================================


      Code (inc. data)   RO Data    RW Data    ZI Data      Debug   

     28360       5074       1680       1744       5536     507071   Grand Totals
     28360       5074       1680        780       5536     507071   ELF Image Totals (compressed)
     28360       5074       1680        780          0          0   ROM Totals

==============================================================================

    Total RO  Size (Code + RO Data)                30040 (  29.34kB)
    Total RW  Size (RW Data + ZI Data)              7280 (   7.11kB)
    Total ROM Size (Code + RO Data + RW Data)      30820 (  30.10kB)

==============================================================================

